../Core/Src/fsmc_nand.c:90:13:nand_gpio_init	32	static
../Core/Src/fsmc_nand.c:157:13:nand_fsmc_init	48	static
../Core/Src/fsmc_nand.c:207:13:nand_print_fsmc_info	8	static
../Core/Src/fsmc_nand.c:233:13:nand_reset	4	static
../Core/Src/fsmc_nand.c:238:12:nand_init	24	static
../Core/Src/fsmc_nand.c:253:13:nand_uninit	4	static
../Core/Src/fsmc_nand.c:258:17:nand_read_status	16	static
../Core/Src/fsmc_nand.c:275:17:nand_get_status	16	static
../Core/Src/fsmc_nand.c:295:13:nand_read_id	24	static
../Core/Src/fsmc_nand.c:315:13:nand_write_page_async	32	static
../Core/Src/fsmc_nand.c:377:17:nand_read_data	32	static
../Core/Src/fsmc_nand.c:440:17:nand_read_page	24	static
../Core/Src/fsmc_nand.c:446:17:nand_read_spare_data	32	static
../Core/Src/fsmc_nand.c:509:17:nand_erase_block	16	static
../Core/Src/fsmc_nand.c:544:20:nand_is_bb_supported	4	static
../Core/Src/fsmc_nand.c:550:17:nand_enable_hw_ecc	24	static
