../Core/Src/nand_programmer.c:307:12:np_send_ok_status	16	static
../Core/Src/nand_programmer.c:318:12:np_send_error	32	static
../Core/Src/nand_programmer.c:331:12:np_send_bad_block_info	48	static
../Core/Src/nand_programmer.c:350:12:np_send_progress	32	static
../Core/Src/nand_programmer.c:366:12:_np_cmd_nand_read_id	56	static
../Core/Src/nand_programmer.c:392:12:np_cmd_nand_read_id	24	static
../Core/Src/nand_programmer.c:404:12:np_read_bad_block_info_from_page	56	static
../Core/Src/nand_programmer.c:447:12:_np_cmd_read_bad_blocks	56	static
../Core/Src/nand_programmer.c:498:12:np_nand_erase	32	static
../Core/Src/nand_programmer.c:528:12:_np_cmd_nand_erase	208	static
../Core/Src/nand_programmer.c:638:12:np_cmd_nand_erase	24	static
../Core/Src/nand_programmer.c:653:12:np_send_write_ack	32	static
../Core/Src/nand_programmer.c:666:12:np_cmd_nand_write_start	136	static
../Core/Src/nand_programmer.c:771:12:np_nand_handle_status	16	static
../Core/Src/nand_programmer.c:806:12:np_nand_write	24	static
../Core/Src/nand_programmer.c:833:12:np_cmd_nand_write_data	104	static
../Core/Src/nand_programmer.c:940:12:np_cmd_nand_write_end	16	static
../Core/Src/nand_programmer.c:958:12:np_cmd_nand_write	24	static
../Core/Src/nand_programmer.c:989:12:np_nand_read	32	static
../Core/Src/nand_programmer.c:1017:12:_np_cmd_nand_read	240	static
../Core/Src/nand_programmer.c:1161:12:np_cmd_nand_read	24	static
../Core/Src/nand_programmer.c:1173:13:np_fill_chip_info	16	static
../Core/Src/nand_programmer.c:1184:13:np_print_chip_info	16	static
../Core/Src/nand_programmer.c:1194:12:np_cmd_nand_conf	24	static
../Core/Src/nand_programmer.c:1229:12:np_send_bad_blocks	32	static
../Core/Src/nand_programmer.c:1249:5:np_cmd_read_bad_blocks	24	static
../Core/Src/nand_programmer.c:1265:5:np_cmd_version_get	32	static
../Core/Src/nand_programmer.c:1285:12:np_boot_config_read	16	static
../Core/Src/nand_programmer.c:1297:12:np_boot_config_write	16	static
../Core/Src/nand_programmer.c:1312:12:np_cmd_active_image_get	32	static
../Core/Src/nand_programmer.c:1338:12:np_cmd_fw_update_start	104	static
../Core/Src/nand_programmer.c:1404:12:np_cmd_fw_update_data	192	static
../Core/Src/nand_programmer.c:1498:12:np_cmd_fw_update_end	24	static
../Core/Src/nand_programmer.c:1524:12:np_cmd_fw_update	24	static
../Core/Src/nand_programmer.c:1571:13:np_cmd_is_valid	16	static
../Core/Src/nand_programmer.c:1577:12:np_cmd_handler	24	static
../Core/Src/nand_programmer.c:1605:13:np_packet_handler	24	static
../Core/Src/nand_programmer.c:1626:13:np_nand_handler	16	static
../Core/Src/nand_programmer.c:1636:6:np_init	4	static
../Core/Src/nand_programmer.c:1642:6:np_handler	8	static
../Core/Src/nand_programmer.c:1649:5:np_comm_register	16	static
../Core/Src/nand_programmer.c:1657:6:np_comm_unregister	16	static
