../Core/Src/spi_nand.c:101:13:spi_flash_gpio_init	48	static
../Core/Src/spi_nand.c:142:13:spi_flash_gpio_uninit	16	static
../Core/Src/spi_nand.c:169:20:spi_flash_select_chip	8	static
../Core/Src/spi_nand.c:175:20:spi_flash_deselect_chip	8	static
../Core/Src/spi_nand.c:181:17:spi_flash_get_baud_rate_prescaler	24	static
../Core/Src/spi_nand.c:203:12:spi_flash_init	24	static
../Core/Src/spi_nand.c:236:13:spi_flash_uninit	8	static
../Core/Src/spi_nand.c:244:16:spi_flash_send_byte	24	static
../Core/Src/spi_nand.c:253:23:spi_flash_read_byte	8	static
../Core/Src/spi_nand.c:258:13:spi_flash_set_feature	16	static
../Core/Src/spi_nand.c:267:13:spi_flash_get_feature	16	static
../Core/Src/spi_nand.c:276:17:spi_flash_read_status	16	static
../Core/Src/spi_nand.c:310:13:spi_flash_select_die_cmd	24	static
../Core/Src/spi_nand.c:337:13:spi_flash_select_die	24	static
../Core/Src/spi_nand.c:353:13:spi_flash_read_id	16	static
../Core/Src/spi_nand.c:371:13:spi_flash_chip_init	8	static
../Core/Src/spi_nand.c:388:13:spi_flash_write_enable	8	static
../Core/Src/spi_nand.c:396:13:spi_flash_program_load	32	static
../Core/Src/spi_nand.c:422:13:spi_flash_write_page_async	24	static
../Core/Src/spi_nand.c:443:17:spi_flash_load_page_into_cache	16	static
../Core/Src/spi_nand.c:459:17:spi_flash_read_page	48	static
../Core/Src/spi_nand.c:492:17:spi_flash_read_spare_data	40	static
../Core/Src/spi_nand.c:535:17:spi_flash_erase_block	16	static
../Core/Src/spi_nand.c:556:20:spi_flash_is_bb_supported	4	static
