../Core/Src/spi_nor.c:76:13:spi_flash_gpio_init	48	static
../Core/Src/spi_nor.c:118:13:spi_flash_gpio_uninit	16	static
../Core/Src/spi_nor.c:145:20:spi_flash_select_chip	8	static
../Core/Src/spi_nor.c:150:20:spi_flash_deselect_chip	8	static
../Core/Src/spi_nor.c:155:17:spi_flash_get_baud_rate_prescaler	24	static
../Core/Src/spi_nor.c:178:12:spi_flash_init	72	static
../Core/Src/spi_nor.c:213:13:spi_flash_uninit	8	static
../Core/Src/spi_nor.c:222:16:spi_flash_send_byte	24	static
../Core/Src/spi_nor.c:231:23:spi_flash_read_byte	8	static
../Core/Src/spi_nor.c:236:17:spi_flash_read_status	16	static
../Core/Src/spi_nor.c:257:17:spi_flash_get_status	16	static
../Core/Src/spi_nor.c:276:13:spi_flash_read_id	16	static
../Core/Src/spi_nor.c:292:13:spi_flash_write_enable	8	static
../Core/Src/spi_nor.c:302:13:spi_flash_write_page_async	32	static
../Core/Src/spi_nor.c:324:17:spi_flash_read_data	40	static
../Core/Src/spi_nor.c:348:17:spi_flash_read_page	24	static
../Core/Src/spi_nor.c:354:17:spi_flash_read_spare_data	24	static
../Core/Src/spi_nor.c:360:17:spi_flash_erase_block	24	static
../Core/Src/spi_nor.c:379:20:spi_flash_is_bb_supported	4	static
