D:/CUBE_NANDO_HAL/CUBE_NANDO_HAL/CDC_Standalone/Drivers/BSP/STM324xG_EVAL/stm324xg_eval.c:507:13:I2Cx_Init	48	static
D:/CUBE_NANDO_HAL/CUBE_NANDO_HAL/CDC_Standalone/Drivers/BSP/STM324xG_EVAL/stm324xg_eval.c:584:13:I2Cx_Write	32	static
D:/CUBE_NANDO_HAL/CUBE_NANDO_HAL/CDC_Standalone/Drivers/BSP/STM324xG_EVAL/stm324xg_eval.c:561:16:I2Cx_Read	32	static
D:/CUBE_NANDO_HAL/CUBE_NANDO_HAL/CDC_Standalone/Drivers/BSP/STM324xG_EVAL/stm324xg_eval.c:191:10:BSP_GetVersion	0	static
D:/CUBE_NANDO_HAL/CUBE_NANDO_HAL/CDC_Standalone/Drivers/BSP/STM324xG_EVAL/stm324xg_eval.c:205:6:BSP_LED_Init	48	static
D:/CUBE_NANDO_HAL/CUBE_NANDO_HAL/CDC_Standalone/Drivers/BSP/STM324xG_EVAL/stm324xg_eval.c:230:6:BSP_LED_On	0	static
D:/CUBE_NANDO_HAL/CUBE_NANDO_HAL/CDC_Standalone/Drivers/BSP/STM324xG_EVAL/stm324xg_eval.c:244:6:BSP_LED_Off	0	static
D:/CUBE_NANDO_HAL/CUBE_NANDO_HAL/CDC_Standalone/Drivers/BSP/STM324xG_EVAL/stm324xg_eval.c:258:6:BSP_LED_Toggle	0	static
D:/CUBE_NANDO_HAL/CUBE_NANDO_HAL/CDC_Standalone/Drivers/BSP/STM324xG_EVAL/stm324xg_eval.c:281:6:BSP_PB_Init	56	static
D:/CUBE_NANDO_HAL/CUBE_NANDO_HAL/CDC_Standalone/Drivers/BSP/STM324xG_EVAL/stm324xg_eval.c:337:10:BSP_PB_GetState	8	static
D:/CUBE_NANDO_HAL/CUBE_NANDO_HAL/CDC_Standalone/Drivers/BSP/STM324xG_EVAL/stm324xg_eval.c:351:6:BSP_COM_Init	56	static
D:/CUBE_NANDO_HAL/CUBE_NANDO_HAL/CDC_Standalone/Drivers/BSP/STM324xG_EVAL/stm324xg_eval.c:390:9:BSP_JOY_Init	16	static
D:/CUBE_NANDO_HAL/CUBE_NANDO_HAL/CDC_Standalone/Drivers/BSP/STM324xG_EVAL/stm324xg_eval.c:418:18:BSP_JOY_GetState	8	static
D:/CUBE_NANDO_HAL/CUBE_NANDO_HAL/CDC_Standalone/Drivers/BSP/STM324xG_EVAL/stm324xg_eval.c:798:6:IOE_Init	0	static
D:/CUBE_NANDO_HAL/CUBE_NANDO_HAL/CDC_Standalone/Drivers/BSP/STM324xG_EVAL/stm324xg_eval.c:806:6:IOE_ITConfig	40	static
D:/CUBE_NANDO_HAL/CUBE_NANDO_HAL/CDC_Standalone/Drivers/BSP/STM324xG_EVAL/stm324xg_eval.c:817:6:IOE_Write	0	static
D:/CUBE_NANDO_HAL/CUBE_NANDO_HAL/CDC_Standalone/Drivers/BSP/STM324xG_EVAL/stm324xg_eval.c:828:9:IOE_Read	0	static
D:/CUBE_NANDO_HAL/CUBE_NANDO_HAL/CDC_Standalone/Drivers/BSP/STM324xG_EVAL/stm324xg_eval.c:841:10:IOE_ReadMultiple	24	static
D:/CUBE_NANDO_HAL/CUBE_NANDO_HAL/CDC_Standalone/Drivers/BSP/STM324xG_EVAL/stm324xg_eval.c:850:6:IOE_Delay	0	static
D:/CUBE_NANDO_HAL/CUBE_NANDO_HAL/CDC_Standalone/Drivers/BSP/STM324xG_EVAL/stm324xg_eval.c:860:6:LCD_IO_Init	160	static
D:/CUBE_NANDO_HAL/CUBE_NANDO_HAL/CDC_Standalone/Drivers/BSP/STM324xG_EVAL/stm324xg_eval.c:873:6:LCD_IO_WriteData	0	static
D:/CUBE_NANDO_HAL/CUBE_NANDO_HAL/CDC_Standalone/Drivers/BSP/STM324xG_EVAL/stm324xg_eval.c:884:6:LCD_IO_WriteMultipleData	8	static
D:/CUBE_NANDO_HAL/CUBE_NANDO_HAL/CDC_Standalone/Drivers/BSP/STM324xG_EVAL/stm324xg_eval.c:901:6:LCD_IO_WriteReg	0	static
D:/CUBE_NANDO_HAL/CUBE_NANDO_HAL/CDC_Standalone/Drivers/BSP/STM324xG_EVAL/stm324xg_eval.c:912:10:LCD_IO_ReadData	0	static
D:/CUBE_NANDO_HAL/CUBE_NANDO_HAL/CDC_Standalone/Drivers/BSP/STM324xG_EVAL/stm324xg_eval.c:924:6:AUDIO_IO_Init	0	static
D:/CUBE_NANDO_HAL/CUBE_NANDO_HAL/CDC_Standalone/Drivers/BSP/STM324xG_EVAL/stm324xg_eval.c:933:6:AUDIO_IO_DeInit	0	static
D:/CUBE_NANDO_HAL/CUBE_NANDO_HAL/CDC_Standalone/Drivers/BSP/STM324xG_EVAL/stm324xg_eval.c:944:6:AUDIO_IO_Write	0	static
D:/CUBE_NANDO_HAL/CUBE_NANDO_HAL/CDC_Standalone/Drivers/BSP/STM324xG_EVAL/stm324xg_eval.c:955:9:AUDIO_IO_Read	0	static
D:/CUBE_NANDO_HAL/CUBE_NANDO_HAL/CDC_Standalone/Drivers/BSP/STM324xG_EVAL/stm324xg_eval.c:965:6:CAMERA_IO_Init	0	static
D:/CUBE_NANDO_HAL/CUBE_NANDO_HAL/CDC_Standalone/Drivers/BSP/STM324xG_EVAL/stm324xg_eval.c:976:6:CAMERA_IO_Write	0	static
D:/CUBE_NANDO_HAL/CUBE_NANDO_HAL/CDC_Standalone/Drivers/BSP/STM324xG_EVAL/stm324xg_eval.c:987:9:CAMERA_IO_Read	0	static
D:/CUBE_NANDO_HAL/CUBE_NANDO_HAL/CDC_Standalone/Drivers/BSP/STM324xG_EVAL/stm324xg_eval.c:996:6:CAMERA_Delay	0	static
D:/CUBE_NANDO_HAL/CUBE_NANDO_HAL/CDC_Standalone/Drivers/BSP/STM324xG_EVAL/stm324xg_eval.c:1006:6:EEPROM_IO_Init	0	static
D:/CUBE_NANDO_HAL/CUBE_NANDO_HAL/CDC_Standalone/Drivers/BSP/STM324xG_EVAL/stm324xg_eval.c:1019:19:EEPROM_IO_WriteData	24	static
D:/CUBE_NANDO_HAL/CUBE_NANDO_HAL/CDC_Standalone/Drivers/BSP/STM324xG_EVAL/stm324xg_eval.c:1032:19:EEPROM_IO_ReadData	24	static
D:/CUBE_NANDO_HAL/CUBE_NANDO_HAL/CDC_Standalone/Drivers/BSP/STM324xG_EVAL/stm324xg_eval.c:1044:19:EEPROM_IO_IsDeviceReady	0	static
