Archive member included to satisfy reference by file (symbol)

C:/ST/STM32CubeIDE_1.13.2/STM32CubeIDE/plugins/com.st.stm32cube.ide.mcu.externaltools.gnu-tools-for-stm32.11.3.rel1.win32_1.1.1.202309131626/tools/bin/../lib/gcc/arm-none-eabi/11.3.1/../../../../arm-none-eabi/lib/thumb/v7e-m+fp/hard\libc_nano.a(libc_a-exit.o)
                              C:/ST/STM32CubeIDE_1.13.2/STM32CubeIDE/plugins/com.st.stm32cube.ide.mcu.externaltools.gnu-tools-for-stm32.11.3.rel1.win32_1.1.1.202309131626/tools/bin/../lib/gcc/arm-none-eabi/11.3.1/../../../../arm-none-eabi/lib/thumb/v7e-m+fp/hard/crt0.o (exit)
C:/ST/STM32CubeIDE_1.13.2/STM32CubeIDE/plugins/com.st.stm32cube.ide.mcu.externaltools.gnu-tools-for-stm32.11.3.rel1.win32_1.1.1.202309131626/tools/bin/../lib/gcc/arm-none-eabi/11.3.1/../../../../arm-none-eabi/lib/thumb/v7e-m+fp/hard\libc_nano.a(libc_a-findfp.o)
                              C:/ST/STM32CubeIDE_1.13.2/STM32CubeIDE/plugins/com.st.stm32cube.ide.mcu.externaltools.gnu-tools-for-stm32.11.3.rel1.win32_1.1.1.202309131626/tools/bin/../lib/gcc/arm-none-eabi/11.3.1/../../../../arm-none-eabi/lib/thumb/v7e-m+fp/hard\libc_nano.a(libc_a-exit.o) (__stdio_exit_handler)
C:/ST/STM32CubeIDE_1.13.2/STM32CubeIDE/plugins/com.st.stm32cube.ide.mcu.externaltools.gnu-tools-for-stm32.11.3.rel1.win32_1.1.1.202309131626/tools/bin/../lib/gcc/arm-none-eabi/11.3.1/../../../../arm-none-eabi/lib/thumb/v7e-m+fp/hard\libc_nano.a(libc_a-fwalk.o)
                              C:/ST/STM32CubeIDE_1.13.2/STM32CubeIDE/plugins/com.st.stm32cube.ide.mcu.externaltools.gnu-tools-for-stm32.11.3.rel1.win32_1.1.1.202309131626/tools/bin/../lib/gcc/arm-none-eabi/11.3.1/../../../../arm-none-eabi/lib/thumb/v7e-m+fp/hard\libc_nano.a(libc_a-findfp.o) (_fwalk_sglue)
C:/ST/STM32CubeIDE_1.13.2/STM32CubeIDE/plugins/com.st.stm32cube.ide.mcu.externaltools.gnu-tools-for-stm32.11.3.rel1.win32_1.1.1.202309131626/tools/bin/../lib/gcc/arm-none-eabi/11.3.1/../../../../arm-none-eabi/lib/thumb/v7e-m+fp/hard\libc_nano.a(libc_a-printf.o)
                              ./Core/Src/fsmc_nand.o (printf)
C:/ST/STM32CubeIDE_1.13.2/STM32CubeIDE/plugins/com.st.stm32cube.ide.mcu.externaltools.gnu-tools-for-stm32.11.3.rel1.win32_1.1.1.202309131626/tools/bin/../lib/gcc/arm-none-eabi/11.3.1/../../../../arm-none-eabi/lib/thumb/v7e-m+fp/hard\libc_nano.a(libc_a-puts.o)
                              ./Core/Src/cdc.o (puts)
C:/ST/STM32CubeIDE_1.13.2/STM32CubeIDE/plugins/com.st.stm32cube.ide.mcu.externaltools.gnu-tools-for-stm32.11.3.rel1.win32_1.1.1.202309131626/tools/bin/../lib/gcc/arm-none-eabi/11.3.1/../../../../arm-none-eabi/lib/thumb/v7e-m+fp/hard\libc_nano.a(libc_a-stdio.o)
                              C:/ST/STM32CubeIDE_1.13.2/STM32CubeIDE/plugins/com.st.stm32cube.ide.mcu.externaltools.gnu-tools-for-stm32.11.3.rel1.win32_1.1.1.202309131626/tools/bin/../lib/gcc/arm-none-eabi/11.3.1/../../../../arm-none-eabi/lib/thumb/v7e-m+fp/hard\libc_nano.a(libc_a-findfp.o) (__sread)
C:/ST/STM32CubeIDE_1.13.2/STM32CubeIDE/plugins/com.st.stm32cube.ide.mcu.externaltools.gnu-tools-for-stm32.11.3.rel1.win32_1.1.1.202309131626/tools/bin/../lib/gcc/arm-none-eabi/11.3.1/../../../../arm-none-eabi/lib/thumb/v7e-m+fp/hard\libc_nano.a(libc_a-wbuf.o)
                              C:/ST/STM32CubeIDE_1.13.2/STM32CubeIDE/plugins/com.st.stm32cube.ide.mcu.externaltools.gnu-tools-for-stm32.11.3.rel1.win32_1.1.1.202309131626/tools/bin/../lib/gcc/arm-none-eabi/11.3.1/../../../../arm-none-eabi/lib/thumb/v7e-m+fp/hard\libc_nano.a(libc_a-puts.o) (__swbuf_r)
C:/ST/STM32CubeIDE_1.13.2/STM32CubeIDE/plugins/com.st.stm32cube.ide.mcu.externaltools.gnu-tools-for-stm32.11.3.rel1.win32_1.1.1.202309131626/tools/bin/../lib/gcc/arm-none-eabi/11.3.1/../../../../arm-none-eabi/lib/thumb/v7e-m+fp/hard\libc_nano.a(libc_a-wsetup.o)
                              C:/ST/STM32CubeIDE_1.13.2/STM32CubeIDE/plugins/com.st.stm32cube.ide.mcu.externaltools.gnu-tools-for-stm32.11.3.rel1.win32_1.1.1.202309131626/tools/bin/../lib/gcc/arm-none-eabi/11.3.1/../../../../arm-none-eabi/lib/thumb/v7e-m+fp/hard\libc_nano.a(libc_a-puts.o) (__swsetup_r)
C:/ST/STM32CubeIDE_1.13.2/STM32CubeIDE/plugins/com.st.stm32cube.ide.mcu.externaltools.gnu-tools-for-stm32.11.3.rel1.win32_1.1.1.202309131626/tools/bin/../lib/gcc/arm-none-eabi/11.3.1/../../../../arm-none-eabi/lib/thumb/v7e-m+fp/hard\libc_nano.a(libc_a-memset.o)
                              C:/ST/STM32CubeIDE_1.13.2/STM32CubeIDE/plugins/com.st.stm32cube.ide.mcu.externaltools.gnu-tools-for-stm32.11.3.rel1.win32_1.1.1.202309131626/tools/bin/../lib/gcc/arm-none-eabi/11.3.1/../../../../arm-none-eabi/lib/thumb/v7e-m+fp/hard/crt0.o (memset)
C:/ST/STM32CubeIDE_1.13.2/STM32CubeIDE/plugins/com.st.stm32cube.ide.mcu.externaltools.gnu-tools-for-stm32.11.3.rel1.win32_1.1.1.202309131626/tools/bin/../lib/gcc/arm-none-eabi/11.3.1/../../../../arm-none-eabi/lib/thumb/v7e-m+fp/hard\libc_nano.a(libc_a-closer.o)
[...]
Memory Configuration

Name             Origin             Length             Attributes
CCMRAM           0x0000000010000000 0x0000000000010000 xrw
RAM              0x0000000020000000 0x000000000000c000 xrw
FLASH            0x0000000008022000 0x000000000001e000 xr
*default*        0x0000000000000000 0xffffffffffffffff

Linker script and memory map

LOAD C:/ST/STM32CubeIDE_1.13.2/STM32CubeIDE/plugins/com.st.stm32cube.ide.mcu.externaltools.gnu-tools-for-stm32.11.3.rel1.win32_1.1.1.202309131626/tools/bin/../lib/gcc/arm-none-eabi/11.3.1/thumb/v7e-m+fp/hard/crti.o
LOAD C:/ST/STM32CubeIDE_1.13.2/STM32CubeIDE/plugins/com.st.stm32cube.ide.mcu.externaltools.gnu-tools-for-stm32.11.3.rel1.win32_1.1.1.202309131626/tools/bin/../lib/gcc/arm-none-eabi/11.3.1/thumb/v7e-m+fp/hard/crtbegin.o
LOAD C:/ST/STM32CubeIDE_1.13.2/STM32CubeIDE/plugins/com.st.stm32cube.ide.mcu.externaltools.gnu-tools-for-stm32.11.3.rel1.win32_1.1.1.202309131626/tools/bin/../lib/gcc/arm-none-eabi/11.3.1/../../../../arm-none-eabi/lib/thumb/v7e-m+fp/hard/crt0.o
LOAD ./Core/Src/cdc.o
LOAD ./Core/Src/cdc_endp.o
LOAD ./Core/Src/cdc_hwcfg.o
LOAD ./Core/Src/clock.o
LOAD ./Core/Src/flash.o
LOAD ./Core/Src/fsmc.o
LOAD ./Core/Src/fsmc_nand.o
LOAD ./Core/Src/gpio.o
LOAD ./Core/Src/jtag.o
LOAD ./Core/Src/led.o
LOAD ./Core/Src/main.o
LOAD ./Core/Src/nand_bad_block.o
LOAD ./Core/Src/nand_programmer.o
LOAD ./Core/Src/rtc.o
LOAD ./Core/Src/spi.o
LOAD ./Core/Src/spi_nand_flash.o
LOAD ./Core/Src/spi_nor_flash.o
LOAD ./Core/Src/stm32f4xx_hal_msp.o
LOAD ./Core/Src/stm32f4xx_it.o
LOAD ./Core/Src/syscalls.o
LOAD ./Core/Src/sysmem.o
LOAD ./Core/Src/system_stm32f4xx.o
LOAD ./Core/Src/usart.o
LOAD ./Core/Startup/startup_stm32f407vetx.o
LOAD ./Drivers/STM32F4xx_HAL_Driver/Src/stm32f4xx_hal.o
LOAD ./Drivers/STM32F4xx_HAL_Driver/Src/stm32f4xx_hal_cortex.o
LOAD ./Drivers/STM32F4xx_HAL_Driver/Src/stm32f4xx_hal_dma.o
LOAD ./Drivers/STM32F4xx_HAL_Driver/Src/stm32f4xx_hal_dma_ex.o
LOAD ./Drivers/STM32F4xx_HAL_Driver/Src/stm32f4xx_hal_exti.o
LOAD ./Drivers/STM32F4xx_HAL_Driver/Src/stm32f4xx_hal_flash.o
LOAD ./Drivers/STM32F4xx_HAL_Driver/Src/stm32f4xx_hal_flash_ex.o
LOAD ./Drivers/STM32F4xx_HAL_Driver/Src/stm32f4xx_hal_flash_ramfunc.o
LOAD ./Drivers/STM32F4xx_HAL_Driver/Src/stm32f4xx_hal_gpio.o
LOAD ./Drivers/STM32F4xx_HAL_Driver/Src/stm32f4xx_hal_nand.o
LOAD ./Drivers/STM32F4xx_HAL_Driver/Src/stm32f4xx_hal_pcd.o
LOAD ./Drivers/STM32F4xx_HAL_Driver/Src/stm32f4xx_hal_pcd_ex.o
LOAD ./Drivers/STM32F4xx_HAL_Driver/Src/stm32f4xx_hal_pwr.o
LOAD ./Drivers/STM32F4xx_HAL_Driver/Src/stm32f4xx_hal_pwr_ex.o
LOAD ./Drivers/STM32F4xx_HAL_Driver/Src/stm32f4xx_hal_rcc.o
LOAD ./Drivers/STM32F4xx_HAL_Driver/Src/stm32f4xx_hal_rcc_ex.o
LOAD ./Drivers/STM32F4xx_HAL_Driver/Src/stm32f4xx_hal_rtc.o
LOAD ./Drivers/STM32F4xx_HAL_Driver/Src/stm32f4xx_hal_rtc_ex.o
LOAD ./Drivers/STM32F4xx_HAL_Driver/Src/stm32f4xx_hal_spi.o
LOAD ./Drivers/STM32F4xx_HAL_Driver/Src/stm32f4xx_hal_tim.o
LOAD ./Drivers/STM32F4xx_HAL_Driver/Src/stm32f4xx_hal_tim_ex.o
LOAD ./Drivers/STM32F4xx_HAL_Driver/Src/stm32f4xx_hal_uart.o
LOAD ./Drivers/STM32F4xx_HAL_Driver/Src/stm32f4xx_ll_fsmc.o
LOAD ./Drivers/STM32F4xx_HAL_Driver/Src/stm32f4xx_ll_usb.o
LOAD ./Middlewares/ST/STM32_USB_Device_Library/Class/CDC/Src/usbd_cdc.o
LOAD ./Middlewares/ST/STM32_USB_Device_Library/Core/Src/usbd_core.o
LOAD ./Middlewares/ST/STM32_USB_Device_Library/Core/Src/usbd_ctlreq.o
LOAD ./Middlewares/ST/STM32_USB_Device_Library/Core/Src/usbd_ioreq.o
LOAD ./USB_DEVICE/App/usb_device.o
LOAD ./USB_DEVICE/App/usbd_cdc_if.o
LOAD ./USB_DEVICE/App/usbd_desc.o
LOAD ./USB_DEVICE/Target/usbd_conf.o
START GROUP
LOAD C:/ST/STM32CubeIDE_1.13.2/STM32CubeIDE/plugins/com.st.stm32cube.ide.mcu.externaltools.gnu-tools-for-stm32.11.3.rel1.win32_1.1.1.202309131626/tools/bin/../lib/gcc/arm-none-eabi/11.3.1/../../../../arm-none-eabi/lib/thumb/v7e-m+fp/hard\libc_nano.a
LOAD C:/ST/STM32CubeIDE_1.13.2/STM32CubeIDE/plugins/com.st.stm32cube.ide.mcu.externaltools.gnu-tools-for-stm32.11.3.rel1.win32_1.1.1.202309131626/tools/bin/../lib/gcc/arm-none-eabi/11.3.1/../../../../arm-none-eabi/lib/thumb/v7e-m+fp/hard\libm.a
END GROUP
START GROUP
LOAD C:/ST/STM32CubeIDE_1.13.2/STM32CubeIDE/plugins/com.st.stm32cube.ide.mcu.externaltools.gnu-tools-for-stm32.11.3.rel1.win32_1.1.1.202309131626/tools/bin/../lib/gcc/arm-none-eabi/11.3.1/thumb/v7e-m+fp/hard\libgcc.a
LOAD C:/ST/STM32CubeIDE_1.13.2/STM32CubeIDE/plugins/com.st.stm32cube.ide.mcu.externaltools.gnu-tools-for-stm32.11.3.rel1.win32_1.1.1.202309131626/tools/bin/../lib/gcc/arm-none-eabi/11.3.1/../../../../arm-none-eabi/lib/thumb/v7e-m+fp/hard\libc_nano.a
END GROUP
START GROUP
LOAD C:/ST/STM32CubeIDE_1.13.2/STM32CubeIDE/plugins/com.st.stm32cube.ide.mcu.externaltools.gnu-tools-for-stm32.11.3.rel1.win32_1.1.1.202309131626/tools/bin/../lib/gcc/arm-none-eabi/11.3.1/thumb/v7e-m+fp/hard\libgcc.a
LOAD C:/ST/STM32CubeIDE_1.13.2/STM32CubeIDE/plugins/com.st.stm32cube.ide.mcu.externaltools.gnu-tools-for-stm32.11.3.rel1.win32_1.1.1.202309131626/tools/bin/../lib/gcc/arm-none-eabi/11.3.1/../../../../arm-none-eabi/lib/thumb/v7e-m+fp/hard\libc_nano.a
LOAD C:/ST/STM32CubeIDE_1.13.2/STM32CubeIDE/plugins/com.st.stm32cube.ide.mcu.externaltools.gnu-tools-for-stm32.11.3.rel1.win32_1.1.1.202309131626/tools/bin/../lib/gcc/arm-none-eabi/11.3.1/../../../../arm-none-eabi/lib/thumb/v7e-m+fp/hard\libnosys.a
END GROUP
START GROUP
LOAD C:/ST/STM32CubeIDE_1.13.2/STM32CubeIDE/plugins/com.st.stm32cube.ide.mcu.externaltools.gnu-tools-for-stm32.11.3.rel1.win32_1.1.1.202309131626/tools/bin/../lib/gcc/arm-none-eabi/11.3.1/thumb/v7e-m+fp/hard\libgcc.a
LOAD C:/ST/STM32CubeIDE_1.13.2/STM32CubeIDE/plugins/com.st.stm32cube.ide.mcu.externaltools.gnu-tools-for-stm32.11.3.rel1.win32_1.1.1.202309131626/tools/bin/../lib/gcc/arm-none-eabi/11.3.1/../../../../arm-none-eabi/lib/thumb/v7e-m+fp/hard\libc_nano.a
LOAD C:/ST/STM32CubeIDE_1.13.2/STM32CubeIDE/plugins/com.st.stm32cube.ide.mcu.externaltools.gnu-tools-for-stm32.11.3.rel1.win32_1.1.1.202309131626/tools/bin/../lib/gcc/arm-none-eabi/11.3.1/../../../../arm-none-eabi/lib/thumb/v7e-m+fp/hard\libnosys.a
END GROUP
LOAD C:/ST/STM32CubeIDE_1.13.2/STM32CubeIDE/plugins/com.st.stm32cube.ide.mcu.externaltools.gnu-tools-for-stm32.11.3.rel1.win32_1.1.1.202309131626/tools/bin/../lib/gcc/arm-none-eabi/11.3.1/thumb/v7e-m+fp/hard/crtend.o
LOAD C:/ST/STM32CubeIDE_1.13.2/STM32CubeIDE/plugins/com.st.stm32cube.ide.mcu.externaltools.gnu-tools-for-stm32.11.3.rel1.win32_1.1.1.202309131626/tools/bin/../lib/gcc/arm-none-eabi/11.3.1/thumb/v7e-m+fp/hard/crtn.o
                0x000000002000c000                _estack = (ORIGIN (RAM) + LENGTH (RAM))
                0x0000000000000800                _Min_Heap_Size = 0x800
                0x0000000000001000                _Min_Stack_Size = 0x1000

.isr_vector     0x0000000008022000      0x188
                0x0000000008022000                . = ALIGN (0x4)
 *(.isr_vector)
 .isr_vector    0x0000000008022000      0x188 ./Core/Startup/startup_stm32f407vetx.o
                0x0000000008022000                g_pfnVectors
                0x0000000008022188                . = ALIGN (0x4)

.text           0x0000000008022190    0x102f8
                0x0000000008022190                . = ALIGN (0x4)
 *(.text)
 .text          0x0000000008022190       0x40 C:/ST/STM32CubeIDE_1.13.2/STM32CubeIDE/plugins/com.st.stm32cube.ide.mcu.externaltools.gnu-tools-for-stm32.11.3.rel1.win32_1.1.1.202309131626/tools/bin/../lib/gcc/arm-none-eabi/11.3.1/thumb/v7e-m+fp/hard/crtbegin.o
 .text          0x00000000080221d0       0xa0 C:/ST/STM32CubeIDE_1.13.2/STM32CubeIDE/plugins/com.st.stm32cube.ide.mcu.externaltools.gnu-tools-for-stm32.11.3.rel1.win32_1.1.1.202309131626/tools/bin/../lib/gcc/arm-none-eabi/11.3.1/../../../../arm-none-eabi/lib/thumb/v7e-m+fp/hard\libc_nano.a(libc_a-memchr.o)
                0x00000000080221d0                memchr
 .text          0x0000000008022270       0x30 C:/ST/STM32CubeIDE_1.13.2/STM32CubeIDE/plugins/com.st.stm32cube.ide.mcu.externaltools.gnu-tools-for-stm32.11.3.rel1.win32_1.1.1.202309131626/tools/bin/../lib/gcc/arm-none-eabi/11.3.1/thumb/v7e-m+fp/hard\libgcc.a(_aeabi_uldivmod.o)
                0x0000000008022270                __aeabi_uldivmod
 .text          0x00000000080222a0      0x2c8 C:/ST/STM32CubeIDE_1.13.2/STM32CubeIDE/plugins/com.st.stm32cube.ide.mcu.externaltools.gnu-tools-for-stm32.11.3.rel1.win32_1.1.1.202309131626/tools/bin/../lib/gcc/arm-none-eabi/11.3.1/thumb/v7e-m+fp/hard\libgcc.a(_udivmoddi4.o)
                0x00000000080222a0                __udivmoddi4
 .text          0x0000000008022568        0x4 C:/ST/STM32CubeIDE_1.13.2/STM32CubeIDE/plugins/com.st.stm32cube.ide.mcu.externaltools.gnu-tools-for-stm32.11.3.rel1.win32_1.1.1.202309131626/tools/bin/../lib/gcc/arm-none-eabi/11.3.1/thumb/v7e-m+fp/hard\libgcc.a(_dvmd_tls.o)
                0x0000000008022568                __aeabi_idiv0
                0x0000000008022568                __aeabi_ldiv0
 *(.text*)
 .text.cdc_send
                0x000000000802256c       0x80 ./Core/Src/cdc.o
 .text.cdc_send_ready
                0x00000000080225ec        0xe ./Core/Src/cdc.o
 .text.cdc_peek
                0x00000000080225fa       0x18 ./Core/Src/cdc.o
 .text.cdc_consume
                0x0000000008022612       0x1a ./Core/Src/cdc.o
 .text.cdc_init
                0x000000000802262c       0x18 ./Core/Src/cdc.o
                0x000000000802262c                cdc_init
 .text.USB_Data_Peek
                0x0000000008022644       0x60 ./Core/Src/cdc_endp.o
                0x0000000008022644                USB_Data_Peek
 .text.USB_Data_Get
                0x00000000080226a4       0xa0 ./Core/Src/cdc_endp.o
                0x00000000080226a4                USB_Data_Get
 .text.USB_DataRx_Sched_Internal
                0x0000000008022744       0x20 ./Core/Src/cdc_endp.o
 .text.USB_DataRx_Sched
                0x0000000008022764       0x14 ./Core/Src/cdc_endp.o
                0x0000000008022764                USB_DataRx_Sched
 .text.CDC_Receive_handler
                0x0000000008022778       0xb4 ./Core/Src/cdc_endp.o
                0x0000000008022778                CDC_Receive_handler
 .text.CDC_Send_DATA
                0x000000000802282c       0x38 ./Core/Src/cdc_hwcfg.o
                0x000000000802282c                CDC_Send_DATA
 .text.CDC_Receive_DATA
                0x0000000008022864       0x14 ./Core/Src/cdc_hwcfg.o
                0x0000000008022864                CDC_Receive_DATA
 .text.CDC_IsPacketSent
                0x0000000008022878       0x18 ./Core/Src/cdc_hwcfg.o
                0x0000000008022878                CDC_IsPacketSent
 .text.is_external_clock_avail
                0x0000000008022890       0x24 ./Core/Src/clock.o
                0x0000000008022890                is_external_clock_avail
 .text.flash_page_erase
                0x00000000080228b4       0x46 ./Core/Src/flash.o
                0x00000000080228b4                flash_page_erase
 .text.flash_write
                0x00000000080228fa       0x6a ./Core/Src/flash.o
                0x00000000080228fa                flash_write
 .text.flash_read
                0x0000000008022964       0x42 ./Core/Src/flash.o
                0x0000000008022964                flash_read
 *fill*         0x00000000080229a6        0x2 
 .text.MX_FSMC_Init
                0x00000000080229a8       0xc4 ./Core/Src/fsmc.o
                0x00000000080229a8                MX_FSMC_Init
 .text.HAL_FSMC_MspInit
                0x0000000008022a6c       0xa8 ./Core/Src/fsmc.o
 .text.HAL_NAND_MspInit
                0x0000000008022b14       0x14 ./Core/Src/fsmc.o
                0x0000000008022b14                HAL_NAND_MspInit
 .text.nand_gpio_init
                0x0000000008022b28       0xa8 ./Core/Src/fsmc_nand.o
 .text.nand_fsmc_init
                0x0000000008022bd0       0xd0 ./Core/Src/fsmc_nand.o
 .text.nand_print_fsmc_info
                0x0000000008022ca0      0x16c ./Core/Src/fsmc_nand.o
 .text.nand_reset
                0x0000000008022e0c       0x20 ./Core/Src/fsmc_nand.o
 .text.nand_init
                0x0000000008022e2c       0x50 ./Core/Src/fsmc_nand.o
 .text.nand_uninit
                0x0000000008022e7c        0xe ./Core/Src/fsmc_nand.o
 *fill*         0x0000000008022e8a        0x2 
 .text.nand_read_status
                0x0000000008022e8c       0x54 ./Core/Src/fsmc_nand.o
 .text.nand_get_status
                0x0000000008022ee0       0x40 ./Core/Src/fsmc_nand.o
 .text.nand_read_id
                0x0000000008022f20       0x7c ./Core/Src/fsmc_nand.o
 .text.nand_write_page_async
                0x0000000008022f9c      0x14c ./Core/Src/fsmc_nand.o
 .text.nand_read_data
                0x00000000080230e8      0x170 ./Core/Src/fsmc_nand.o
 .text.nand_read_page
                0x0000000008023258       0x22 ./Core/Src/fsmc_nand.o
 *fill*         0x000000000802327a        0x2 
 .text.nand_read_spare_data
                0x000000000802327c      0x16c ./Core/Src/fsmc_nand.o
 .text.nand_erase_block
                0x00000000080233e8       0xc0 ./Core/Src/fsmc_nand.o
 .text.nand_is_bb_supported
                0x00000000080234a8       0x10 ./Core/Src/fsmc_nand.o
 .text.nand_enable_hw_ecc
                0x00000000080234b8       0x74 ./Core/Src/fsmc_nand.o
 .text.MX_GPIO_Init
                0x000000000802352c      0x1d8 ./Core/Src/gpio.o
                0x000000000802352c                MX_GPIO_Init
 .text.jtag_init
                0x0000000008023704       0x14 ./Core/Src/jtag.o
                0x0000000008023704                jtag_init
 .text.led_init
                0x0000000008023718       0xc0 ./Core/Src/led.o
                0x0000000008023718                led_init
 .text.led_set  0x00000000080237d8       0x38 ./Core/Src/led.o
 .text.led_wr_set
                0x0000000008023810       0x24 ./Core/Src/led.o
                0x0000000008023810                led_wr_set
 .text.led_rd_set
                0x0000000008023834       0x24 ./Core/Src/led.o
                0x0000000008023834                led_rd_set
 .text._write   0x0000000008023858       0x2c ./Core/Src/main.o
                0x0000000008023858                _write
 .text.main     0x0000000008023884       0xbc ./Core/Src/main.o
                0x0000000008023884                main
 .text.SystemClock_Config
                0x0000000008023940       0xdc ./Core/Src/main.o
                0x0000000008023940                SystemClock_Config
 .text.Error_Handler
                0x0000000008023a1c        0xa ./Core/Src/main.o
                0x0000000008023a1c                Error_Handler
 *fill*         0x0000000008023a26        0x2 
 .text.nand_bad_block_table_init
                0x0000000008023a28       0x20 ./Core/Src/nand_bad_block.o
                0x0000000008023a28                nand_bad_block_table_init
 .text.nand_bad_block_table_add
                0x0000000008023a48       0x40 ./Core/Src/nand_bad_block.o
                0x0000000008023a48                nand_bad_block_table_add
 .text.nand_bad_block_table_lookup
                0x0000000008023a88       0x48 ./Core/Src/nand_bad_block.o
                0x0000000008023a88                nand_bad_block_table_lookup
 .text.nand_bad_block_table_iter_alloc
                0x0000000008023ad0       0x34 ./Core/Src/nand_bad_block.o
                0x0000000008023ad0                nand_bad_block_table_iter_alloc
 .text.nand_bad_block_table_iter_next
                0x0000000008023b04       0x54 ./Core/Src/nand_bad_block.o
                0x0000000008023b04                nand_bad_block_table_iter_next
 .text.np_send_ok_status
                0x0000000008023b58       0x38 ./Core/Src/nand_programmer.o
 .text.np_send_error
                0x0000000008023b90       0x48 ./Core/Src/nand_programmer.o
 .text.np_send_bad_block_info
                0x0000000008023bd8       0x70 ./Core/Src/nand_programmer.o
 .text.np_send_progress
                0x0000000008023c48       0x50 ./Core/Src/nand_programmer.o
 .text._np_cmd_nand_read_id
                0x0000000008023c98       0x94 ./Core/Src/nand_programmer.o
 .text.np_cmd_nand_read_id
                0x0000000008023d2c       0x26 ./Core/Src/nand_programmer.o
 *fill*         0x0000000008023d52        0x2 
 .text.np_read_bad_block_info_from_page
                0x0000000008023d54      0x13c ./Core/Src/nand_programmer.o
 .text._np_cmd_read_bad_blocks
                0x0000000008023e90      0x120 ./Core/Src/nand_programmer.o
 .text.np_nand_erase
                0x0000000008023fb0       0xb8 ./Core/Src/nand_programmer.o
 .text._np_cmd_nand_erase
                0x0000000008024068      0x3b8 ./Core/Src/nand_programmer.o
 .text.np_cmd_nand_erase
                0x0000000008024420       0x26 ./Core/Src/nand_programmer.o
 *fill*         0x0000000008024446        0x2 
 .text.np_send_write_ack
                0x0000000008024448       0x50 ./Core/Src/nand_programmer.o
 .text.np_cmd_nand_write_start
                0x0000000008024498      0x338 ./Core/Src/nand_programmer.o
 .text.np_nand_handle_status
                0x00000000080247d0      0x100 ./Core/Src/nand_programmer.o
 .text.np_nand_write
                0x00000000080248d0       0x9c ./Core/Src/nand_programmer.o
 .text.np_cmd_nand_write_data
                0x000000000802496c      0x378 ./Core/Src/nand_programmer.o
 .text.np_cmd_nand_write_end
                0x0000000008024ce4       0x48 ./Core/Src/nand_programmer.o
 .text.np_cmd_nand_write
                0x0000000008024d2c       0x6a ./Core/Src/nand_programmer.o
 *fill*         0x0000000008024d96        0x2 
 .text.np_nand_read
                0x0000000008024d98       0x98 ./Core/Src/nand_programmer.o
 .text._np_cmd_nand_read
                0x0000000008024e30      0x55c ./Core/Src/nand_programmer.o
 .text.np_cmd_nand_read
                0x000000000802538c       0x26 ./Core/Src/nand_programmer.o
 .text.np_fill_chip_info
                0x00000000080253b2       0x70 ./Core/Src/nand_programmer.o
 *fill*         0x0000000008025422        0x2 
 .text.np_print_chip_info
                0x0000000008025424       0x80 ./Core/Src/nand_programmer.o
 .text.np_cmd_nand_conf
                0x00000000080254a4       0xb0 ./Core/Src/nand_programmer.o
 .text.np_send_bad_blocks
                0x0000000008025554       0x6a ./Core/Src/nand_programmer.o
 .text.np_cmd_read_bad_blocks
                0x00000000080255be       0x48 ./Core/Src/nand_programmer.o
                0x00000000080255be                np_cmd_read_bad_blocks
 *fill*         0x0000000008025606        0x2 
 .text.np_cmd_version_get
                0x0000000008025608       0x58 ./Core/Src/nand_programmer.o
                0x0000000008025608                np_cmd_version_get
 .text.np_boot_config_read
                0x0000000008025660       0x2c ./Core/Src/nand_programmer.o
 .text.np_boot_config_write
                0x000000000802568c       0x40 ./Core/Src/nand_programmer.o
 .text.np_cmd_active_image_get
                0x00000000080256cc       0x88 ./Core/Src/nand_programmer.o
 .text.np_cmd_fw_update_start
                0x0000000008025754      0x1f4 ./Core/Src/nand_programmer.o
 .text.np_cmd_fw_update_data
                0x0000000008025948      0x3e0 ./Core/Src/nand_programmer.o
 .text.np_cmd_fw_update_end
                0x0000000008025d28       0xa4 ./Core/Src/nand_programmer.o
 .text.np_cmd_fw_update
                0x0000000008025dcc       0x6a ./Core/Src/nand_programmer.o
 .text.np_cmd_is_valid
                0x0000000008025e36       0x22 ./Core/Src/nand_programmer.o
 .text.np_cmd_handler
                0x0000000008025e58       0xb4 ./Core/Src/nand_programmer.o
 .text.np_packet_handler
                0x0000000008025f0c       0x58 ./Core/Src/nand_programmer.o
 .text.np_nand_handler
                0x0000000008025f64       0x30 ./Core/Src/nand_programmer.o
 .text.np_init  0x0000000008025f94       0x20 ./Core/Src/nand_programmer.o
                0x0000000008025f94                np_init
 .text.np_handler
                0x0000000008025fb4       0x18 ./Core/Src/nand_programmer.o
                0x0000000008025fb4                np_handler
 .text.np_comm_register
                0x0000000008025fcc       0x20 ./Core/Src/nand_programmer.o
                0x0000000008025fcc                np_comm_register
 .text.MX_RTC_Init
                0x0000000008025fec       0xb4 ./Core/Src/rtc.o
                0x0000000008025fec                MX_RTC_Init
 .text.HAL_RTC_MspInit
                0x00000000080260a0       0x54 ./Core/Src/rtc.o
                0x00000000080260a0                HAL_RTC_MspInit
 .text.MX_SPI1_Init
                0x00000000080260f4       0x6c ./Core/Src/spi.o
                0x00000000080260f4                MX_SPI1_Init
 .text.HAL_SPI_MspInit
                0x0000000008026160       0xe0 ./Core/Src/spi.o
                0x0000000008026160                HAL_SPI_MspInit
 .text.HAL_SPI_MspDeInit
                0x0000000008026240       0x4c ./Core/Src/spi.o
                0x0000000008026240                HAL_SPI_MspDeInit
 .text.spi_flash_gpio_init
                0x000000000802628c       0xf4 ./Core/Src/spi_nand_flash.o
 .text.spi_flash_gpio_uninit
                0x0000000008026380       0x8c ./Core/Src/spi_nand_flash.o
 .text.spi_flash_select_chip
                0x000000000802640c       0x18 ./Core/Src/spi_nand_flash.o
 .text.spi_flash_deselect_chip
                0x0000000008026424       0x18 ./Core/Src/spi_nand_flash.o
 .text.spi_flash_get_baud_rate_prescaler
                0x000000000802643c       0x90 ./Core/Src/spi_nand_flash.o
 .text.spi_flash_init
                0x00000000080264cc       0xac ./Core/Src/spi_nand_flash.o
 .text.spi_flash_uninit
                0x0000000008026578       0x18 ./Core/Src/spi_nand_flash.o
 .text.spi_flash_send_byte
                0x0000000008026590       0x44 ./Core/Src/spi_nand_flash.o
 .text.spi_flash_read_byte
                0x00000000080265d4       0x10 ./Core/Src/spi_nand_flash.o
 .text.spi_flash_set_feature
                0x00000000080265e4       0x36 ./Core/Src/spi_nand_flash.o
 .text.spi_flash_get_feature
                0x000000000802661a       0x36 ./Core/Src/spi_nand_flash.o
 .text.spi_flash_read_status
                0x0000000008026650       0x98 ./Core/Src/spi_nand_flash.o
 .text.spi_flash_select_die_cmd
                0x00000000080266e8       0x70 ./Core/Src/spi_nand_flash.o
 .text.spi_flash_select_die
                0x0000000008026758       0x54 ./Core/Src/spi_nand_flash.o
 .text.spi_flash_read_id
                0x00000000080267ac       0x6c ./Core/Src/spi_nand_flash.o
 .text.spi_flash_chip_init
                0x0000000008026818       0x70 ./Core/Src/spi_nand_flash.o
 .text.spi_flash_write_enable
                0x0000000008026888       0x16 ./Core/Src/spi_nand_flash.o
 *fill*         0x000000000802689e        0x2 
 .text.spi_flash_program_load
                0x00000000080268a0       0x9c ./Core/Src/spi_nand_flash.o
 .text.spi_flash_write_page_async
                0x000000000802693c       0x64 ./Core/Src/spi_nand_flash.o
 .text.spi_flash_load_page_into_cache
                0x00000000080269a0       0x58 ./Core/Src/spi_nand_flash.o
 .text.spi_flash_read_page
                0x00000000080269f8       0xc4 ./Core/Src/spi_nand_flash.o
 .text.spi_flash_read_spare_data
                0x0000000008026abc      0x108 ./Core/Src/spi_nand_flash.o
 .text.spi_flash_erase_block
                0x0000000008026bc4       0x5c ./Core/Src/spi_nand_flash.o
 .text.spi_flash_is_bb_supported
                0x0000000008026c20       0x10 ./Core/Src/spi_nand_flash.o
 .text.spi_flash_gpio_init
                0x0000000008026c30       0xf4 ./Core/Src/spi_nor_flash.o
 .text.spi_flash_select_chip
                0x0000000008026d24       0x18 ./Core/Src/spi_nor_flash.o
 .text.spi_flash_deselect_chip
                0x0000000008026d3c       0x18 ./Core/Src/spi_nor_flash.o
 .text.SPI_Init
                0x0000000008026d54       0x6a ./Core/Src/spi_nor_flash.o
                0x0000000008026d54                SPI_Init
 *fill*         0x0000000008026dbe        0x2 
 .text.spi_flash_init
                0x0000000008026dc0       0xb0 ./Core/Src/spi_nor_flash.o
 .text.spi_flash_uninit
                0x0000000008026e70       0x24 ./Core/Src/spi_nor_flash.o
 .text.spi_flash_send_byte
                0x0000000008026e94       0x6c ./Core/Src/spi_nor_flash.o
 .text.spi_flash_read_byte
                0x0000000008026f00       0x10 ./Core/Src/spi_nor_flash.o
 .text.spi_flash_read_status
                0x0000000008026f10       0x6c ./Core/Src/spi_nor_flash.o
 .text.spi_flash_get_status
                0x0000000008026f7c       0x40 ./Core/Src/spi_nor_flash.o
 .text.spi_flash_read_id
                0x0000000008026fbc       0x70 ./Core/Src/spi_nor_flash.o
 .text.spi_flash_write_enable
                0x000000000802702c       0x28 ./Core/Src/spi_nor_flash.o
 .text.spi_flash_write_page_async
                0x0000000008027054       0x80 ./Core/Src/spi_nor_flash.o
 .text.spi_flash_read_data
                0x00000000080270d4       0x88 ./Core/Src/spi_nor_flash.o
 .text.spi_flash_read_page
                0x000000000802715c       0x22 ./Core/Src/spi_nor_flash.o
 .text.spi_flash_read_spare_data
                0x000000000802717e       0x1c ./Core/Src/spi_nor_flash.o
 *fill*         0x000000000802719a        0x2 
 .text.spi_flash_erase_block
                0x000000000802719c       0x60 ./Core/Src/spi_nor_flash.o
 .text.spi_flash_is_bb_supported
                0x00000000080271fc       0x10 ./Core/Src/spi_nor_flash.o
 .text.HAL_MspInit
                0x000000000802720c       0x8c ./Core/Src/stm32f4xx_hal_msp.o
                0x000000000802720c                HAL_MspInit
 .text.NMI_Handler
                0x0000000008027298        0xa ./Core/Src/stm32f4xx_it.o
                0x0000000008027298                NMI_Handler
 .text.HardFault_Handler
                0x00000000080272a2        0x6 ./Core/Src/stm32f4xx_it.o
                0x00000000080272a2                HardFault_Handler
 .text.MemManage_Handler
                0x00000000080272a8        0x6 ./Core/Src/stm32f4xx_it.o
                0x00000000080272a8                MemManage_Handler
 .text.BusFault_Handler
                0x00000000080272ae        0x6 ./Core/Src/stm32f4xx_it.o
                0x00000000080272ae                BusFault_Handler
 .text.UsageFault_Handler
                0x00000000080272b4        0x6 ./Core/Src/stm32f4xx_it.o
                0x00000000080272b4                UsageFault_Handler
 .text.SVC_Handler
                0x00000000080272ba        0xe ./Core/Src/stm32f4xx_it.o
                0x00000000080272ba                SVC_Handler
 .text.DebugMon_Handler
                0x00000000080272c8        0xe ./Core/Src/stm32f4xx_it.o
                0x00000000080272c8                DebugMon_Handler
 .text.PendSV_Handler
                0x00000000080272d6        0xe ./Core/Src/stm32f4xx_it.o
                0x00000000080272d6                PendSV_Handler
 .text.SysTick_Handler
                0x00000000080272e4        0xc ./Core/Src/stm32f4xx_it.o
                0x00000000080272e4                SysTick_Handler
 .text.PVD_IRQHandler
                0x00000000080272f0        0xc ./Core/Src/stm32f4xx_it.o
                0x00000000080272f0                PVD_IRQHandler
 .text.FLASH_IRQHandler
                0x00000000080272fc        0xc ./Core/Src/stm32f4xx_it.o
                0x00000000080272fc                FLASH_IRQHandler
 .text.RCC_IRQHandler
                0x0000000008027308        0xe ./Core/Src/stm32f4xx_it.o
                0x0000000008027308                RCC_IRQHandler
 *fill*         0x0000000008027316        0x2 
 .text.SPI1_IRQHandler
                0x0000000008027318       0x14 ./Core/Src/stm32f4xx_it.o
                0x0000000008027318                SPI1_IRQHandler
 .text.USART1_IRQHandler
                0x000000000802732c       0x14 ./Core/Src/stm32f4xx_it.o
                0x000000000802732c                USART1_IRQHandler
 .text.FSMC_IRQHandler
                0x0000000008027340       0x14 ./Core/Src/stm32f4xx_it.o
                0x0000000008027340                FSMC_IRQHandler
 .text.OTG_FS_IRQHandler
                0x0000000008027354       0x14 ./Core/Src/stm32f4xx_it.o
                0x0000000008027354                OTG_FS_IRQHandler
 .text.OTG_HS_EP1_OUT_IRQHandler
                0x0000000008027368       0x14 ./Core/Src/stm32f4xx_it.o
                0x0000000008027368                OTG_HS_EP1_OUT_IRQHandler
 .text.OTG_HS_EP1_IN_IRQHandler
                0x000000000802737c       0x14 ./Core/Src/stm32f4xx_it.o
                0x000000000802737c                OTG_HS_EP1_IN_IRQHandler
 .text.OTG_HS_IRQHandler
                0x0000000008027390       0x14 ./Core/Src/stm32f4xx_it.o
                0x0000000008027390                OTG_HS_IRQHandler
 .text.FPU_IRQHandler
                0x00000000080273a4        0xe ./Core/Src/stm32f4xx_it.o
                0x00000000080273a4                FPU_IRQHandler
 .text._read    0x00000000080273b2       0x3a ./Core/Src/syscalls.o
                0x00000000080273b2                _read
 .text._close   0x00000000080273ec       0x18 ./Core/Src/syscalls.o
                0x00000000080273ec                _close
 .text._fstat   0x0000000008027404       0x20 ./Core/Src/syscalls.o
                0x0000000008027404                _fstat
 .text._isatty  0x0000000008027424       0x16 ./Core/Src/syscalls.o
                0x0000000008027424                _isatty
 .text._lseek   0x000000000802743a       0x1a ./Core/Src/syscalls.o
                0x000000000802743a                _lseek
 .text._sbrk    0x0000000008027454       0x6c ./Core/Src/sysmem.o
                0x0000000008027454                _sbrk
 .text.SystemInit
                0x00000000080274c0       0x2c ./Core/Src/system_stm32f4xx.o
                0x00000000080274c0                SystemInit
 .text.MX_USART1_UART_Init
                0x00000000080274ec       0x54 ./Core/Src/usart.o
                0x00000000080274ec                MX_USART1_UART_Init
 .text.HAL_UART_MspInit
                0x0000000008027540       0xa0 ./Core/Src/usart.o
                0x0000000008027540                HAL_UART_MspInit
 .text.Reset_Handler
                0x00000000080275e0       0x50 ./Core/Startup/startup_stm32f407vetx.o
                0x00000000080275e0                Reset_Handler
 .text.Default_Handler
                0x0000000008027630        0x2 ./Core/Startup/startup_stm32f407vetx.o
                0x0000000008027630                RTC_Alarm_IRQHandler
                0x0000000008027630                HASH_RNG_IRQHandler
                0x0000000008027630                EXTI2_IRQHandler
                0x0000000008027630                TIM8_CC_IRQHandler
                0x0000000008027630                TIM1_CC_IRQHandler
                0x0000000008027630                DMA2_Stream5_IRQHandler
                0x0000000008027630                DMA1_Stream5_IRQHandler
                0x0000000008027630                SDIO_IRQHandler
                0x0000000008027630                TAMP_STAMP_IRQHandler
                0x0000000008027630                CAN2_RX1_IRQHandler
                0x0000000008027630                EXTI3_IRQHandler
                0x0000000008027630                TIM8_TRG_COM_TIM14_IRQHandler
                0x0000000008027630                TIM1_UP_TIM10_IRQHandler
                0x0000000008027630                TIM8_UP_TIM13_IRQHandler
                0x0000000008027630                I2C3_ER_IRQHandler
                0x0000000008027630                EXTI0_IRQHandler
                0x0000000008027630                I2C2_EV_IRQHandler
                0x0000000008027630                DMA1_Stream2_IRQHandler
                0x0000000008027630                CAN1_RX0_IRQHandler
                0x0000000008027630                OTG_HS_WKUP_IRQHandler
                0x0000000008027630                CAN2_SCE_IRQHandler
                0x0000000008027630                DMA2_Stream2_IRQHandler
                0x0000000008027630                TIM6_DAC_IRQHandler
                0x0000000008027630                TIM1_BRK_TIM9_IRQHandler
                0x0000000008027630                DCMI_IRQHandler
                0x0000000008027630                CAN2_RX0_IRQHandler
                0x0000000008027630                DMA2_Stream3_IRQHandler
                0x0000000008027630                USART6_IRQHandler
                0x0000000008027630                USART3_IRQHandler
                0x0000000008027630                CAN1_RX1_IRQHandler
                0x0000000008027630                UART5_IRQHandler
                0x0000000008027630                DMA2_Stream0_IRQHandler
                0x0000000008027630                TIM4_IRQHandler
                0x0000000008027630                I2C1_EV_IRQHandler
                0x0000000008027630                DMA1_Stream6_IRQHandler
                0x0000000008027630                DMA1_Stream1_IRQHandler
                0x0000000008027630                UART4_IRQHandler
                0x0000000008027630                TIM3_IRQHandler
                0x0000000008027630                TIM8_BRK_TIM12_IRQHandler
                0x0000000008027630                Default_Handler
                0x0000000008027630                EXTI15_10_IRQHandler
                0x0000000008027630                ADC_IRQHandler
                0x0000000008027630                DMA1_Stream7_IRQHandler
                0x0000000008027630                TIM7_IRQHandler
                0x0000000008027630                CAN2_TX_IRQHandler
                0x0000000008027630                TIM5_IRQHandler
                0x0000000008027630                DMA2_Stream7_IRQHandler
                0x0000000008027630                I2C3_EV_IRQHandler
                0x0000000008027630                EXTI9_5_IRQHandler
                0x0000000008027630                RTC_WKUP_IRQHandler
                0x0000000008027630                ETH_WKUP_IRQHandler
                0x0000000008027630                SPI2_IRQHandler
                0x0000000008027630                DMA1_Stream0_IRQHandler
                0x0000000008027630                CAN1_TX_IRQHandler
                0x0000000008027630                EXTI4_IRQHandler
                0x0000000008027630                ETH_IRQHandler
                0x0000000008027630                WWDG_IRQHandler
                0x0000000008027630                TIM2_IRQHandler
                0x0000000008027630                OTG_FS_WKUP_IRQHandler
                0x0000000008027630                TIM1_TRG_COM_TIM11_IRQHandler
                0x0000000008027630                EXTI1_IRQHandler
                0x0000000008027630                USART2_IRQHandler
                0x0000000008027630                I2C2_ER_IRQHandler
                0x0000000008027630                DMA2_Stream1_IRQHandler
                0x0000000008027630                CAN1_SCE_IRQHandler
                0x0000000008027630                DMA2_Stream4_IRQHandler
                0x0000000008027630                SPI3_IRQHandler
                0x0000000008027630                DMA1_Stream4_IRQHandler
                0x0000000008027630                I2C1_ER_IRQHandler
                0x0000000008027630                DMA2_Stream6_IRQHandler
                0x0000000008027630                DMA1_Stream3_IRQHandler
 *fill*         0x0000000008027632        0x2 
 .text.HAL_Init
                0x0000000008027634       0x44 ./Drivers/STM32F4xx_HAL_Driver/Src/stm32f4xx_hal.o
                0x0000000008027634                HAL_Init
 .text.HAL_InitTick
                0x0000000008027678       0x60 ./Drivers/STM32F4xx_HAL_Driver/Src/stm32f4xx_hal.o
                0x0000000008027678                HAL_InitTick
 .text.HAL_IncTick
                0x00000000080276d8       0x28 ./Drivers/STM32F4xx_HAL_Driver/Src/stm32f4xx_hal.o
                0x00000000080276d8                HAL_IncTick
 .text.HAL_GetTick
                0x0000000008027700       0x18 ./Drivers/STM32F4xx_HAL_Driver/Src/stm32f4xx_hal.o
                0x0000000008027700                HAL_GetTick
 .text.HAL_Delay
                0x0000000008027718       0x48 ./Drivers/STM32F4xx_HAL_Driver/Src/stm32f4xx_hal.o
                0x0000000008027718                HAL_Delay
 .text.HAL_DBGMCU_EnableDBGSleepMode
                0x0000000008027760       0x20 ./Drivers/STM32F4xx_HAL_Driver/Src/stm32f4xx_hal.o
                0x0000000008027760                HAL_DBGMCU_EnableDBGSleepMode
 .text.HAL_DBGMCU_EnableDBGStopMode
                0x0000000008027780       0x20 ./Drivers/STM32F4xx_HAL_Driver/Src/stm32f4xx_hal.o
                0x0000000008027780                HAL_DBGMCU_EnableDBGStopMode
 .text.HAL_DBGMCU_EnableDBGStandbyMode
                0x00000000080277a0       0x20 ./Drivers/STM32F4xx_HAL_Driver/Src/stm32f4xx_hal.o
                0x00000000080277a0                HAL_DBGMCU_EnableDBGStandbyMode
 .text.__NVIC_SetPriorityGrouping
                0x00000000080277c0       0x48 ./Drivers/STM32F4xx_HAL_Driver/Src/stm32f4xx_hal_cortex.o
 .text.__NVIC_GetPriorityGrouping
                0x0000000008027808       0x1c ./Drivers/STM32F4xx_HAL_Driver/Src/stm32f4xx_hal_cortex.o
 .text.__NVIC_EnableIRQ
                0x0000000008027824       0x3c ./Drivers/STM32F4xx_HAL_Driver/Src/stm32f4xx_hal_cortex.o
 .text.__NVIC_DisableIRQ
                0x0000000008027860       0x48 ./Drivers/STM32F4xx_HAL_Driver/Src/stm32f4xx_hal_cortex.o
 .text.__NVIC_SetPriority
                0x00000000080278a8       0x54 ./Drivers/STM32F4xx_HAL_Driver/Src/stm32f4xx_hal_cortex.o
 .text.NVIC_EncodePriority
                0x00000000080278fc       0x66 ./Drivers/STM32F4xx_HAL_Driver/Src/stm32f4xx_hal_cortex.o
 *fill*         0x0000000008027962        0x2 
 .text.SysTick_Config
                0x0000000008027964       0x44 ./Drivers/STM32F4xx_HAL_Driver/Src/stm32f4xx_hal_cortex.o
 .text.HAL_NVIC_SetPriorityGrouping
                0x00000000080279a8       0x16 ./Drivers/STM32F4xx_HAL_Driver/Src/stm32f4xx_hal_cortex.o
                0x00000000080279a8                HAL_NVIC_SetPriorityGrouping
 .text.HAL_NVIC_SetPriority
                0x00000000080279be       0x38 ./Drivers/STM32F4xx_HAL_Driver/Src/stm32f4xx_hal_cortex.o
                0x00000000080279be                HAL_NVIC_SetPriority
 .text.HAL_NVIC_EnableIRQ
                0x00000000080279f6       0x1c ./Drivers/STM32F4xx_HAL_Driver/Src/stm32f4xx_hal_cortex.o
                0x00000000080279f6                HAL_NVIC_EnableIRQ
 .text.HAL_NVIC_DisableIRQ
                0x0000000008027a12       0x1c ./Drivers/STM32F4xx_HAL_Driver/Src/stm32f4xx_hal_cortex.o
                0x0000000008027a12                HAL_NVIC_DisableIRQ
 .text.HAL_SYSTICK_Config
                0x0000000008027a2e       0x18 ./Drivers/STM32F4xx_HAL_Driver/Src/stm32f4xx_hal_cortex.o
                0x0000000008027a2e                HAL_SYSTICK_Config
 .text.HAL_DMA_Abort
                0x0000000008027a46       0xe0 ./Drivers/STM32F4xx_HAL_Driver/Src/stm32f4xx_hal_dma.o
                0x0000000008027a46                HAL_DMA_Abort
 .text.HAL_DMA_Abort_IT
                0x0000000008027b26       0x44 ./Drivers/STM32F4xx_HAL_Driver/Src/stm32f4xx_hal_dma.o
                0x0000000008027b26                HAL_DMA_Abort_IT
 *fill*         0x0000000008027b6a        0x2 
 .text.HAL_FLASH_Program
                0x0000000008027b6c       0xa8 ./Drivers/STM32F4xx_HAL_Driver/Src/stm32f4xx_hal_flash.o
                0x0000000008027b6c                HAL_FLASH_Program
 .text.HAL_FLASH_IRQHandler
                0x0000000008027c14      0x140 ./Drivers/STM32F4xx_HAL_Driver/Src/stm32f4xx_hal_flash.o
                0x0000000008027c14                HAL_FLASH_IRQHandler
 .text.HAL_FLASH_EndOfOperationCallback
                0x0000000008027d54       0x14 ./Drivers/STM32F4xx_HAL_Driver/Src/stm32f4xx_hal_flash.o
                0x0000000008027d54                HAL_FLASH_EndOfOperationCallback
 .text.HAL_FLASH_OperationErrorCallback
                0x0000000008027d68       0x14 ./Drivers/STM32F4xx_HAL_Driver/Src/stm32f4xx_hal_flash.o
                0x0000000008027d68                HAL_FLASH_OperationErrorCallback
 .text.HAL_FLASH_Unlock
                0x0000000008027d7c       0x44 ./Drivers/STM32F4xx_HAL_Driver/Src/stm32f4xx_hal_flash.o
                0x0000000008027d7c                HAL_FLASH_Unlock
 .text.HAL_FLASH_Lock
                0x0000000008027dc0       0x20 ./Drivers/STM32F4xx_HAL_Driver/Src/stm32f4xx_hal_flash.o
                0x0000000008027dc0                HAL_FLASH_Lock
 .text.FLASH_WaitForLastOperation
                0x0000000008027de0       0x80 ./Drivers/STM32F4xx_HAL_Driver/Src/stm32f4xx_hal_flash.o
                0x0000000008027de0                FLASH_WaitForLastOperation
 .text.FLASH_Program_DoubleWord
                0x0000000008027e60       0x64 ./Drivers/STM32F4xx_HAL_Driver/Src/stm32f4xx_hal_flash.o
 .text.FLASH_Program_Word
                0x0000000008027ec4       0x44 ./Drivers/STM32F4xx_HAL_Driver/Src/stm32f4xx_hal_flash.o
 .text.FLASH_Program_HalfWord
                0x0000000008027f08       0x48 ./Drivers/STM32F4xx_HAL_Driver/Src/stm32f4xx_hal_flash.o
 .text.FLASH_Program_Byte
                0x0000000008027f50       0x44 ./Drivers/STM32F4xx_HAL_Driver/Src/stm32f4xx_hal_flash.o
 .text.FLASH_SetErrorCode
                0x0000000008027f94       0xac ./Drivers/STM32F4xx_HAL_Driver/Src/stm32f4xx_hal_flash.o
 .text.HAL_FLASHEx_Erase
                0x0000000008028040       0xe0 ./Drivers/STM32F4xx_HAL_Driver/Src/stm32f4xx_hal_flash_ex.o
                0x0000000008028040                HAL_FLASHEx_Erase
 .text.FLASH_MassErase
                0x0000000008028120       0x48 ./Drivers/STM32F4xx_HAL_Driver/Src/stm32f4xx_hal_flash_ex.o
 .text.FLASH_Erase_Sector
                0x0000000008028168       0x90 ./Drivers/STM32F4xx_HAL_Driver/Src/stm32f4xx_hal_flash_ex.o
                0x0000000008028168                FLASH_Erase_Sector
 .text.FLASH_FlushCaches
                0x00000000080281f8       0x8c ./Drivers/STM32F4xx_HAL_Driver/Src/stm32f4xx_hal_flash_ex.o
                0x00000000080281f8                FLASH_FlushCaches
 .text.HAL_GPIO_Init
                0x0000000008028284      0x338 ./Drivers/STM32F4xx_HAL_Driver/Src/stm32f4xx_hal_gpio.o
                0x0000000008028284                HAL_GPIO_Init
 .text.HAL_GPIO_DeInit
                0x00000000080285bc      0x1f8 ./Drivers/STM32F4xx_HAL_Driver/Src/stm32f4xx_hal_gpio.o
                0x00000000080285bc                HAL_GPIO_DeInit
 .text.HAL_GPIO_WritePin
                0x00000000080287b4       0x32 ./Drivers/STM32F4xx_HAL_Driver/Src/stm32f4xx_hal_gpio.o
                0x00000000080287b4                HAL_GPIO_WritePin
 .text.HAL_NAND_Init
                0x00000000080287e6       0x9c ./Drivers/STM32F4xx_HAL_Driver/Src/stm32f4xx_hal_nand.o
                0x00000000080287e6                HAL_NAND_Init
 .text.HAL_NAND_IRQHandler
                0x0000000008028882      0x1a8 ./Drivers/STM32F4xx_HAL_Driver/Src/stm32f4xx_hal_nand.o
                0x0000000008028882                HAL_NAND_IRQHandler
 .text.HAL_NAND_ITCallback
                0x0000000008028a2a       0x14 ./Drivers/STM32F4xx_HAL_Driver/Src/stm32f4xx_hal_nand.o
                0x0000000008028a2a                HAL_NAND_ITCallback
 .text.HAL_PCD_Init
                0x0000000008028a3e      0x23a ./Drivers/STM32F4xx_HAL_Driver/Src/stm32f4xx_hal_pcd.o
                0x0000000008028a3e                HAL_PCD_Init
 .text.HAL_PCD_Start
                0x0000000008028c78       0x66 ./Drivers/STM32F4xx_HAL_Driver/Src/stm32f4xx_hal_pcd.o
                0x0000000008028c78                HAL_PCD_Start
 .text.HAL_PCD_IRQHandler
                0x0000000008028cde      0x93e ./Drivers/STM32F4xx_HAL_Driver/Src/stm32f4xx_hal_pcd.o
                0x0000000008028cde                HAL_PCD_IRQHandler
 .text.HAL_PCD_SetAddress
                0x000000000802961c       0x4a ./Drivers/STM32F4xx_HAL_Driver/Src/stm32f4xx_hal_pcd.o
                0x000000000802961c                HAL_PCD_SetAddress
 .text.HAL_PCD_EP_Open
                0x0000000008029666       0xd0 ./Drivers/STM32F4xx_HAL_Driver/Src/stm32f4xx_hal_pcd.o
                0x0000000008029666                HAL_PCD_EP_Open
 .text.HAL_PCD_EP_Close
                0x0000000008029736       0x94 ./Drivers/STM32F4xx_HAL_Driver/Src/stm32f4xx_hal_pcd.o
                0x0000000008029736                HAL_PCD_EP_Close
 .text.HAL_PCD_EP_Receive
                0x00000000080297ca       0x96 ./Drivers/STM32F4xx_HAL_Driver/Src/stm32f4xx_hal_pcd.o
                0x00000000080297ca                HAL_PCD_EP_Receive
 .text.HAL_PCD_EP_GetRxCount
                0x0000000008029860       0x30 ./Drivers/STM32F4xx_HAL_Driver/Src/stm32f4xx_hal_pcd.o
                0x0000000008029860                HAL_PCD_EP_GetRxCount
 .text.HAL_PCD_EP_Transmit
                0x0000000008029890       0x94 ./Drivers/STM32F4xx_HAL_Driver/Src/stm32f4xx_hal_pcd.o
                0x0000000008029890                HAL_PCD_EP_Transmit
 .text.HAL_PCD_EP_SetStall
                0x0000000008029924       0xc8 ./Drivers/STM32F4xx_HAL_Driver/Src/stm32f4xx_hal_pcd.o
                0x0000000008029924                HAL_PCD_EP_SetStall
 .text.HAL_PCD_EP_ClrStall
                0x00000000080299ec       0xac ./Drivers/STM32F4xx_HAL_Driver/Src/stm32f4xx_hal_pcd.o
                0x00000000080299ec                HAL_PCD_EP_ClrStall
 .text.HAL_PCD_EP_Abort
                0x0000000008029a98       0x62 ./Drivers/STM32F4xx_HAL_Driver/Src/stm32f4xx_hal_pcd.o
                0x0000000008029a98                HAL_PCD_EP_Abort
 .text.PCD_WriteEmptyTxFifo
                0x0000000008029afa      0x11a ./Drivers/STM32F4xx_HAL_Driver/Src/stm32f4xx_hal_pcd.o
 .text.PCD_EP_OutXfrComplete_int
                0x0000000008029c14      0x1d0 ./Drivers/STM32F4xx_HAL_Driver/Src/stm32f4xx_hal_pcd.o
 .text.PCD_EP_OutSetupPacket_int
                0x0000000008029de4       0x8c ./Drivers/STM32F4xx_HAL_Driver/Src/stm32f4xx_hal_pcd.o
 .text.HAL_PCDEx_SetTxFiFo
                0x0000000008029e70       0x8e ./Drivers/STM32F4xx_HAL_Driver/Src/stm32f4xx_hal_pcd_ex.o
                0x0000000008029e70                HAL_PCDEx_SetTxFiFo
 .text.HAL_PCDEx_SetRxFiFo
                0x0000000008029efe       0x22 ./Drivers/STM32F4xx_HAL_Driver/Src/stm32f4xx_hal_pcd_ex.o
                0x0000000008029efe                HAL_PCDEx_SetRxFiFo
 .text.HAL_PCDEx_LPM_Callback
                0x0000000008029f20       0x18 ./Drivers/STM32F4xx_HAL_Driver/Src/stm32f4xx_hal_pcd_ex.o
                0x0000000008029f20                HAL_PCDEx_LPM_Callback
 .text.HAL_PWR_PVD_IRQHandler
                0x0000000008029f38       0x24 ./Drivers/STM32F4xx_HAL_Driver/Src/stm32f4xx_hal_pwr.o
                0x0000000008029f38                HAL_PWR_PVD_IRQHandler
 .text.HAL_PWR_PVDCallback
                0x0000000008029f5c        0xe ./Drivers/STM32F4xx_HAL_Driver/Src/stm32f4xx_hal_pwr.o
                0x0000000008029f5c                HAL_PWR_PVDCallback
 *fill*         0x0000000008029f6a        0x2 
 .text.HAL_RCC_OscConfig
                0x0000000008029f6c      0x4f0 ./Drivers/STM32F4xx_HAL_Driver/Src/stm32f4xx_hal_rcc.o
                0x0000000008029f6c                HAL_RCC_OscConfig
 .text.HAL_RCC_ClockConfig
                0x000000000802a45c      0x1cc ./Drivers/STM32F4xx_HAL_Driver/Src/stm32f4xx_hal_rcc.o
                0x000000000802a45c                HAL_RCC_ClockConfig
 .text.HAL_RCC_EnableCSS
                0x000000000802a628       0x18 ./Drivers/STM32F4xx_HAL_Driver/Src/stm32f4xx_hal_rcc.o
                0x000000000802a628                HAL_RCC_EnableCSS
 .text.HAL_RCC_GetSysClockFreq
                0x000000000802a640      0x18c ./Drivers/STM32F4xx_HAL_Driver/Src/stm32f4xx_hal_rcc.o
                0x000000000802a640                HAL_RCC_GetSysClockFreq
 .text.HAL_RCC_GetHCLKFreq
                0x000000000802a7cc       0x18 ./Drivers/STM32F4xx_HAL_Driver/Src/stm32f4xx_hal_rcc.o
                0x000000000802a7cc                HAL_RCC_GetHCLKFreq
 .text.HAL_RCC_GetPCLK1Freq
                0x000000000802a7e4       0x28 ./Drivers/STM32F4xx_HAL_Driver/Src/stm32f4xx_hal_rcc.o
                0x000000000802a7e4                HAL_RCC_GetPCLK1Freq
 .text.HAL_RCC_GetPCLK2Freq
                0x000000000802a80c       0x28 ./Drivers/STM32F4xx_HAL_Driver/Src/stm32f4xx_hal_rcc.o
                0x000000000802a80c                HAL_RCC_GetPCLK2Freq
 .text.HAL_RCC_NMI_IRQHandler
                0x000000000802a834       0x28 ./Drivers/STM32F4xx_HAL_Driver/Src/stm32f4xx_hal_rcc.o
                0x000000000802a834                HAL_RCC_NMI_IRQHandler
 .text.HAL_RCC_CSSCallback
                0x000000000802a85c        0xe ./Drivers/STM32F4xx_HAL_Driver/Src/stm32f4xx_hal_rcc.o
                0x000000000802a85c                HAL_RCC_CSSCallback
 *fill*         0x000000000802a86a        0x2 
 .text.HAL_RCCEx_PeriphCLKConfig
                0x000000000802a86c      0x1c4 ./Drivers/STM32F4xx_HAL_Driver/Src/stm32f4xx_hal_rcc_ex.o
                0x000000000802a86c                HAL_RCCEx_PeriphCLKConfig
 .text.HAL_RTC_Init
                0x000000000802aa30       0xec ./Drivers/STM32F4xx_HAL_Driver/Src/stm32f4xx_hal_rtc.o
                0x000000000802aa30                HAL_RTC_Init
 .text.HAL_RTC_SetTime
                0x000000000802ab1c      0x134 ./Drivers/STM32F4xx_HAL_Driver/Src/stm32f4xx_hal_rtc.o
                0x000000000802ab1c                HAL_RTC_SetTime
 .text.HAL_RTC_SetDate
                0x000000000802ac50      0x108 ./Drivers/STM32F4xx_HAL_Driver/Src/stm32f4xx_hal_rtc.o
                0x000000000802ac50                HAL_RTC_SetDate
 .text.HAL_RTC_WaitForSynchro
                0x000000000802ad58       0x50 ./Drivers/STM32F4xx_HAL_Driver/Src/stm32f4xx_hal_rtc.o
                0x000000000802ad58                HAL_RTC_WaitForSynchro
 .text.RTC_EnterInitMode
                0x000000000802ada8       0x6e ./Drivers/STM32F4xx_HAL_Driver/Src/stm32f4xx_hal_rtc.o
                0x000000000802ada8                RTC_EnterInitMode
 .text.RTC_ExitInitMode
                0x000000000802ae16       0x4a ./Drivers/STM32F4xx_HAL_Driver/Src/stm32f4xx_hal_rtc.o
                0x000000000802ae16                RTC_ExitInitMode
 .text.RTC_ByteToBcd2
                0x000000000802ae60       0x3a ./Drivers/STM32F4xx_HAL_Driver/Src/stm32f4xx_hal_rtc.o
                0x000000000802ae60                RTC_ByteToBcd2
 .text.HAL_SPI_Init
                0x000000000802ae9a      0x112 ./Drivers/STM32F4xx_HAL_Driver/Src/stm32f4xx_hal_spi.o
                0x000000000802ae9a                HAL_SPI_Init
 .text.HAL_SPI_DeInit
                0x000000000802afac       0x50 ./Drivers/STM32F4xx_HAL_Driver/Src/stm32f4xx_hal_spi.o
                0x000000000802afac                HAL_SPI_DeInit
 .text.HAL_SPI_Transmit
                0x000000000802affc      0x278 ./Drivers/STM32F4xx_HAL_Driver/Src/stm32f4xx_hal_spi.o
                0x000000000802affc                HAL_SPI_Transmit
 .text.HAL_SPI_Receive
                0x000000000802b274      0x222 ./Drivers/STM32F4xx_HAL_Driver/Src/stm32f4xx_hal_spi.o
                0x000000000802b274                HAL_SPI_Receive
 .text.HAL_SPI_TransmitReceive
                0x000000000802b496      0x344 ./Drivers/STM32F4xx_HAL_Driver/Src/stm32f4xx_hal_spi.o
                0x000000000802b496                HAL_SPI_TransmitReceive
 *fill*         0x000000000802b7da        0x2 
 .text.HAL_SPI_IRQHandler
                0x000000000802b7dc      0x1e8 ./Drivers/STM32F4xx_HAL_Driver/Src/stm32f4xx_hal_spi.o
                0x000000000802b7dc                HAL_SPI_IRQHandler
 .text.HAL_SPI_ErrorCallback
                0x000000000802b9c4       0x14 ./Drivers/STM32F4xx_HAL_Driver/Src/stm32f4xx_hal_spi.o
                0x000000000802b9c4                HAL_SPI_ErrorCallback
 .text.HAL_SPI_GetState
                0x000000000802b9d8       0x1c ./Drivers/STM32F4xx_HAL_Driver/Src/stm32f4xx_hal_spi.o
                0x000000000802b9d8                HAL_SPI_GetState
 .text.SPI_DMAAbortOnError
                0x000000000802b9f4       0x28 ./Drivers/STM32F4xx_HAL_Driver/Src/stm32f4xx_hal_spi.o
 .text.SPI_WaitFlagStateUntilTimeout
                0x000000000802ba1c      0x110 ./Drivers/STM32F4xx_HAL_Driver/Src/stm32f4xx_hal_spi.o
 .text.SPI_EndRxTransaction
                0x000000000802bb2c       0xca ./Drivers/STM32F4xx_HAL_Driver/Src/stm32f4xx_hal_spi.o
 *fill*         0x000000000802bbf6        0x2 
 .text.SPI_EndRxTxTransaction
                0x000000000802bbf8       0x84 ./Drivers/STM32F4xx_HAL_Driver/Src/stm32f4xx_hal_spi.o
 .text.HAL_UART_Init
                0x000000000802bc7c       0x9a ./Drivers/STM32F4xx_HAL_Driver/Src/stm32f4xx_hal_uart.o
                0x000000000802bc7c                HAL_UART_Init
 .text.HAL_UART_Transmit
                0x000000000802bd16      0x124 ./Drivers/STM32F4xx_HAL_Driver/Src/stm32f4xx_hal_uart.o
                0x000000000802bd16                HAL_UART_Transmit
 *fill*         0x000000000802be3a        0x2 
 .text.HAL_UART_IRQHandler
                0x000000000802be3c      0x51c ./Drivers/STM32F4xx_HAL_Driver/Src/stm32f4xx_hal_uart.o
                0x000000000802be3c                HAL_UART_IRQHandler
 .text.HAL_UART_TxCpltCallback
                0x000000000802c358       0x14 ./Drivers/STM32F4xx_HAL_Driver/Src/stm32f4xx_hal_uart.o
                0x000000000802c358                HAL_UART_TxCpltCallback
 .text.HAL_UART_RxCpltCallback
                0x000000000802c36c       0x14 ./Drivers/STM32F4xx_HAL_Driver/Src/stm32f4xx_hal_uart.o
                0x000000000802c36c                HAL_UART_RxCpltCallback
 .text.HAL_UART_ErrorCallback
                0x000000000802c380       0x14 ./Drivers/STM32F4xx_HAL_Driver/Src/stm32f4xx_hal_uart.o
                0x000000000802c380                HAL_UART_ErrorCallback
 .text.HAL_UARTEx_RxEventCallback
                0x000000000802c394       0x18 ./Drivers/STM32F4xx_HAL_Driver/Src/stm32f4xx_hal_uart.o
                0x000000000802c394                HAL_UARTEx_RxEventCallback
 .text.UART_WaitOnFlagUntilTimeout
                0x000000000802c3ac       0xdc ./Drivers/STM32F4xx_HAL_Driver/Src/stm32f4xx_hal_uart.o
 .text.UART_EndRxTransfer
                0x000000000802c488       0xc6 ./Drivers/STM32F4xx_HAL_Driver/Src/stm32f4xx_hal_uart.o
 .text.UART_DMAAbortOnError
                0x000000000802c54e       0x28 ./Drivers/STM32F4xx_HAL_Driver/Src/stm32f4xx_hal_uart.o
 .text.UART_Transmit_IT
                0x000000000802c576       0xa0 ./Drivers/STM32F4xx_HAL_Driver/Src/stm32f4xx_hal_uart.o
 .text.UART_EndTransmit_IT
                0x000000000802c616       0x30 ./Drivers/STM32F4xx_HAL_Driver/Src/stm32f4xx_hal_uart.o
 .text.UART_Receive_IT
                0x000000000802c646      0x176 ./Drivers/STM32F4xx_HAL_Driver/Src/stm32f4xx_hal_uart.o
 .text.UART_SetConfig
                0x000000000802c7bc      0x4e8 ./Drivers/STM32F4xx_HAL_Driver/Src/stm32f4xx_hal_uart.o
 .text.FSMC_NAND_Init
                0x000000000802cca4       0x98 ./Drivers/STM32F4xx_HAL_Driver/Src/stm32f4xx_ll_fsmc.o
                0x000000000802cca4                FSMC_NAND_Init
 .text.FSMC_NAND_CommonSpace_Timing_Init
                0x000000000802cd3c       0x6a ./Drivers/STM32F4xx_HAL_Driver/Src/stm32f4xx_ll_fsmc.o
                0x000000000802cd3c                FSMC_NAND_CommonSpace_Timing_Init
 .text.FSMC_NAND_AttributeSpace_Timing_Init
                0x000000000802cda6       0x6a ./Drivers/STM32F4xx_HAL_Driver/Src/stm32f4xx_ll_fsmc.o
                0x000000000802cda6                FSMC_NAND_AttributeSpace_Timing_Init
 .text.USB_CoreInit
                0x000000000802ce10       0xc2 ./Drivers/STM32F4xx_HAL_Driver/Src/stm32f4xx_ll_usb.o
                0x000000000802ce10                USB_CoreInit
 *fill*         0x000000000802ced2        0x2 
 .text.USB_SetTurnaroundTime
                0x000000000802ced4      0x144 ./Drivers/STM32F4xx_HAL_Driver/Src/stm32f4xx_ll_usb.o
                0x000000000802ced4                USB_SetTurnaroundTime
 .text.USB_EnableGlobalInt
                0x000000000802d018       0x22 ./Drivers/STM32F4xx_HAL_Driver/Src/stm32f4xx_ll_usb.o
                0x000000000802d018                USB_EnableGlobalInt
 .text.USB_DisableGlobalInt
                0x000000000802d03a       0x22 ./Drivers/STM32F4xx_HAL_Driver/Src/stm32f4xx_ll_usb.o
                0x000000000802d03a                USB_DisableGlobalInt
 .text.USB_SetCurrentMode
                0x000000000802d05c       0x98 ./Drivers/STM32F4xx_HAL_Driver/Src/stm32f4xx_ll_usb.o
                0x000000000802d05c                USB_SetCurrentMode
 .text.USB_DevInit
                0x000000000802d0f4      0x2c8 ./Drivers/STM32F4xx_HAL_Driver/Src/stm32f4xx_ll_usb.o
                0x000000000802d0f4                USB_DevInit
 .text.USB_FlushTxFifo
                0x000000000802d3bc       0x68 ./Drivers/STM32F4xx_HAL_Driver/Src/stm32f4xx_ll_usb.o
                0x000000000802d3bc                USB_FlushTxFifo
 .text.USB_FlushRxFifo
                0x000000000802d424       0x60 ./Drivers/STM32F4xx_HAL_Driver/Src/stm32f4xx_ll_usb.o
                0x000000000802d424                USB_FlushRxFifo
 .text.USB_SetDevSpeed
                0x000000000802d484       0x32 ./Drivers/STM32F4xx_HAL_Driver/Src/stm32f4xx_ll_usb.o
                0x000000000802d484                USB_SetDevSpeed
 .text.USB_GetDevSpeed
                0x000000000802d4b6       0x4a ./Drivers/STM32F4xx_HAL_Driver/Src/stm32f4xx_ll_usb.o
                0x000000000802d4b6                USB_GetDevSpeed
 .text.USB_ActivateEndpoint
                0x000000000802d500      0x10e ./Drivers/STM32F4xx_HAL_Driver/Src/stm32f4xx_ll_usb.o
                0x000000000802d500                USB_ActivateEndpoint
 *fill*         0x000000000802d60e        0x2 
 .text.USB_DeactivateEndpoint
                0x000000000802d610      0x1b8 ./Drivers/STM32F4xx_HAL_Driver/Src/stm32f4xx_ll_usb.o
                0x000000000802d610                USB_DeactivateEndpoint
 .text.USB_EPStartXfer
                0x000000000802d7c8      0x490 ./Drivers/STM32F4xx_HAL_Driver/Src/stm32f4xx_ll_usb.o
                0x000000000802d7c8                USB_EPStartXfer
 .text.USB_EP0StartXfer
                0x000000000802dc58      0x2b0 ./Drivers/STM32F4xx_HAL_Driver/Src/stm32f4xx_ll_usb.o
                0x000000000802dc58                USB_EP0StartXfer
 .text.USB_EPStopXfer
                0x000000000802df08      0x154 ./Drivers/STM32F4xx_HAL_Driver/Src/stm32f4xx_ll_usb.o
                0x000000000802df08                USB_EPStopXfer
 .text.USB_WritePacket
                0x000000000802e05c       0x7c ./Drivers/STM32F4xx_HAL_Driver/Src/stm32f4xx_ll_usb.o
                0x000000000802e05c                USB_WritePacket
 .text.USB_ReadPacket
                0x000000000802e0d8       0xb0 ./Drivers/STM32F4xx_HAL_Driver/Src/stm32f4xx_ll_usb.o
                0x000000000802e0d8                USB_ReadPacket
 .text.USB_EPSetStall
                0x000000000802e188       0xdc ./Drivers/STM32F4xx_HAL_Driver/Src/stm32f4xx_ll_usb.o
                0x000000000802e188                USB_EPSetStall
 .text.USB_EPClearStall
                0x000000000802e264       0xcc ./Drivers/STM32F4xx_HAL_Driver/Src/stm32f4xx_ll_usb.o
                0x000000000802e264                USB_EPClearStall
 .text.USB_SetDevAddress
                0x000000000802e330       0x4c ./Drivers/STM32F4xx_HAL_Driver/Src/stm32f4xx_ll_usb.o
                0x000000000802e330                USB_SetDevAddress
 .text.USB_DevConnect
                0x000000000802e37c       0x42 ./Drivers/STM32F4xx_HAL_Driver/Src/stm32f4xx_ll_usb.o
                0x000000000802e37c                USB_DevConnect
 .text.USB_DevDisconnect
                0x000000000802e3be       0x42 ./Drivers/STM32F4xx_HAL_Driver/Src/stm32f4xx_ll_usb.o
                0x000000000802e3be                USB_DevDisconnect
 .text.USB_ReadInterrupts
                0x000000000802e400       0x26 ./Drivers/STM32F4xx_HAL_Driver/Src/stm32f4xx_ll_usb.o
                0x000000000802e400                USB_ReadInterrupts
 .text.USB_ReadDevAllOutEpInterrupt
                0x000000000802e426       0x34 ./Drivers/STM32F4xx_HAL_Driver/Src/stm32f4xx_ll_usb.o
                0x000000000802e426                USB_ReadDevAllOutEpInterrupt
 .text.USB_ReadDevAllInEpInterrupt
                0x000000000802e45a       0x34 ./Drivers/STM32F4xx_HAL_Driver/Src/stm32f4xx_ll_usb.o
                0x000000000802e45a                USB_ReadDevAllInEpInterrupt
 .text.USB_ReadDevOutEPInterrupt
                0x000000000802e48e       0x3c ./Drivers/STM32F4xx_HAL_Driver/Src/stm32f4xx_ll_usb.o
                0x000000000802e48e                USB_ReadDevOutEPInterrupt
 .text.USB_ReadDevInEPInterrupt
                0x000000000802e4ca       0x5c ./Drivers/STM32F4xx_HAL_Driver/Src/stm32f4xx_ll_usb.o
                0x000000000802e4ca                USB_ReadDevInEPInterrupt
 .text.USB_GetMode
                0x000000000802e526       0x1c ./Drivers/STM32F4xx_HAL_Driver/Src/stm32f4xx_ll_usb.o
                0x000000000802e526                USB_GetMode
 .text.USB_ActivateSetup
                0x000000000802e542       0x46 ./Drivers/STM32F4xx_HAL_Driver/Src/stm32f4xx_ll_usb.o
                0x000000000802e542                USB_ActivateSetup
 .text.USB_EP0_OutStart
                0x000000000802e588       0xbc ./Drivers/STM32F4xx_HAL_Driver/Src/stm32f4xx_ll_usb.o
                0x000000000802e588                USB_EP0_OutStart
 .text.USB_CoreReset
                0x000000000802e644       0x68 ./Drivers/STM32F4xx_HAL_Driver/Src/stm32f4xx_ll_usb.o
 .text.USBD_CDC_Init
                0x000000000802e6ac      0x1f0 ./Middlewares/ST/STM32_USB_Device_Library/Class/CDC/Src/usbd_cdc.o
 .text.USBD_CDC_DeInit
                0x000000000802e89c      0x104 ./Middlewares/ST/STM32_USB_Device_Library/Class/CDC/Src/usbd_cdc.o
 .text.USBD_CDC_Setup
                0x000000000802e9a0      0x1b8 ./Middlewares/ST/STM32_USB_Device_Library/Class/CDC/Src/usbd_cdc.o
 .text.USBD_CDC_DataIn
                0x000000000802eb58       0xfe ./Middlewares/ST/STM32_USB_Device_Library/Class/CDC/Src/usbd_cdc.o
 .text.USBD_CDC_DataOut
                0x000000000802ec56       0x70 ./Middlewares/ST/STM32_USB_Device_Library/Class/CDC/Src/usbd_cdc.o
 .text.USBD_CDC_EP0_RxReady
                0x000000000802ecc6       0x76 ./Middlewares/ST/STM32_USB_Device_Library/Class/CDC/Src/usbd_cdc.o
 .text.USBD_CDC_GetFSCfgDesc
                0x000000000802ed3c       0x70 ./Middlewares/ST/STM32_USB_Device_Library/Class/CDC/Src/usbd_cdc.o
 .text.USBD_CDC_GetHSCfgDesc
                0x000000000802edac       0x70 ./Middlewares/ST/STM32_USB_Device_Library/Class/CDC/Src/usbd_cdc.o
 .text.USBD_CDC_GetOtherSpeedCfgDesc
                0x000000000802ee1c       0x70 ./Middlewares/ST/STM32_USB_Device_Library/Class/CDC/Src/usbd_cdc.o
 .text.USBD_CDC_GetDeviceQualifierDescriptor
                0x000000000802ee8c       0x20 ./Middlewares/ST/STM32_USB_Device_Library/Class/CDC/Src/usbd_cdc.o
                0x000000000802ee8c                USBD_CDC_GetDeviceQualifierDescriptor
 .text.USBD_CDC_RegisterInterface
                0x000000000802eeac       0x34 ./Middlewares/ST/STM32_USB_Device_Library/Class/CDC/Src/usbd_cdc.o
                0x000000000802eeac                USBD_CDC_RegisterInterface
 .text.USBD_CDC_SetTxBuffer
                0x000000000802eee0       0x44 ./Middlewares/ST/STM32_USB_Device_Library/Class/CDC/Src/usbd_cdc.o
                0x000000000802eee0                USBD_CDC_SetTxBuffer
 .text.USBD_CDC_SetRxBuffer
                0x000000000802ef24       0x3a ./Middlewares/ST/STM32_USB_Device_Library/Class/CDC/Src/usbd_cdc.o
                0x000000000802ef24                USBD_CDC_SetRxBuffer
 *fill*         0x000000000802ef5e        0x2 
 .text.USBD_CDC_TransmitPacket
                0x000000000802ef60       0x8c ./Middlewares/ST/STM32_USB_Device_Library/Class/CDC/Src/usbd_cdc.o
                0x000000000802ef60                USBD_CDC_TransmitPacket
 .text.USBD_CDC_ReceivePacket
                0x000000000802efec       0x6c ./Middlewares/ST/STM32_USB_Device_Library/Class/CDC/Src/usbd_cdc.o
                0x000000000802efec                USBD_CDC_ReceivePacket
 .text.USBD_Init
                0x000000000802f058       0x60 ./Middlewares/ST/STM32_USB_Device_Library/Core/Src/usbd_core.o
                0x000000000802f058                USBD_Init
 .text.USBD_RegisterClass
                0x000000000802f0b8       0x6c ./Middlewares/ST/STM32_USB_Device_Library/Core/Src/usbd_core.o
                0x000000000802f0b8                USBD_RegisterClass
 .text.USBD_Start
                0x000000000802f124       0x18 ./Middlewares/ST/STM32_USB_Device_Library/Core/Src/usbd_core.o
                0x000000000802f124                USBD_Start
 .text.USBD_RunTestMode
                0x000000000802f13c       0x16 ./Middlewares/ST/STM32_USB_Device_Library/Core/Src/usbd_core.o
                0x000000000802f13c                USBD_RunTestMode
 .text.USBD_SetClassConfig
                0x000000000802f152       0x38 ./Middlewares/ST/STM32_USB_Device_Library/Core/Src/usbd_core.o
                0x000000000802f152                USBD_SetClassConfig
 .text.USBD_ClrClassConfig
                0x000000000802f18a       0x34 ./Middlewares/ST/STM32_USB_Device_Library/Core/Src/usbd_core.o
                0x000000000802f18a                USBD_ClrClassConfig
 .text.USBD_LL_SetupStage
                0x000000000802f1be       0xaa ./Middlewares/ST/STM32_USB_Device_Library/Core/Src/usbd_core.o
                0x000000000802f1be                USBD_LL_SetupStage
 .text.USBD_LL_DataOutStage
                0x000000000802f268      0x166 ./Middlewares/ST/STM32_USB_Device_Library/Core/Src/usbd_core.o
                0x000000000802f268                USBD_LL_DataOutStage
 .text.USBD_LL_DataInStage
                0x000000000802f3ce      0x164 ./Middlewares/ST/STM32_USB_Device_Library/Core/Src/usbd_core.o
                0x000000000802f3ce                USBD_LL_DataInStage
 .text.USBD_LL_Reset
                0x000000000802f532       0xa4 ./Middlewares/ST/STM32_USB_Device_Library/Core/Src/usbd_core.o
                0x000000000802f532                USBD_LL_Reset
 .text.USBD_LL_SetSpeed
                0x000000000802f5d6       0x20 ./Middlewares/ST/STM32_USB_Device_Library/Core/Src/usbd_core.o
                0x000000000802f5d6                USBD_LL_SetSpeed
 .text.USBD_LL_Suspend
                0x000000000802f5f6       0x2c ./Middlewares/ST/STM32_USB_Device_Library/Core/Src/usbd_core.o
                0x000000000802f5f6                USBD_LL_Suspend
 .text.USBD_LL_Resume
                0x000000000802f622       0x30 ./Middlewares/ST/STM32_USB_Device_Library/Core/Src/usbd_core.o
                0x000000000802f622                USBD_LL_Resume
 .text.USBD_LL_SOF
                0x000000000802f652       0x40 ./Middlewares/ST/STM32_USB_Device_Library/Core/Src/usbd_core.o
                0x000000000802f652                USBD_LL_SOF
 .text.USBD_LL_IsoINIncomplete
                0x000000000802f692       0x64 ./Middlewares/ST/STM32_USB_Device_Library/Core/Src/usbd_core.o
                0x000000000802f692                USBD_LL_IsoINIncomplete
 .text.USBD_LL_IsoOUTIncomplete
                0x000000000802f6f6       0x64 ./Middlewares/ST/STM32_USB_Device_Library/Core/Src/usbd_core.o
                0x000000000802f6f6                USBD_LL_IsoOUTIncomplete
 .text.USBD_LL_DevConnected
                0x000000000802f75a       0x16 ./Middlewares/ST/STM32_USB_Device_Library/Core/Src/usbd_core.o
                0x000000000802f75a                USBD_LL_DevConnected
 .text.USBD_LL_DevDisconnected
                0x000000000802f770       0x46 ./Middlewares/ST/STM32_USB_Device_Library/Core/Src/usbd_core.o
                0x000000000802f770                USBD_LL_DevDisconnected
 .text.USBD_CoreFindIF
                0x000000000802f7b6       0x1a ./Middlewares/ST/STM32_USB_Device_Library/Core/Src/usbd_core.o
                0x000000000802f7b6                USBD_CoreFindIF
 .text.USBD_CoreFindEP
                0x000000000802f7d0       0x1a ./Middlewares/ST/STM32_USB_Device_Library/Core/Src/usbd_core.o
                0x000000000802f7d0                USBD_CoreFindEP
 .text.USBD_GetEpDesc
                0x000000000802f7ea       0x74 ./Middlewares/ST/STM32_USB_Device_Library/Core/Src/usbd_core.o
                0x000000000802f7ea                USBD_GetEpDesc
 .text.USBD_GetNextDesc
                0x000000000802f85e       0x3a ./Middlewares/ST/STM32_USB_Device_Library/Core/Src/usbd_core.o
                0x000000000802f85e                USBD_GetNextDesc
 .text.SWAPBYTE
                0x000000000802f898       0x3c ./Middlewares/ST/STM32_USB_Device_Library/Core/Src/usbd_ctlreq.o
 .text.USBD_StdDevReq
                0x000000000802f8d4       0xe4 ./Middlewares/ST/STM32_USB_Device_Library/Core/Src/usbd_ctlreq.o
                0x000000000802f8d4                USBD_StdDevReq
 .text.USBD_StdItfReq
                0x000000000802f9b8       0xd8 ./Middlewares/ST/STM32_USB_Device_Library/Core/Src/usbd_ctlreq.o
                0x000000000802f9b8                USBD_StdItfReq
 .text.USBD_StdEPReq
                0x000000000802fa90      0x33a ./Middlewares/ST/STM32_USB_Device_Library/Core/Src/usbd_ctlreq.o
                0x000000000802fa90                USBD_StdEPReq
 *fill*         0x000000000802fdca        0x2 
 .text.USBD_GetDescriptor
                0x000000000802fdcc      0x2d4 ./Middlewares/ST/STM32_USB_Device_Library/Core/Src/usbd_ctlreq.o
 .text.USBD_SetAddress
                0x00000000080300a0       0x88 ./Middlewares/ST/STM32_USB_Device_Library/Core/Src/usbd_ctlreq.o
 .text.USBD_SetConfig
                0x0000000008030128      0x154 ./Middlewares/ST/STM32_USB_Device_Library/Core/Src/usbd_ctlreq.o
 .text.USBD_GetConfig
                0x000000000803027c       0x6c ./Middlewares/ST/STM32_USB_Device_Library/Core/Src/usbd_ctlreq.o
 .text.USBD_GetStatus
                0x00000000080302e8       0x68 ./Middlewares/ST/STM32_USB_Device_Library/Core/Src/usbd_ctlreq.o
 .text.USBD_SetFeature
                0x0000000008030350       0x52 ./Middlewares/ST/STM32_USB_Device_Library/Core/Src/usbd_ctlreq.o
 .text.USBD_ClrFeature
                0x00000000080303a2       0x44 ./Middlewares/ST/STM32_USB_Device_Library/Core/Src/usbd_ctlreq.o
 .text.USBD_ParseSetupRequest
                0x00000000080303e6       0x74 ./Middlewares/ST/STM32_USB_Device_Library/Core/Src/usbd_ctlreq.o
                0x00000000080303e6                USBD_ParseSetupRequest
 .text.USBD_CtlError
                0x000000000803045a       0x22 ./Middlewares/ST/STM32_USB_Device_Library/Core/Src/usbd_ctlreq.o
                0x000000000803045a                USBD_CtlError
 .text.USBD_GetString
                0x000000000803047c       0x8c ./Middlewares/ST/STM32_USB_Device_Library/Core/Src/usbd_ctlreq.o
                0x000000000803047c                USBD_GetString
 .text.USBD_GetLen
                0x0000000008030508       0x34 ./Middlewares/ST/STM32_USB_Device_Library/Core/Src/usbd_ctlreq.o
 .text.USBD_CtlSendData
                0x000000000803053c       0x36 ./Middlewares/ST/STM32_USB_Device_Library/Core/Src/usbd_ioreq.o
                0x000000000803053c                USBD_CtlSendData
 .text.USBD_CtlContinueSendData
                0x0000000008030572       0x22 ./Middlewares/ST/STM32_USB_Device_Library/Core/Src/usbd_ioreq.o
                0x0000000008030572                USBD_CtlContinueSendData
 .text.USBD_CtlPrepareRx
                0x0000000008030594       0x3a ./Middlewares/ST/STM32_USB_Device_Library/Core/Src/usbd_ioreq.o
                0x0000000008030594                USBD_CtlPrepareRx
 .text.USBD_CtlContinueRx
                0x00000000080305ce       0x22 ./Middlewares/ST/STM32_USB_Device_Library/Core/Src/usbd_ioreq.o
                0x00000000080305ce                USBD_CtlContinueRx
 .text.USBD_CtlSendStatus
                0x00000000080305f0       0x26 ./Middlewares/ST/STM32_USB_Device_Library/Core/Src/usbd_ioreq.o
                0x00000000080305f0                USBD_CtlSendStatus
 .text.USBD_CtlReceiveStatus
                0x0000000008030616       0x26 ./Middlewares/ST/STM32_USB_Device_Library/Core/Src/usbd_ioreq.o
                0x0000000008030616                USBD_CtlReceiveStatus
 .text.USBD_GetRxCount
                0x000000000803063c       0x20 ./Middlewares/ST/STM32_USB_Device_Library/Core/Src/usbd_ioreq.o
                0x000000000803063c                USBD_GetRxCount
 .text.MX_USB_DEVICE_Init
                0x000000000803065c       0xb4 ./USB_DEVICE/App/usb_device.o
                0x000000000803065c                MX_USB_DEVICE_Init
 .text.CDC_Init_FS
                0x0000000008030710       0x28 ./USB_DEVICE/App/usbd_cdc_if.o
 .text.CDC_DeInit_FS
                0x0000000008030738       0x10 ./USB_DEVICE/App/usbd_cdc_if.o
 .text.CDC_Control_FS
                0x0000000008030748       0xbc ./USB_DEVICE/App/usbd_cdc_if.o
 .text.CDC_Receive_FS
                0x0000000008030804       0x28 ./USB_DEVICE/App/usbd_cdc_if.o
 .text.CDC_TransmitCplt_FS
                0x000000000803082c       0x22 ./USB_DEVICE/App/usbd_cdc_if.o
 *fill*         0x000000000803084e        0x2 
 .text.CDC_Init_HS
                0x0000000008030850       0x28 ./USB_DEVICE/App/usbd_cdc_if.o
 .text.CDC_DeInit_HS
                0x0000000008030878       0x10 ./USB_DEVICE/App/usbd_cdc_if.o
 .text.CDC_Control_HS
                0x0000000008030888       0xbc ./USB_DEVICE/App/usbd_cdc_if.o
 .text.CDC_Receive_HS
                0x0000000008030944       0x30 ./USB_DEVICE/App/usbd_cdc_if.o
 .text.CDC_Transmit_HS
                0x0000000008030974       0x54 ./USB_DEVICE/App/usbd_cdc_if.o
                0x0000000008030974                CDC_Transmit_HS
 .text.CDC_TransmitCplt_HS
                0x00000000080309c8       0x2c ./USB_DEVICE/App/usbd_cdc_if.o
 .text.USBD_HS_DeviceDescriptor
                0x00000000080309f4       0x24 ./USB_DEVICE/App/usbd_desc.o
                0x00000000080309f4                USBD_HS_DeviceDescriptor
 .text.USBD_HS_LangIDStrDescriptor
                0x0000000008030a18       0x24 ./USB_DEVICE/App/usbd_desc.o
                0x0000000008030a18                USBD_HS_LangIDStrDescriptor
 .text.USBD_HS_ProductStrDescriptor
                0x0000000008030a3c       0x3c ./USB_DEVICE/App/usbd_desc.o
                0x0000000008030a3c                USBD_HS_ProductStrDescriptor
 .text.USBD_HS_ManufacturerStrDescriptor
                0x0000000008030a78       0x28 ./USB_DEVICE/App/usbd_desc.o
                0x0000000008030a78                USBD_HS_ManufacturerStrDescriptor
 .text.USBD_HS_SerialStrDescriptor
                0x0000000008030aa0       0x24 ./USB_DEVICE/App/usbd_desc.o
                0x0000000008030aa0                USBD_HS_SerialStrDescriptor
 .text.USBD_HS_ConfigStrDescriptor
                0x0000000008030ac4       0x3c ./USB_DEVICE/App/usbd_desc.o
                0x0000000008030ac4                USBD_HS_ConfigStrDescriptor
 .text.USBD_HS_InterfaceStrDescriptor
                0x0000000008030b00       0x3c ./USB_DEVICE/App/usbd_desc.o
                0x0000000008030b00                USBD_HS_InterfaceStrDescriptor
 .text.USBD_FS_DeviceDescriptor
                0x0000000008030b3c       0x24 ./USB_DEVICE/App/usbd_desc.o
                0x0000000008030b3c                USBD_FS_DeviceDescriptor
 .text.USBD_FS_LangIDStrDescriptor
                0x0000000008030b60       0x24 ./USB_DEVICE/App/usbd_desc.o
                0x0000000008030b60                USBD_FS_LangIDStrDescriptor
 .text.USBD_FS_ProductStrDescriptor
                0x0000000008030b84       0x3c ./USB_DEVICE/App/usbd_desc.o
                0x0000000008030b84                USBD_FS_ProductStrDescriptor
 .text.USBD_FS_ManufacturerStrDescriptor
                0x0000000008030bc0       0x28 ./USB_DEVICE/App/usbd_desc.o
                0x0000000008030bc0                USBD_FS_ManufacturerStrDescriptor
 .text.USBD_FS_SerialStrDescriptor
                0x0000000008030be8       0x24 ./USB_DEVICE/App/usbd_desc.o
                0x0000000008030be8                USBD_FS_SerialStrDescriptor
 .text.USBD_FS_ConfigStrDescriptor
                0x0000000008030c0c       0x3c ./USB_DEVICE/App/usbd_desc.o
                0x0000000008030c0c                USBD_FS_ConfigStrDescriptor
 .text.USBD_FS_InterfaceStrDescriptor
                0x0000000008030c48       0x3c ./USB_DEVICE/App/usbd_desc.o
                0x0000000008030c48                USBD_FS_InterfaceStrDescriptor
 .text.Get_SerialNum
                0x0000000008030c84       0x38 ./USB_DEVICE/App/usbd_desc.o
 .text.IntToUnicode
                0x0000000008030cbc       0x7e ./USB_DEVICE/App/usbd_desc.o
 *fill*         0x0000000008030d3a        0x2 
 .text.HAL_PCD_MspInit
                0x0000000008030d3c      0x1e0 ./USB_DEVICE/Target/usbd_conf.o
                0x0000000008030d3c                HAL_PCD_MspInit
 .text.HAL_PCD_SetupStageCallback
                0x0000000008030f1c       0x24 ./USB_DEVICE/Target/usbd_conf.o
                0x0000000008030f1c                HAL_PCD_SetupStageCallback
 .text.HAL_PCD_DataOutStageCallback
                0x0000000008030f40       0x36 ./USB_DEVICE/Target/usbd_conf.o
                0x0000000008030f40                HAL_PCD_DataOutStageCallback
 .text.HAL_PCD_DataInStageCallback
                0x0000000008030f76       0x34 ./USB_DEVICE/Target/usbd_conf.o
                0x0000000008030f76                HAL_PCD_DataInStageCallback
 .text.HAL_PCD_SOFCallback
                0x0000000008030faa       0x1c ./USB_DEVICE/Target/usbd_conf.o
                0x0000000008030faa                HAL_PCD_SOFCallback
 .text.HAL_PCD_ResetCallback
                0x0000000008030fc6       0x50 ./USB_DEVICE/Target/usbd_conf.o
                0x0000000008030fc6                HAL_PCD_ResetCallback
 *fill*         0x0000000008031016        0x2 
 .text.HAL_PCD_SuspendCallback
                0x0000000008031018       0x4c ./USB_DEVICE/Target/usbd_conf.o
                0x0000000008031018                HAL_PCD_SuspendCallback
 .text.HAL_PCD_ResumeCallback
                0x0000000008031064       0x1c ./USB_DEVICE/Target/usbd_conf.o
                0x0000000008031064                HAL_PCD_ResumeCallback
 .text.HAL_PCD_ISOOUTIncompleteCallback
                0x0000000008031080       0x24 ./USB_DEVICE/Target/usbd_conf.o
                0x0000000008031080                HAL_PCD_ISOOUTIncompleteCallback
 .text.HAL_PCD_ISOINIncompleteCallback
                0x00000000080310a4       0x24 ./USB_DEVICE/Target/usbd_conf.o
                0x00000000080310a4                HAL_PCD_ISOINIncompleteCallback
 .text.HAL_PCD_ConnectCallback
                0x00000000080310c8       0x1c ./USB_DEVICE/Target/usbd_conf.o
                0x00000000080310c8                HAL_PCD_ConnectCallback
 .text.HAL_PCD_DisconnectCallback
                0x00000000080310e4       0x1c ./USB_DEVICE/Target/usbd_conf.o
                0x00000000080310e4                HAL_PCD_DisconnectCallback
 .text.USBD_LL_Init
                0x0000000008031100      0x12c ./USB_DEVICE/Target/usbd_conf.o
                0x0000000008031100                USBD_LL_Init
 .text.USBD_LL_Start
                0x000000000803122c       0x36 ./USB_DEVICE/Target/usbd_conf.o
                0x000000000803122c                USBD_LL_Start
 .text.USBD_LL_OpenEP
                0x0000000008031262       0x4c ./USB_DEVICE/Target/usbd_conf.o
                0x0000000008031262                USBD_LL_OpenEP
 .text.USBD_LL_CloseEP
                0x00000000080312ae       0x3e ./USB_DEVICE/Target/usbd_conf.o
                0x00000000080312ae                USBD_LL_CloseEP
 .text.USBD_LL_StallEP
                0x00000000080312ec       0x3e ./USB_DEVICE/Target/usbd_conf.o
                0x00000000080312ec                USBD_LL_StallEP
 .text.USBD_LL_ClearStallEP
                0x000000000803132a       0x3e ./USB_DEVICE/Target/usbd_conf.o
                0x000000000803132a                USBD_LL_ClearStallEP
 .text.USBD_LL_IsStallEP
                0x0000000008031368       0x58 ./USB_DEVICE/Target/usbd_conf.o
                0x0000000008031368                USBD_LL_IsStallEP
 .text.USBD_LL_SetUSBAddress
                0x00000000080313c0       0x3e ./USB_DEVICE/Target/usbd_conf.o
                0x00000000080313c0                USBD_LL_SetUSBAddress
 .text.USBD_LL_Transmit
                0x00000000080313fe       0x42 ./USB_DEVICE/Target/usbd_conf.o
                0x00000000080313fe                USBD_LL_Transmit
 .text.USBD_LL_PrepareReceive
                0x0000000008031440       0x42 ./USB_DEVICE/Target/usbd_conf.o
                0x0000000008031440                USBD_LL_PrepareReceive
 .text.USBD_LL_GetRxDataSize
                0x0000000008031482       0x26 ./USB_DEVICE/Target/usbd_conf.o
                0x0000000008031482                USBD_LL_GetRxDataSize
 .text.USBD_static_malloc
                0x00000000080314a8       0x1c ./USB_DEVICE/Target/usbd_conf.o
                0x00000000080314a8                USBD_static_malloc
 .text.USBD_static_free
                0x00000000080314c4       0x14 ./USB_DEVICE/Target/usbd_conf.o
                0x00000000080314c4                USBD_static_free
 .text.USBD_Get_USB_Status
                0x00000000080314d8       0x58 ./USB_DEVICE/Target/usbd_conf.o
                0x00000000080314d8                USBD_Get_USB_Status
 .text.std      0x0000000008031530       0x6c C:/ST/STM32CubeIDE_1.13.2/STM32CubeIDE/plugins/com.st.stm32cube.ide.mcu.externaltools.gnu-tools-for-stm32.11.3.rel1.win32_1.1.1.202309131626/tools/bin/../lib/gcc/arm-none-eabi/11.3.1/../../../../arm-none-eabi/lib/thumb/v7e-m+fp/hard\libc_nano.a(libc_a-findfp.o)
 .text.stdio_exit_handler
                0x000000000803159c       0x18 C:/ST/STM32CubeIDE_1.13.2/STM32CubeIDE/plugins/com.st.stm32cube.ide.mcu.externaltools.gnu-tools-for-stm32.11.3.rel1.win32_1.1.1.202309131626/tools/bin/../lib/gcc/arm-none-eabi/11.3.1/../../../../arm-none-eabi/lib/thumb/v7e-m+fp/hard\libc_nano.a(libc_a-findfp.o)
 .text.cleanup_stdio
                0x00000000080315b4       0x40 C:/ST/STM32CubeIDE_1.13.2/STM32CubeIDE/plugins/com.st.stm32cube.ide.mcu.externaltools.gnu-tools-for-stm32.11.3.rel1.win32_1.1.1.202309131626/tools/bin/../lib/gcc/arm-none-eabi/11.3.1/../../../../arm-none-eabi/lib/thumb/v7e-m+fp/hard\libc_nano.a(libc_a-findfp.o)
 .text.global_stdio_init.part.0
                0x00000000080315f4       0x3c C:/ST/STM32CubeIDE_1.13.2/STM32CubeIDE/plugins/com.st.stm32cube.ide.mcu.externaltools.gnu-tools-for-stm32.11.3.rel1.win32_1.1.1.202309131626/tools/bin/../lib/gcc/arm-none-eabi/11.3.1/../../../../arm-none-eabi/lib/thumb/v7e-m+fp/hard\libc_nano.a(libc_a-findfp.o)
 .text.__sfp_lock_acquire
                0x0000000008031630        0xc C:/ST/STM32CubeIDE_1.13.2/STM32CubeIDE/plugins/com.st.stm32cube.ide.mcu.externaltools.gnu-tools-for-stm32.11.3.rel1.win32_1.1.1.202309131626/tools/bin/../lib/gcc/arm-none-eabi/11.3.1/../../../../arm-none-eabi/lib/thumb/v7e-m+fp/hard\libc_nano.a(libc_a-findfp.o)
                0x0000000008031630                __sfp_lock_acquire
 .text.__sfp_lock_release
                0x000000000803163c        0xc C:/ST/STM32CubeIDE_1.13.2/STM32CubeIDE/plugins/com.st.stm32cube.ide.mcu.externaltools.gnu-tools-for-stm32.11.3.rel1.win32_1.1.1.202309131626/tools/bin/../lib/gcc/arm-none-eabi/11.3.1/../../../../arm-none-eabi/lib/thumb/v7e-m+fp/hard\libc_nano.a(libc_a-findfp.o)
                0x000000000803163c                __sfp_lock_release
 .text.__sinit  0x0000000008031648       0x30 C:/ST/STM32CubeIDE_1.13.2/STM32CubeIDE/plugins/com.st.stm32cube.ide.mcu.externaltools.gnu-tools-for-stm32.11.3.rel1.win32_1.1.1.202309131626/tools/bin/../lib/gcc/arm-none-eabi/11.3.1/../../../../arm-none-eabi/lib/thumb/v7e-m+fp/hard\libc_nano.a(libc_a-findfp.o)
                0x0000000008031648                __sinit
 .text._fwalk_sglue
                0x0000000008031678       0x3c C:/ST/STM32CubeIDE_1.13.2/STM32CubeIDE/plugins/com.st.stm32cube.ide.mcu.externaltools.gnu-tools-for-stm32.11.3.rel1.win32_1.1.1.202309131626/tools/bin/../lib/gcc/arm-none-eabi/11.3.1/../../../../arm-none-eabi/lib/thumb/v7e-m+fp/hard\libc_nano.a(libc_a-fwalk.o)
                0x0000000008031678                _fwalk_sglue
 .text.printf   0x00000000080316b4       0x24 C:/ST/STM32CubeIDE_1.13.2/STM32CubeIDE/plugins/com.st.stm32cube.ide.mcu.externaltools.gnu-tools-for-stm32.11.3.rel1.win32_1.1.1.202309131626/tools/bin/../lib/gcc/arm-none-eabi/11.3.1/../../../../arm-none-eabi/lib/thumb/v7e-m+fp/hard\libc_nano.a(libc_a-printf.o)
                0x00000000080316b4                iprintf
                0x00000000080316b4                printf
 .text._puts_r  0x00000000080316d8       0xa8 C:/ST/STM32CubeIDE_1.13.2/STM32CubeIDE/plugins/com.st.stm32cube.ide.mcu.externaltools.gnu-tools-for-stm32.11.3.rel1.win32_1.1.1.202309131626/tools/bin/../lib/gcc/arm-none-eabi/11.3.1/../../../../arm-none-eabi/lib/thumb/v7e-m+fp/hard\libc_nano.a(libc_a-puts.o)
                0x00000000080316d8                _puts_r
 .text.puts     0x0000000008031780       0x10 C:/ST/STM32CubeIDE_1.13.2/STM32CubeIDE/plugins/com.st.stm32cube.ide.mcu.externaltools.gnu-tools-for-stm32.11.3.rel1.win32_1.1.1.202309131626/tools/bin/../lib/gcc/arm-none-eabi/11.3.1/../../../../arm-none-eabi/lib/thumb/v7e-m+fp/hard\libc_nano.a(libc_a-puts.o)
                0x0000000008031780                puts
 .text.__sread  0x0000000008031790       0x22 C:/ST/STM32CubeIDE_1.13.2/STM32CubeIDE/plugins/com.st.stm32cube.ide.mcu.externaltools.gnu-tools-for-stm32.11.3.rel1.win32_1.1.1.202309131626/tools/bin/../lib/gcc/arm-none-eabi/11.3.1/../../../../arm-none-eabi/lib/thumb/v7e-m+fp/hard\libc_nano.a(libc_a-stdio.o)
                0x0000000008031790                __sread
 .text.__swrite
                0x00000000080317b2       0x38 C:/ST/STM32CubeIDE_1.13.2/STM32CubeIDE/plugins/com.st.stm32cube.ide.mcu.externaltools.gnu-tools-for-stm32.11.3.rel1.win32_1.1.1.202309131626/tools/bin/../lib/gcc/arm-none-eabi/11.3.1/../../../../arm-none-eabi/lib/thumb/v7e-m+fp/hard\libc_nano.a(libc_a-stdio.o)
                0x00000000080317b2                __swrite
 .text.__sseek  0x00000000080317ea       0x24 C:/ST/STM32CubeIDE_1.13.2/STM32CubeIDE/plugins/com.st.stm32cube.ide.mcu.externaltools.gnu-tools-for-stm32.11.3.rel1.win32_1.1.1.202309131626/tools/bin/../lib/gcc/arm-none-eabi/11.3.1/../../../../arm-none-eabi/lib/thumb/v7e-m+fp/hard\libc_nano.a(libc_a-stdio.o)
                0x00000000080317ea                __sseek
 .text.__sclose
                0x000000000803180e        0x8 C:/ST/STM32CubeIDE_1.13.2/STM32CubeIDE/plugins/com.st.stm32cube.ide.mcu.externaltools.gnu-tools-for-stm32.11.3.rel1.win32_1.1.1.202309131626/tools/bin/../lib/gcc/arm-none-eabi/11.3.1/../../../../arm-none-eabi/lib/thumb/v7e-m+fp/hard\libc_nano.a(libc_a-stdio.o)
                0x000000000803180e                __sclose
 .text.__swbuf_r
                0x0000000008031816       0x7a C:/ST/STM32CubeIDE_1.13.2/STM32CubeIDE/plugins/com.st.stm32cube.ide.mcu.externaltools.gnu-tools-for-stm32.11.3.rel1.win32_1.1.1.202309131626/tools/bin/../lib/gcc/arm-none-eabi/11.3.1/../../../../arm-none-eabi/lib/thumb/v7e-m+fp/hard\libc_nano.a(libc_a-wbuf.o)
                0x0000000008031816                __swbuf_r
 .text.__swsetup_r
                0x0000000008031890       0xb0 C:/ST/STM32CubeIDE_1.13.2/STM32CubeIDE/plugins/com.st.stm32cube.ide.mcu.externaltools.gnu-tools-for-stm32.11.3.rel1.win32_1.1.1.202309131626/tools/bin/../lib/gcc/arm-none-eabi/11.3.1/../../../../arm-none-eabi/lib/thumb/v7e-m+fp/hard\libc_nano.a(libc_a-wsetup.o)
                0x0000000008031890                __swsetup_r
 .text.memset   0x0000000008031940       0x10 C:/ST/STM32CubeIDE_1.13.2/STM32CubeIDE/plugins/com.st.stm32cube.ide.mcu.externaltools.gnu-tools-for-stm32.11.3.rel1.win32_1.1.1.202309131626/tools/bin/../lib/gcc/arm-none-eabi/11.3.1/../../../../arm-none-eabi/lib/thumb/v7e-m+fp/hard\libc_nano.a(libc_a-memset.o)
                0x0000000008031940                memset
 .text._close_r
                0x0000000008031950       0x20 C:/ST/STM32CubeIDE_1.13.2/STM32CubeIDE/plugins/com.st.stm32cube.ide.mcu.externaltools.gnu-tools-for-stm32.11.3.rel1.win32_1.1.1.202309131626/tools/bin/../lib/gcc/arm-none-eabi/11.3.1/../../../../arm-none-eabi/lib/thumb/v7e-m+fp/hard\libc_nano.a(libc_a-closer.o)
                0x0000000008031950                _close_r
 .text._lseek_r
                0x0000000008031970       0x24 C:/ST/STM32CubeIDE_1.13.2/STM32CubeIDE/plugins/com.st.stm32cube.ide.mcu.externaltools.gnu-tools-for-stm32.11.3.rel1.win32_1.1.1.202309131626/tools/bin/../lib/gcc/arm-none-eabi/11.3.1/../../../../arm-none-eabi/lib/thumb/v7e-m+fp/hard\libc_nano.a(libc_a-lseekr.o)
                0x0000000008031970                _lseek_r
 .text._read_r  0x0000000008031994       0x24 C:/ST/STM32CubeIDE_1.13.2/STM32CubeIDE/plugins/com.st.stm32cube.ide.mcu.externaltools.gnu-tools-for-stm32.11.3.rel1.win32_1.1.1.202309131626/tools/bin/../lib/gcc/arm-none-eabi/11.3.1/../../../../arm-none-eabi/lib/thumb/v7e-m+fp/hard\libc_nano.a(libc_a-readr.o)
                0x0000000008031994                _read_r
 .text._write_r
                0x00000000080319b8       0x24 C:/ST/STM32CubeIDE_1.13.2/STM32CubeIDE/plugins/com.st.stm32cube.ide.mcu.externaltools.gnu-tools-for-stm32.11.3.rel1.win32_1.1.1.202309131626/tools/bin/../lib/gcc/arm-none-eabi/11.3.1/../../../../arm-none-eabi/lib/thumb/v7e-m+fp/hard\libc_nano.a(libc_a-writer.o)
                0x00000000080319b8                _write_r
 .text.__errno  0x00000000080319dc        0xc C:/ST/STM32CubeIDE_1.13.2/STM32CubeIDE/plugins/com.st.stm32cube.ide.mcu.externaltools.gnu-tools-for-stm32.11.3.rel1.win32_1.1.1.202309131626/tools/bin/../lib/gcc/arm-none-eabi/11.3.1/../../../../arm-none-eabi/lib/thumb/v7e-m+fp/hard\libc_nano.a(libc_a-errno.o)
                0x00000000080319dc                __errno
 .text.__libc_init_array
                0x00000000080319e8       0x48 C:/ST/STM32CubeIDE_1.13.2/STM32CubeIDE/plugins/com.st.stm32cube.ide.mcu.externaltools.gnu-tools-for-stm32.11.3.rel1.win32_1.1.1.202309131626/tools/bin/../lib/gcc/arm-none-eabi/11.3.1/../../../../arm-none-eabi/lib/thumb/v7e-m+fp/hard\libc_nano.a(libc_a-init.o)
                0x00000000080319e8                __libc_init_array
 .text.__retarget_lock_init_recursive
                0x0000000008031a30        0x2 C:/ST/STM32CubeIDE_1.13.2/STM32CubeIDE/plugins/com.st.stm32cube.ide.mcu.externaltools.gnu-tools-for-stm32.11.3.rel1.win32_1.1.1.202309131626/tools/bin/../lib/gcc/arm-none-eabi/11.3.1/../../../../arm-none-eabi/lib/thumb/v7e-m+fp/hard\libc_nano.a(libc_a-lock.o)
                0x0000000008031a30                __retarget_lock_init_recursive
 .text.__retarget_lock_acquire_recursive
                0x0000000008031a32        0x2 C:/ST/STM32CubeIDE_1.13.2/STM32CubeIDE/plugins/com.st.stm32cube.ide.mcu.externaltools.gnu-tools-for-stm32.11.3.rel1.win32_1.1.1.202309131626/tools/bin/../lib/gcc/arm-none-eabi/11.3.1/../../../../arm-none-eabi/lib/thumb/v7e-m+fp/hard\libc_nano.a(libc_a-lock.o)
                0x0000000008031a32                __retarget_lock_acquire_recursive
 .text.__retarget_lock_release_recursive
                0x0000000008031a34        0x2 C:/ST/STM32CubeIDE_1.13.2/STM32CubeIDE/plugins/com.st.stm32cube.ide.mcu.externaltools.gnu-tools-for-stm32.11.3.rel1.win32_1.1.1.202309131626/tools/bin/../lib/gcc/arm-none-eabi/11.3.1/../../../../arm-none-eabi/lib/thumb/v7e-m+fp/hard\libc_nano.a(libc_a-lock.o)
                0x0000000008031a34                __retarget_lock_release_recursive
 .text.memcpy   0x0000000008031a36       0x1c C:/ST/STM32CubeIDE_1.13.2/STM32CubeIDE/plugins/com.st.stm32cube.ide.mcu.externaltools.gnu-tools-for-stm32.11.3.rel1.win32_1.1.1.202309131626/tools/bin/../lib/gcc/arm-none-eabi/11.3.1/../../../../arm-none-eabi/lib/thumb/v7e-m+fp/hard\libc_nano.a(libc_a-memcpy-stub.o)
                0x0000000008031a36                memcpy
 *fill*         0x0000000008031a52        0x2 
 .text._free_r  0x0000000008031a54       0x98 C:/ST/STM32CubeIDE_1.13.2/STM32CubeIDE/plugins/com.st.stm32cube.ide.mcu.externaltools.gnu-tools-for-stm32.11.3.rel1.win32_1.1.1.202309131626/tools/bin/../lib/gcc/arm-none-eabi/11.3.1/../../../../arm-none-eabi/lib/thumb/v7e-m+fp/hard\libc_nano.a(libc_a-freer.o)
                0x0000000008031a54                _free_r
 .text.sbrk_aligned
                0x0000000008031aec       0x40 C:/ST/STM32CubeIDE_1.13.2/STM32CubeIDE/plugins/com.st.stm32cube.ide.mcu.externaltools.gnu-tools-for-stm32.11.3.rel1.win32_1.1.1.202309131626/tools/bin/../lib/gcc/arm-none-eabi/11.3.1/../../../../arm-none-eabi/lib/thumb/v7e-m+fp/hard\libc_nano.a(libc_a-mallocr.o)
 .text._malloc_r
                0x0000000008031b2c      0x100 C:/ST/STM32CubeIDE_1.13.2/STM32CubeIDE/plugins/com.st.stm32cube.ide.mcu.externaltools.gnu-tools-for-stm32.11.3.rel1.win32_1.1.1.202309131626/tools/bin/../lib/gcc/arm-none-eabi/11.3.1/../../../../arm-none-eabi/lib/thumb/v7e-m+fp/hard\libc_nano.a(libc_a-mallocr.o)
                0x0000000008031b2c                _malloc_r
 .text.__malloc_lock
                0x0000000008031c2c        0xc C:/ST/STM32CubeIDE_1.13.2/STM32CubeIDE/plugins/com.st.stm32cube.ide.mcu.externaltools.gnu-tools-for-stm32.11.3.rel1.win32_1.1.1.202309131626/tools/bin/../lib/gcc/arm-none-eabi/11.3.1/../../../../arm-none-eabi/lib/thumb/v7e-m+fp/hard\libc_nano.a(libc_a-mlock.o)
                0x0000000008031c2c                __malloc_lock
 .text.__malloc_unlock
                0x0000000008031c38        0xc C:/ST/STM32CubeIDE_1.13.2/STM32CubeIDE/plugins/com.st.stm32cube.ide.mcu.externaltools.gnu-tools-for-stm32.11.3.rel1.win32_1.1.1.202309131626/tools/bin/../lib/gcc/arm-none-eabi/11.3.1/../../../../arm-none-eabi/lib/thumb/v7e-m+fp/hard\libc_nano.a(libc_a-mlock.o)
                0x0000000008031c38                __malloc_unlock
 .text.__sfputc_r
                0x0000000008031c44       0x2e C:/ST/STM32CubeIDE_1.13.2/STM32CubeIDE/plugins/com.st.stm32cube.ide.mcu.externaltools.gnu-tools-for-stm32.11.3.rel1.win32_1.1.1.202309131626/tools/bin/../lib/gcc/arm-none-eabi/11.3.1/../../../../arm-none-eabi/lib/thumb/v7e-m+fp/hard\libc_nano.a(libc_a-nano-vfprintf.o)
 .text.__sfputs_r
                0x0000000008031c72       0x24 C:/ST/STM32CubeIDE_1.13.2/STM32CubeIDE/plugins/com.st.stm32cube.ide.mcu.externaltools.gnu-tools-for-stm32.11.3.rel1.win32_1.1.1.202309131626/tools/bin/../lib/gcc/arm-none-eabi/11.3.1/../../../../arm-none-eabi/lib/thumb/v7e-m+fp/hard\libc_nano.a(libc_a-nano-vfprintf.o)
                0x0000000008031c72                __sfputs_r
 *fill*         0x0000000008031c96        0x2 
 .text._vfprintf_r