../Drivers/STM32F1xx_HAL_Driver/Src/stm32f1xx_ll_fsmc.c:208:20:FSMC_NORSRAM_Init	32	static
../Drivers/STM32F1xx_HAL_Driver/Src/stm32f1xx_ll_fsmc.c:291:19:FSMC_NORSRAM_DeInit	24	static
../Drivers/STM32F1xx_HAL_Driver/Src/stm32f1xx_ll_fsmc.c:328:19:FSMC_NORSRAM_Timing_Init	24	static
../Drivers/STM32F1xx_HAL_Driver/Src/stm32f1xx_ll_fsmc.c:367:19:FSMC_NORSRAM_Extended_Timing_Init	24	static
../Drivers/STM32F1xx_HAL_Driver/Src/stm32f1xx_ll_fsmc.c:439:19:FSMC_NORSRAM_WriteOperation_Enable	16	static
../Drivers/STM32F1xx_HAL_Driver/Src/stm32f1xx_ll_fsmc.c:457:19:FSMC_NORSRAM_WriteOperation_Disable	16	static
../Drivers/STM32F1xx_HAL_Driver/Src/stm32f1xx_ll_fsmc.c:529:19:FSMC_NAND_Init	16	static
../Drivers/STM32F1xx_HAL_Driver/Src/stm32f1xx_ll_fsmc.c:576:19:FSMC_NAND_CommonSpace_Timing_Init	24	static
../Drivers/STM32F1xx_HAL_Driver/Src/stm32f1xx_ll_fsmc.c:616:19:FSMC_NAND_AttributeSpace_Timing_Init	24	static
../Drivers/STM32F1xx_HAL_Driver/Src/stm32f1xx_ll_fsmc.c:654:19:FSMC_NAND_DeInit	16	static
../Drivers/STM32F1xx_HAL_Driver/Src/stm32f1xx_ll_fsmc.c:711:19:FSMC_NAND_ECC_Enable	16	static
../Drivers/STM32F1xx_HAL_Driver/Src/stm32f1xx_ll_fsmc.c:737:19:FSMC_NAND_ECC_Disable	16	static
../Drivers/STM32F1xx_HAL_Driver/Src/stm32f1xx_ll_fsmc.c:764:19:FSMC_NAND_GetECC	32	static
../Drivers/STM32F1xx_HAL_Driver/Src/stm32f1xx_ll_fsmc.c:857:19:FSMC_PCCARD_Init	16	static
../Drivers/STM32F1xx_HAL_Driver/Src/stm32f1xx_ll_fsmc.c:890:19:FSMC_PCCARD_CommonSpace_Timing_Init	16	static
../Drivers/STM32F1xx_HAL_Driver/Src/stm32f1xx_ll_fsmc.c:919:19:FSMC_PCCARD_AttributeSpace_Timing_Init	16	static
../Drivers/STM32F1xx_HAL_Driver/Src/stm32f1xx_ll_fsmc.c:948:19:FSMC_PCCARD_IOSpace_Timing_Init	16	static
../Drivers/STM32F1xx_HAL_Driver/Src/stm32f1xx_ll_fsmc.c:975:19:FSMC_PCCARD_DeInit	16	static
