../Drivers/STM32F1xx_HAL_Driver/Src/stm32f1xx_hal_nand.c:159:20:HAL_NAND_Init	24	static
../Drivers/STM32F1xx_HAL_Driver/Src/stm32f1xx_hal_nand.c:212:19:HAL_NAND_DeInit	16	static
../Drivers/STM32F1xx_HAL_Driver/Src/stm32f1xx_hal_nand.c:245:13:HAL_NAND_MspInit	16	static
../Drivers/STM32F1xx_HAL_Driver/Src/stm32f1xx_hal_nand.c:261:13:HAL_NAND_MspDeInit	16	static
../Drivers/STM32F1xx_HAL_Driver/Src/stm32f1xx_hal_nand.c:278:6:HAL_NAND_IRQHandler	16	static
../Drivers/STM32F1xx_HAL_Driver/Src/stm32f1xx_hal_nand.c:344:13:HAL_NAND_ITCallback	16	static
../Drivers/STM32F1xx_HAL_Driver/Src/stm32f1xx_hal_nand.c:380:19:HAL_NAND_Read_ID	32	static,ignoring_inline_asm
../Drivers/STM32F1xx_HAL_Driver/Src/stm32f1xx_hal_nand.c:458:19:HAL_NAND_Reset	24	static
../Drivers/STM32F1xx_HAL_Driver/Src/stm32f1xx_hal_nand.c:510:20:HAL_NAND_ConfigDevice	16	static
../Drivers/STM32F1xx_HAL_Driver/Src/stm32f1xx_hal_nand.c:532:19:HAL_NAND_Read_Page_8b	56	static,ignoring_inline_asm
../Drivers/STM32F1xx_HAL_Driver/Src/stm32f1xx_hal_nand.c:697:19:HAL_NAND_Read_Page_16b	56	static,ignoring_inline_asm
../Drivers/STM32F1xx_HAL_Driver/Src/stm32f1xx_hal_nand.c:872:19:HAL_NAND_Write_Page_8b	56	static,ignoring_inline_asm
../Drivers/STM32F1xx_HAL_Driver/Src/stm32f1xx_hal_nand.c:1032:19:HAL_NAND_Write_Page_16b	56	static,ignoring_inline_asm
../Drivers/STM32F1xx_HAL_Driver/Src/stm32f1xx_hal_nand.c:1203:19:HAL_NAND_Read_SpareArea_8b	56	static,ignoring_inline_asm
../Drivers/STM32F1xx_HAL_Driver/Src/stm32f1xx_hal_nand.c:1375:19:HAL_NAND_Read_SpareArea_16b	56	static,ignoring_inline_asm
../Drivers/STM32F1xx_HAL_Driver/Src/stm32f1xx_hal_nand.c:1547:19:HAL_NAND_Write_SpareArea_8b	56	static,ignoring_inline_asm
../Drivers/STM32F1xx_HAL_Driver/Src/stm32f1xx_hal_nand.c:1717:19:HAL_NAND_Write_SpareArea_16b	56	static,ignoring_inline_asm
../Drivers/STM32F1xx_HAL_Driver/Src/stm32f1xx_hal_nand.c:1885:19:HAL_NAND_Erase_Block	24	static,ignoring_inline_asm
../Drivers/STM32F1xx_HAL_Driver/Src/stm32f1xx_hal_nand.c:1948:10:HAL_NAND_Address_Inc	24	static
../Drivers/STM32F1xx_HAL_Driver/Src/stm32f1xx_hal_nand.c:2127:20:HAL_NAND_ECC_Enable	16	static
../Drivers/STM32F1xx_HAL_Driver/Src/stm32f1xx_hal_nand.c:2159:20:HAL_NAND_ECC_Disable	16	static
../Drivers/STM32F1xx_HAL_Driver/Src/stm32f1xx_hal_nand.c:2193:20:HAL_NAND_GetECC	32	static
../Drivers/STM32F1xx_HAL_Driver/Src/stm32f1xx_hal_nand.c:2247:23:HAL_NAND_GetState	16	static
../Drivers/STM32F1xx_HAL_Driver/Src/stm32f1xx_hal_nand.c:2258:10:HAL_NAND_Read_Status	24	static
