../Core/Src/fsmc_nand.c:90:13:nand_gpio_init	32	static
../Core/Src/fsmc_nand.c:162:13:nand_fsmc_init	48	static
../Core/Src/fsmc_nand.c:212:13:nand_print_fsmc_info	8	static
../Core/Src/fsmc_nand.c:238:13:nand_reset	4	static
../Core/Src/fsmc_nand.c:243:12:nand_init	24	static
../Core/Src/fsmc_nand.c:258:13:nand_uninit	4	static
../Core/Src/fsmc_nand.c:263:17:nand_read_status	16	static
../Core/Src/fsmc_nand.c:280:17:nand_get_status	16	static
../Core/Src/fsmc_nand.c:300:13:nand_read_id	24	static
../Core/Src/fsmc_nand.c:320:13:nand_write_page_async	32	static
../Core/Src/fsmc_nand.c:382:17:nand_read_data	32	static
../Core/Src/fsmc_nand.c:445:17:nand_read_page	24	static
../Core/Src/fsmc_nand.c:451:17:nand_read_spare_data	32	static
../Core/Src/fsmc_nand.c:514:17:nand_erase_block	16	static
../Core/Src/fsmc_nand.c:549:20:nand_is_bb_supported	4	static
../Core/Src/fsmc_nand.c:555:17:nand_enable_hw_ecc	24	static
