../Core/Src/nand_programmer.c:306:12:np_send_ok_status	16	static
../Core/Src/nand_programmer.c:317:12:np_send_error	40	static
../Core/Src/nand_programmer.c:330:12:np_send_bad_block_info	48	static
../Core/Src/nand_programmer.c:347:12:np_send_progress	32	static
../Core/Src/nand_programmer.c:363:12:_np_cmd_nand_read_id	48	static
../Core/Src/nand_programmer.c:389:12:np_cmd_nand_read_id	24	static
../Core/Src/nand_programmer.c:401:12:np_read_bad_block_info_from_page	56	static
../Core/Src/nand_programmer.c:444:12:_np_cmd_read_bad_blocks	56	static
../Core/Src/nand_programmer.c:494:12:np_nand_erase	32	static
../Core/Src/nand_programmer.c:524:12:_np_cmd_nand_erase	208	static
../Core/Src/nand_programmer.c:639:12:np_cmd_nand_erase	24	static
../Core/Src/nand_programmer.c:654:12:np_send_write_ack	40	static
../Core/Src/nand_programmer.c:667:12:np_cmd_nand_write_start	136	static
../Core/Src/nand_programmer.c:775:12:np_nand_handle_status	16	static
../Core/Src/nand_programmer.c:810:12:np_nand_write	24	static
../Core/Src/nand_programmer.c:837:12:np_cmd_nand_write_data	104	static
../Core/Src/nand_programmer.c:946:12:np_cmd_nand_write_end	16	static
../Core/Src/nand_programmer.c:964:12:np_cmd_nand_write	24	static
../Core/Src/nand_programmer.c:995:12:np_nand_read	32	static
../Core/Src/nand_programmer.c:1023:12:_np_cmd_nand_read	240	static
../Core/Src/nand_programmer.c:1167:12:np_cmd_nand_read	24	static
../Core/Src/nand_programmer.c:1179:13:np_fill_chip_info	16	static
../Core/Src/nand_programmer.c:1190:13:np_print_chip_info	16	static
../Core/Src/nand_programmer.c:1200:12:np_cmd_nand_conf	24	static
../Core/Src/nand_programmer.c:1235:12:np_send_bad_blocks	32	static
../Core/Src/nand_programmer.c:1255:5:np_cmd_read_bad_blocks	24	static
../Core/Src/nand_programmer.c:1271:5:np_cmd_version_get	32	static
../Core/Src/nand_programmer.c:1291:12:np_boot_config_read	16	static
../Core/Src/nand_programmer.c:1303:12:np_boot_config_write	16	static
../Core/Src/nand_programmer.c:1318:12:np_cmd_active_image_get	32	static
../Core/Src/nand_programmer.c:1344:12:np_cmd_fw_update_start	104	static
../Core/Src/nand_programmer.c:1410:12:np_cmd_fw_update_data	192	static
../Core/Src/nand_programmer.c:1504:12:np_cmd_fw_update_end	24	static
../Core/Src/nand_programmer.c:1530:12:np_cmd_fw_update	24	static
../Core/Src/nand_programmer.c:1577:13:np_cmd_is_valid	16	static
../Core/Src/nand_programmer.c:1583:12:np_cmd_handler	24	static
../Core/Src/nand_programmer.c:1611:13:np_packet_handler	24	static
../Core/Src/nand_programmer.c:1632:13:np_nand_handler	16	static
../Core/Src/nand_programmer.c:1642:6:np_init	4	static
../Core/Src/nand_programmer.c:1648:6:np_handler	8	static
../Core/Src/nand_programmer.c:1655:5:np_comm_register	16	static
../Core/Src/nand_programmer.c:1663:6:np_comm_unregister	16	static
