../Core/Src/spi_nor_flash.c:76:13:spi_flash_gpio_init	40	static
../Core/Src/spi_nor_flash.c:114:13:spi_flash_gpio_uninit	16	static
../Core/Src/spi_nor_flash.c:139:20:spi_flash_select_chip	8	static
../Core/Src/spi_nor_flash.c:144:20:spi_flash_deselect_chip	8	static
../Core/Src/spi_nor_flash.c:149:17:spi_flash_get_baud_rate_prescaler	24	static
../Core/Src/spi_nor_flash.c:172:12:spi_flash_init	24	static
../Core/Src/spi_nor_flash.c:206:13:spi_flash_uninit	8	static
../Core/Src/spi_nor_flash.c:215:16:spi_flash_send_byte	24	static
../Core/Src/spi_nor_flash.c:226:23:spi_flash_read_byte	8	static
../Core/Src/spi_nor_flash.c:231:17:spi_flash_read_status	16	static
../Core/Src/spi_nor_flash.c:252:17:spi_flash_get_status	16	static
../Core/Src/spi_nor_flash.c:271:13:spi_flash_read_id	16	static
../Core/Src/spi_nor_flash.c:285:13:spi_flash_write_enable	8	static
../Core/Src/spi_nor_flash.c:295:13:spi_flash_write_page_async	32	static
../Core/Src/spi_nor_flash.c:318:17:spi_flash_read_data	40	static
../Core/Src/spi_nor_flash.c:342:17:spi_flash_read_page	24	static
../Core/Src/spi_nor_flash.c:348:17:spi_flash_read_spare_data	24	static
../Core/Src/spi_nor_flash.c:354:17:spi_flash_erase_block	24	static
../Core/Src/spi_nor_flash.c:373:20:spi_flash_is_bb_supported	4	static
