D:/CUBE_NANDO_HAL/CUBE_NANDO_HAL/CDC_Standalone/Drivers/STM32F4xx_HAL_Driver/Src/stm32f4xx_hal_hcd.c:200:19:HAL_HCD_HC_Init	48	static
D:/CUBE_NANDO_HAL/CUBE_NANDO_HAL/CDC_Standalone/Drivers/STM32F4xx_HAL_Driver/Src/stm32f4xx_hal_hcd.c:248:19:HAL_HCD_HC_Halt	8	static
D:/CUBE_NANDO_HAL/CUBE_NANDO_HAL/CDC_Standalone/Drivers/STM32F4xx_HAL_Driver/Src/stm32f4xx_hal_hcd.c:299:14:HAL_HCD_MspInit	0	static
D:/CUBE_NANDO_HAL/CUBE_NANDO_HAL/CDC_Standalone/Drivers/STM32F4xx_HAL_Driver/Src/stm32f4xx_hal_hcd.c:110:19:HAL_HCD_Init	64	static
D:/CUBE_NANDO_HAL/CUBE_NANDO_HAL/CDC_Standalone/Drivers/STM32F4xx_HAL_Driver/Src/stm32f4xx_hal_hcd.c:314:14:HAL_HCD_MspDeInit	0	static
D:/CUBE_NANDO_HAL/CUBE_NANDO_HAL/CDC_Standalone/Drivers/STM32F4xx_HAL_Driver/Src/stm32f4xx_hal_hcd.c:264:19:HAL_HCD_DeInit	8	static
D:/CUBE_NANDO_HAL/CUBE_NANDO_HAL/CDC_Standalone/Drivers/STM32F4xx_HAL_Driver/Src/stm32f4xx_hal_hcd.c:366:19:HAL_HCD_HC_SubmitRequest	16	static
D:/CUBE_NANDO_HAL/CUBE_NANDO_HAL/CDC_Standalone/Drivers/STM32F4xx_HAL_Driver/Src/stm32f4xx_hal_hcd.c:613:6:HAL_HCD_WKUP_IRQHandler	0	static
D:/CUBE_NANDO_HAL/CUBE_NANDO_HAL/CDC_Standalone/Drivers/STM32F4xx_HAL_Driver/Src/stm32f4xx_hal_hcd.c:624:13:HAL_HCD_SOF_Callback	0	static
D:/CUBE_NANDO_HAL/CUBE_NANDO_HAL/CDC_Standalone/Drivers/STM32F4xx_HAL_Driver/Src/stm32f4xx_hal_hcd.c:639:13:HAL_HCD_Connect_Callback	0	static
D:/CUBE_NANDO_HAL/CUBE_NANDO_HAL/CDC_Standalone/Drivers/STM32F4xx_HAL_Driver/Src/stm32f4xx_hal_hcd.c:654:13:HAL_HCD_Disconnect_Callback	0	static
D:/CUBE_NANDO_HAL/CUBE_NANDO_HAL/CDC_Standalone/Drivers/STM32F4xx_HAL_Driver/Src/stm32f4xx_hal_hcd.c:669:13:HAL_HCD_PortEnabled_Callback	0	static
D:/CUBE_NANDO_HAL/CUBE_NANDO_HAL/CDC_Standalone/Drivers/STM32F4xx_HAL_Driver/Src/stm32f4xx_hal_hcd.c:684:13:HAL_HCD_PortDisabled_Callback	0	static
D:/CUBE_NANDO_HAL/CUBE_NANDO_HAL/CDC_Standalone/Drivers/STM32F4xx_HAL_Driver/Src/stm32f4xx_hal_hcd.c:709:13:HAL_HCD_HC_NotifyURBChange_Callback	0	static
D:/CUBE_NANDO_HAL/CUBE_NANDO_HAL/CDC_Standalone/Drivers/STM32F4xx_HAL_Driver/Src/stm32f4xx_hal_hcd.c:493:6:HAL_HCD_IRQHandler	56	static
D:/CUBE_NANDO_HAL/CUBE_NANDO_HAL/CDC_Standalone/Drivers/STM32F4xx_HAL_Driver/Src/stm32f4xx_hal_hcd.c:1025:19:HAL_HCD_Start	8	static
D:/CUBE_NANDO_HAL/CUBE_NANDO_HAL/CDC_Standalone/Drivers/STM32F4xx_HAL_Driver/Src/stm32f4xx_hal_hcd.c:1044:19:HAL_HCD_Stop	8	static
D:/CUBE_NANDO_HAL/CUBE_NANDO_HAL/CDC_Standalone/Drivers/STM32F4xx_HAL_Driver/Src/stm32f4xx_hal_hcd.c:1058:19:HAL_HCD_ResetPort	0	static
D:/CUBE_NANDO_HAL/CUBE_NANDO_HAL/CDC_Standalone/Drivers/STM32F4xx_HAL_Driver/Src/stm32f4xx_hal_hcd.c:1087:18:HAL_HCD_GetState	0	static
D:/CUBE_NANDO_HAL/CUBE_NANDO_HAL/CDC_Standalone/Drivers/STM32F4xx_HAL_Driver/Src/stm32f4xx_hal_hcd.c:1106:21:HAL_HCD_HC_GetURBState	0	static
D:/CUBE_NANDO_HAL/CUBE_NANDO_HAL/CDC_Standalone/Drivers/STM32F4xx_HAL_Driver/Src/stm32f4xx_hal_hcd.c:1119:10:HAL_HCD_HC_GetXferCount	0	static
D:/CUBE_NANDO_HAL/CUBE_NANDO_HAL/CDC_Standalone/Drivers/STM32F4xx_HAL_Driver/Src/stm32f4xx_hal_hcd.c:1141:21:HAL_HCD_HC_GetState	0	static
D:/CUBE_NANDO_HAL/CUBE_NANDO_HAL/CDC_Standalone/Drivers/STM32F4xx_HAL_Driver/Src/stm32f4xx_hal_hcd.c:1151:10:HAL_HCD_GetCurrentFrame	0	static
D:/CUBE_NANDO_HAL/CUBE_NANDO_HAL/CDC_Standalone/Drivers/STM32F4xx_HAL_Driver/Src/stm32f4xx_hal_hcd.c:1161:10:HAL_HCD_GetCurrentSpeed	0	static
