D:/CUBE_NANDO_HAL/CUBE_NANDO_HAL/CDC_Standalone/Src/usbd_conf.c:39:6:HAL_PCD_MspInit	80	static
D:/CUBE_NANDO_HAL/CUBE_NANDO_HAL/CDC_Standalone/Src/usbd_conf.c:149:6:HAL_PCD_MspDeInit	0	static
D:/CUBE_NANDO_HAL/CUBE_NANDO_HAL/CDC_Standalone/Src/usbd_conf.c:175:6:HAL_PCD_SetupStageCallback	0	static
D:/CUBE_NANDO_HAL/CUBE_NANDO_HAL/CDC_Standalone/Src/usbd_conf.c:186:6:HAL_PCD_DataOutStageCallback	0	static
D:/CUBE_NANDO_HAL/CUBE_NANDO_HAL/CDC_Standalone/Src/usbd_conf.c:197:6:HAL_PCD_DataInStageCallback	0	static
D:/CUBE_NANDO_HAL/CUBE_NANDO_HAL/CDC_Standalone/Src/usbd_conf.c:207:6:HAL_PCD_SOFCallback	0	static
D:/CUBE_NANDO_HAL/CUBE_NANDO_HAL/CDC_Standalone/Src/usbd_conf.c:217:6:HAL_PCD_ResetCallback	8	static
D:/CUBE_NANDO_HAL/CUBE_NANDO_HAL/CDC_Standalone/Src/usbd_conf.c:247:6:HAL_PCD_SuspendCallback	0	static
D:/CUBE_NANDO_HAL/CUBE_NANDO_HAL/CDC_Standalone/Src/usbd_conf.c:257:6:HAL_PCD_ResumeCallback	0	static
D:/CUBE_NANDO_HAL/CUBE_NANDO_HAL/CDC_Standalone/Src/usbd_conf.c:268:6:HAL_PCD_ISOOUTIncompleteCallback	0	static
D:/CUBE_NANDO_HAL/CUBE_NANDO_HAL/CDC_Standalone/Src/usbd_conf.c:279:6:HAL_PCD_ISOINIncompleteCallback	0	static
D:/CUBE_NANDO_HAL/CUBE_NANDO_HAL/CDC_Standalone/Src/usbd_conf.c:289:6:HAL_PCD_ConnectCallback	0	static
D:/CUBE_NANDO_HAL/CUBE_NANDO_HAL/CDC_Standalone/Src/usbd_conf.c:299:6:HAL_PCD_DisconnectCallback	0	static
D:/CUBE_NANDO_HAL/CUBE_NANDO_HAL/CDC_Standalone/Src/usbd_conf.c:312:21:USBD_LL_Init	16	static
D:/CUBE_NANDO_HAL/CUBE_NANDO_HAL/CDC_Standalone/Src/usbd_conf.c:378:20:USBD_LL_DeInit	8	static
D:/CUBE_NANDO_HAL/CUBE_NANDO_HAL/CDC_Standalone/Src/usbd_conf.c:389:20:USBD_LL_Start	8	static
D:/CUBE_NANDO_HAL/CUBE_NANDO_HAL/CDC_Standalone/Src/usbd_conf.c:400:20:USBD_LL_Stop	8	static
D:/CUBE_NANDO_HAL/CUBE_NANDO_HAL/CDC_Standalone/Src/usbd_conf.c:414:20:USBD_LL_OpenEP	8	static
D:/CUBE_NANDO_HAL/CUBE_NANDO_HAL/CDC_Standalone/Src/usbd_conf.c:429:20:USBD_LL_CloseEP	8	static
D:/CUBE_NANDO_HAL/CUBE_NANDO_HAL/CDC_Standalone/Src/usbd_conf.c:441:20:USBD_LL_FlushEP	8	static
D:/CUBE_NANDO_HAL/CUBE_NANDO_HAL/CDC_Standalone/Src/usbd_conf.c:453:20:USBD_LL_StallEP	8	static
D:/CUBE_NANDO_HAL/CUBE_NANDO_HAL/CDC_Standalone/Src/usbd_conf.c:465:20:USBD_LL_ClearStallEP	8	static
D:/CUBE_NANDO_HAL/CUBE_NANDO_HAL/CDC_Standalone/Src/usbd_conf.c:477:9:USBD_LL_IsStallEP	0	static
D:/CUBE_NANDO_HAL/CUBE_NANDO_HAL/CDC_Standalone/Src/usbd_conf.c:497:20:USBD_LL_SetUSBAddress	8	static
D:/CUBE_NANDO_HAL/CUBE_NANDO_HAL/CDC_Standalone/Src/usbd_conf.c:511:20:USBD_LL_Transmit	8	static
D:/CUBE_NANDO_HAL/CUBE_NANDO_HAL/CDC_Standalone/Src/usbd_conf.c:529:20:USBD_LL_PrepareReceive	8	static
D:/CUBE_NANDO_HAL/CUBE_NANDO_HAL/CDC_Standalone/Src/usbd_conf.c:544:10:USBD_LL_GetRxDataSize	0	static
D:/CUBE_NANDO_HAL/CUBE_NANDO_HAL/CDC_Standalone/Src/usbd_conf.c:554:7:USBD_LL_Delay	0	static
