D:/CUBE_NANDO_HAL/CUBE_NANDO_HAL/CDC_Standalone/Src/usbd_desc.c:117:10:USBD_VCP_DeviceDescriptor	0	static
D:/CUBE_NANDO_HAL/CUBE_NANDO_HAL/CDC_Standalone/Src/usbd_desc.c:132:10:USBD_VCP_LangIDStrDescriptor	0	static
D:/CUBE_NANDO_HAL/CUBE_NANDO_HAL/CDC_Standalone/Src/usbd_desc.c:261:13:IntToUnicode	16	static
D:/CUBE_NANDO_HAL/CUBE_NANDO_HAL/CDC_Standalone/Src/usbd_desc.c:181:10:USBD_VCP_SerialStrDescriptor	8	static
D:/CUBE_NANDO_HAL/CUBE_NANDO_HAL/CDC_Standalone/Src/usbd_desc.c:166:10:USBD_VCP_ManufacturerStrDescriptor	8	static
D:/CUBE_NANDO_HAL/CUBE_NANDO_HAL/CDC_Standalone/Src/usbd_desc.c:147:10:USBD_VCP_ProductStrDescriptor	8	static
D:/CUBE_NANDO_HAL/CUBE_NANDO_HAL/CDC_Standalone/Src/usbd_desc.c:200:10:USBD_VCP_ConfigStrDescriptor	8	static
D:/CUBE_NANDO_HAL/CUBE_NANDO_HAL/CDC_Standalone/Src/usbd_desc.c:219:10:USBD_VCP_InterfaceStrDescriptor	8	static
