Archive member included to satisfy reference by file (symbol)

C:/ST/STM32CubeIDE_1.16.0/STM32CubeIDE/plugins/com.st.stm32cube.ide.mcu.externaltools.gnu-tools-for-stm32.12.3.rel1.win32_1.0.200.202406191623/tools/bin/../lib/gcc/arm-none-eabi/12.3.1/../../../../arm-none-eabi/lib/thumb/v7e-m+fp/hard\libc_nano.a(libc_a-exit.o)
                              C:/ST/STM32CubeIDE_1.16.0/STM32CubeIDE/plugins/com.st.stm32cube.ide.mcu.externaltools.gnu-tools-for-stm32.12.3.rel1.win32_1.0.200.202406191623/tools/bin/../lib/gcc/arm-none-eabi/12.3.1/../../../../arm-none-eabi/lib/thumb/v7e-m+fp/hard/crt0.o (exit)
C:/ST/STM32CubeIDE_1.16.0/STM32CubeIDE/plugins/com.st.stm32cube.ide.mcu.externaltools.gnu-tools-for-stm32.12.3.rel1.win32_1.0.200.202406191623/tools/bin/../lib/gcc/arm-none-eabi/12.3.1/../../../../arm-none-eabi/lib/thumb/v7e-m+fp/hard\libc_nano.a(libc_a-findfp.o)
                              C:/ST/STM32CubeIDE_1.16.0/STM32CubeIDE/plugins/com.st.stm32cube.ide.mcu.externaltools.gnu-tools-for-stm32.12.3.rel1.win32_1.0.200.202406191623/tools/bin/../lib/gcc/arm-none-eabi/12.3.1/../../../../arm-none-eabi/lib/thumb/v7e-m+fp/hard\libc_nano.a(libc_a-exit.o) (__stdio_exit_handler)
C:/ST/STM32CubeIDE_1.16.0/STM32CubeIDE/plugins/com.st.stm32cube.ide.mcu.externaltools.gnu-tools-for-stm32.12.3.rel1.win32_1.0.200.202406191623/tools/bin/../lib/gcc/arm-none-eabi/12.3.1/../../../../arm-none-eabi/lib/thumb/v7e-m+fp/hard\libc_nano.a(libc_a-fwalk.o)
                              C:/ST/STM32CubeIDE_1.16.0/STM32CubeIDE/plugins/com.st.stm32cube.ide.mcu.externaltools.gnu-tools-for-stm32.12.3.rel1.win32_1.0.200.202406191623/tools/bin/../lib/gcc/arm-none-eabi/12.3.1/../../../../arm-none-eabi/lib/thumb/v7e-m+fp/hard\libc_nano.a(libc_a-findfp.o) (_fwalk_sglue)
C:/ST/STM32CubeIDE_1.16.0/STM32CubeIDE/plugins/com.st.stm32cube.ide.mcu.externaltools.gnu-tools-for-stm32.12.3.rel1.win32_1.0.200.202406191623/tools/bin/../lib/gcc/arm-none-eabi/12.3.1/../../../../arm-none-eabi/lib/thumb/v7e-m+fp/hard\libc_nano.a(libc_a-stdio.o)
                              C:/ST/STM32CubeIDE_1.16.0/STM32CubeIDE/plugins/com.st.stm32cube.ide.mcu.externaltools.gnu-tools-for-stm32.12.3.rel1.win32_1.0.200.202406191623/tools/bin/../lib/gcc/arm-none-eabi/12.3.1/../../../../arm-none-eabi/lib/thumb/v7e-m+fp/hard\libc_nano.a(libc_a-findfp.o) (__sread)
C:/ST/STM32CubeIDE_1.16.0/STM32CubeIDE/plugins/com.st.stm32cube.ide.mcu.externaltools.gnu-tools-for-stm32.12.3.rel1.win32_1.0.200.202406191623/tools/bin/../lib/gcc/arm-none-eabi/12.3.1/../../../../arm-none-eabi/lib/thumb/v7e-m+fp/hard\libc_nano.a(libc_a-memset.o)
                              C:/ST/STM32CubeIDE_1.16.0/STM32CubeIDE/plugins/com.st.stm32cube.ide.mcu.externaltools.gnu-tools-for-stm32.12.3.rel1.win32_1.0.200.202406191623/tools/bin/../lib/gcc/arm-none-eabi/12.3.1/../../../../arm-none-eabi/lib/thumb/v7e-m+fp/hard/crt0.o (memset)
C:/ST/STM32CubeIDE_1.16.0/STM32CubeIDE/plugins/com.st.stm32cube.ide.mcu.externaltools.gnu-tools-for-stm32.12.3.rel1.win32_1.0.200.202406191623/tools/bin/../lib/gcc/arm-none-eabi/12.3.1/../../../../arm-none-eabi/lib/thumb/v7e-m+fp/hard\libc_nano.a(libc_a-closer.o)
                              C:/ST/STM32CubeIDE_1.16.0/STM32CubeIDE/plugins/com.st.stm32cube.ide.mcu.externaltools.gnu-tools-for-stm32.12.3.rel1.win32_1.0.200.202406191623/tools/bin/../lib/gcc/arm-none-eabi/12.3.1/../../../../arm-none-eabi/lib/thumb/v7e-m+fp/hard\libc_nano.a(libc_a-stdio.o) (_close_r)
C:/ST/STM32CubeIDE_1.16.0/STM32CubeIDE/plugins/com.st.stm32cube.ide.mcu.externaltools.gnu-tools-for-stm32.12.3.rel1.win32_1.0.200.202406191623/tools/bin/../lib/gcc/arm-none-eabi/12.3.1/../../../../arm-none-eabi/lib/thumb/v7e-m+fp/hard\libc_nano.a(libc_a-reent.o)
                              C:/ST/STM32CubeIDE_1.16.0/STM32CubeIDE/plugins/com.st.stm32cube.ide.mcu.externaltools.gnu-tools-for-stm32.12.3.rel1.win32_1.0.200.202406191623/tools/bin/../lib/gcc/arm-none-eabi/12.3.1/../../../../arm-none-eabi/lib/thumb/v7e-m+fp/hard\libc_nano.a(libc_a-closer.o) (errno)
C:/ST/STM32CubeIDE_1.16.0/STM32CubeIDE/plugins/com.st.stm32cube.ide.mcu.externaltools.gnu-tools-for-stm32.12.3.rel1.win32_1.0.200.202406191623/tools/bin/../lib/gcc/arm-none-eabi/12.3.1/../../../../arm-none-eabi/lib/thumb/v7e-m+fp/hard\libc_nano.a(libc_a-impure.o)
                              C:/ST/STM32CubeIDE_1.16.0/STM32CubeIDE/plugins/com.st.stm32cube.ide.mcu.externaltools.gnu-tools-for-stm32.12.3.rel1.win32_1.0.200.202406191623/tools/bin/../lib/gcc/arm-none-eabi/12.3.1/../../../../arm-none-eabi/lib/thumb/v7e-m+fp/hard\libc_nano.a(libc_a-reent.o) (_impure_ptr)
C:/ST/STM32CubeIDE_1.16.0/STM32CubeIDE/plugins/com.st.stm32cube.ide.mcu.externaltools.gnu-tools-for-stm32.12.3.rel1.win32_1.0.200.202406191623/tools/bin/../lib/gcc/arm-none-eabi/12.3.1/../../../../arm-none-eabi/lib/thumb/v7e-m+fp/hard\libc_nano.a(libc_a-lseekr.o)
[...]
Memory Configuration

Name             Origin             Length             Attributes
CCMRAM           0x10000000         0x00010000         xrw
RAM              0x20000000         0x00020000         xrw
FLASH            0x08000000         0x00080000         xr
*default*        0x00000000         0xffffffff

Linker script and memory map

LOAD C:/ST/STM32CubeIDE_1.16.0/STM32CubeIDE/plugins/com.st.stm32cube.ide.mcu.externaltools.gnu-tools-for-stm32.12.3.rel1.win32_1.0.200.202406191623/tools/bin/../lib/gcc/arm-none-eabi/12.3.1/thumb/v7e-m+fp/hard/crti.o
LOAD C:/ST/STM32CubeIDE_1.16.0/STM32CubeIDE/plugins/com.st.stm32cube.ide.mcu.externaltools.gnu-tools-for-stm32.12.3.rel1.win32_1.0.200.202406191623/tools/bin/../lib/gcc/arm-none-eabi/12.3.1/thumb/v7e-m+fp/hard/crtbegin.o
LOAD C:/ST/STM32CubeIDE_1.16.0/STM32CubeIDE/plugins/com.st.stm32cube.ide.mcu.externaltools.gnu-tools-for-stm32.12.3.rel1.win32_1.0.200.202406191623/tools/bin/../lib/gcc/arm-none-eabi/12.3.1/../../../../arm-none-eabi/lib/thumb/v7e-m+fp/hard/crt0.o
LOAD ./Core/Src/gpio.o
LOAD ./Core/Src/main.o
LOAD ./Core/Src/stm32f4xx_hal_msp.o
LOAD ./Core/Src/stm32f4xx_it.o
LOAD ./Core/Src/syscalls.o
LOAD ./Core/Src/sysmem.o
LOAD ./Core/Src/system_stm32f4xx.o
LOAD ./Core/Src/usart.o
LOAD ./Core/Startup/startup_stm32f407vetx.o
LOAD ./Drivers/STM32F4xx_HAL_Driver/Src/stm32f4xx_hal.o
LOAD ./Drivers/STM32F4xx_HAL_Driver/Src/stm32f4xx_hal_cortex.o
LOAD ./Drivers/STM32F4xx_HAL_Driver/Src/stm32f4xx_hal_dma.o
LOAD ./Drivers/STM32F4xx_HAL_Driver/Src/stm32f4xx_hal_dma_ex.o
LOAD ./Drivers/STM32F4xx_HAL_Driver/Src/stm32f4xx_hal_exti.o
LOAD ./Drivers/STM32F4xx_HAL_Driver/Src/stm32f4xx_hal_flash.o
LOAD ./Drivers/STM32F4xx_HAL_Driver/Src/stm32f4xx_hal_flash_ex.o
LOAD ./Drivers/STM32F4xx_HAL_Driver/Src/stm32f4xx_hal_flash_ramfunc.o
LOAD ./Drivers/STM32F4xx_HAL_Driver/Src/stm32f4xx_hal_gpio.o
LOAD ./Drivers/STM32F4xx_HAL_Driver/Src/stm32f4xx_hal_pcd.o
LOAD ./Drivers/STM32F4xx_HAL_Driver/Src/stm32f4xx_hal_pcd_ex.o
LOAD ./Drivers/STM32F4xx_HAL_Driver/Src/stm32f4xx_hal_pwr.o
LOAD ./Drivers/STM32F4xx_HAL_Driver/Src/stm32f4xx_hal_pwr_ex.o
LOAD ./Drivers/STM32F4xx_HAL_Driver/Src/stm32f4xx_hal_rcc.o
LOAD ./Drivers/STM32F4xx_HAL_Driver/Src/stm32f4xx_hal_rcc_ex.o
LOAD ./Drivers/STM32F4xx_HAL_Driver/Src/stm32f4xx_hal_tim.o
LOAD ./Drivers/STM32F4xx_HAL_Driver/Src/stm32f4xx_hal_tim_ex.o
LOAD ./Drivers/STM32F4xx_HAL_Driver/Src/stm32f4xx_hal_uart.o
LOAD ./Drivers/STM32F4xx_HAL_Driver/Src/stm32f4xx_ll_usb.o
LOAD ./Middlewares/ST/STM32_USB_Device_Library/Class/CDC/Src/usbd_cdc.o
LOAD ./Middlewares/ST/STM32_USB_Device_Library/Core/Src/usbd_core.o
LOAD ./Middlewares/ST/STM32_USB_Device_Library/Core/Src/usbd_ctlreq.o
LOAD ./Middlewares/ST/STM32_USB_Device_Library/Core/Src/usbd_ioreq.o
LOAD ./USB_DEVICE/App/usb_device.o
LOAD ./USB_DEVICE/App/usbd_cdc_if.o
LOAD ./USB_DEVICE/App/usbd_desc.o
LOAD ./USB_DEVICE/Target/usbd_conf.o
START GROUP
LOAD C:/ST/STM32CubeIDE_1.16.0/STM32CubeIDE/plugins/com.st.stm32cube.ide.mcu.externaltools.gnu-tools-for-stm32.12.3.rel1.win32_1.0.200.202406191623/tools/bin/../lib/gcc/arm-none-eabi/12.3.1/../../../../arm-none-eabi/lib/thumb/v7e-m+fp/hard\libc_nano.a
LOAD C:/ST/STM32CubeIDE_1.16.0/STM32CubeIDE/plugins/com.st.stm32cube.ide.mcu.externaltools.gnu-tools-for-stm32.12.3.rel1.win32_1.0.200.202406191623/tools/bin/../lib/gcc/arm-none-eabi/12.3.1/../../../../arm-none-eabi/lib/thumb/v7e-m+fp/hard\libm.a
END GROUP
START GROUP
LOAD C:/ST/STM32CubeIDE_1.16.0/STM32CubeIDE/plugins/com.st.stm32cube.ide.mcu.externaltools.gnu-tools-for-stm32.12.3.rel1.win32_1.0.200.202406191623/tools/bin/../lib/gcc/arm-none-eabi/12.3.1/thumb/v7e-m+fp/hard\libgcc.a
LOAD C:/ST/STM32CubeIDE_1.16.0/STM32CubeIDE/plugins/com.st.stm32cube.ide.mcu.externaltools.gnu-tools-for-stm32.12.3.rel1.win32_1.0.200.202406191623/tools/bin/../lib/gcc/arm-none-eabi/12.3.1/../../../../arm-none-eabi/lib/thumb/v7e-m+fp/hard\libc_nano.a
END GROUP
START GROUP
LOAD C:/ST/STM32CubeIDE_1.16.0/STM32CubeIDE/plugins/com.st.stm32cube.ide.mcu.externaltools.gnu-tools-for-stm32.12.3.rel1.win32_1.0.200.202406191623/tools/bin/../lib/gcc/arm-none-eabi/12.3.1/thumb/v7e-m+fp/hard\libgcc.a
LOAD C:/ST/STM32CubeIDE_1.16.0/STM32CubeIDE/plugins/com.st.stm32cube.ide.mcu.externaltools.gnu-tools-for-stm32.12.3.rel1.win32_1.0.200.202406191623/tools/bin/../lib/gcc/arm-none-eabi/12.3.1/../../../../arm-none-eabi/lib/thumb/v7e-m+fp/hard\libc_nano.a
LOAD C:/ST/STM32CubeIDE_1.16.0/STM32CubeIDE/plugins/com.st.stm32cube.ide.mcu.externaltools.gnu-tools-for-stm32.12.3.rel1.win32_1.0.200.202406191623/tools/bin/../lib/gcc/arm-none-eabi/12.3.1/../../../../arm-none-eabi/lib/thumb/v7e-m+fp/hard\libnosys.a
END GROUP
START GROUP
LOAD C:/ST/STM32CubeIDE_1.16.0/STM32CubeIDE/plugins/com.st.stm32cube.ide.mcu.externaltools.gnu-tools-for-stm32.12.3.rel1.win32_1.0.200.202406191623/tools/bin/../lib/gcc/arm-none-eabi/12.3.1/thumb/v7e-m+fp/hard\libgcc.a
LOAD C:/ST/STM32CubeIDE_1.16.0/STM32CubeIDE/plugins/com.st.stm32cube.ide.mcu.externaltools.gnu-tools-for-stm32.12.3.rel1.win32_1.0.200.202406191623/tools/bin/../lib/gcc/arm-none-eabi/12.3.1/../../../../arm-none-eabi/lib/thumb/v7e-m+fp/hard\libc_nano.a
LOAD C:/ST/STM32CubeIDE_1.16.0/STM32CubeIDE/plugins/com.st.stm32cube.ide.mcu.externaltools.gnu-tools-for-stm32.12.3.rel1.win32_1.0.200.202406191623/tools/bin/../lib/gcc/arm-none-eabi/12.3.1/../../../../arm-none-eabi/lib/thumb/v7e-m+fp/hard\libnosys.a
END GROUP
LOAD C:/ST/STM32CubeIDE_1.16.0/STM32CubeIDE/plugins/com.st.stm32cube.ide.mcu.externaltools.gnu-tools-for-stm32.12.3.rel1.win32_1.0.200.202406191623/tools/bin/../lib/gcc/arm-none-eabi/12.3.1/thumb/v7e-m+fp/hard/crtend.o
LOAD C:/ST/STM32CubeIDE_1.16.0/STM32CubeIDE/plugins/com.st.stm32cube.ide.mcu.externaltools.gnu-tools-for-stm32.12.3.rel1.win32_1.0.200.202406191623/tools/bin/../lib/gcc/arm-none-eabi/12.3.1/thumb/v7e-m+fp/hard/crtn.o
                0x20020000                        _estack = (ORIGIN (RAM) + LENGTH (RAM))
                0x00002000                        _Min_Heap_Size = 0x2000
                0x00004000                        _Min_Stack_Size = 0x4000

.isr_vector     0x08000000      0x188
                0x08000000                        . = ALIGN (0x4)
 *(.isr_vector)
 .isr_vector    0x08000000      0x188 ./Core/Startup/startup_stm32f407vetx.o
                0x08000000                g_pfnVectors
                0x08000188                        . = ALIGN (0x4)

.text           0x08000188     0x7b10
                0x08000188                        . = ALIGN (0x4)
 *(.text)
 .text          0x08000188       0x40 C:/ST/STM32CubeIDE_1.16.0/STM32CubeIDE/plugins/com.st.stm32cube.ide.mcu.externaltools.gnu-tools-for-stm32.12.3.rel1.win32_1.0.200.202406191623/tools/bin/../lib/gcc/arm-none-eabi/12.3.1/thumb/v7e-m+fp/hard/crtbegin.o
 .text          0x080001c8       0x30 C:/ST/STM32CubeIDE_1.16.0/STM32CubeIDE/plugins/com.st.stm32cube.ide.mcu.externaltools.gnu-tools-for-stm32.12.3.rel1.win32_1.0.200.202406191623/tools/bin/../lib/gcc/arm-none-eabi/12.3.1/thumb/v7e-m+fp/hard\libgcc.a(_aeabi_uldivmod.o)
                0x080001c8                __aeabi_uldivmod
 .text          0x080001f8      0x2bc C:/ST/STM32CubeIDE_1.16.0/STM32CubeIDE/plugins/com.st.stm32cube.ide.mcu.externaltools.gnu-tools-for-stm32.12.3.rel1.win32_1.0.200.202406191623/tools/bin/../lib/gcc/arm-none-eabi/12.3.1/thumb/v7e-m+fp/hard\libgcc.a(_udivmoddi4.o)
                0x080001f8                __udivmoddi4
 .text          0x080004b4        0x4 C:/ST/STM32CubeIDE_1.16.0/STM32CubeIDE/plugins/com.st.stm32cube.ide.mcu.externaltools.gnu-tools-for-stm32.12.3.rel1.win32_1.0.200.202406191623/tools/bin/../lib/gcc/arm-none-eabi/12.3.1/thumb/v7e-m+fp/hard\libgcc.a(_dvmd_tls.o)
                0x080004b4                __aeabi_idiv0
                0x080004b4                __aeabi_ldiv0
 *(.text*)
 .text.MX_GPIO_Init
                0x080004b8       0x88 ./Core/Src/gpio.o
                0x080004b8                MX_GPIO_Init
 .text.main     0x08000540       0x1c ./Core/Src/main.o
                0x08000540                main
 .text.SystemClock_Config
                0x0800055c       0xd8 ./Core/Src/main.o
                0x0800055c                SystemClock_Config
 .text.Error_Handler
                0x08000634        0xc ./Core/Src/main.o
                0x08000634                Error_Handler
 .text.HAL_MspInit
                0x08000640       0x50 ./Core/Src/stm32f4xx_hal_msp.o
                0x08000640                HAL_MspInit
 .text.NMI_Handler
                0x08000690        0xc ./Core/Src/stm32f4xx_it.o
                0x08000690                NMI_Handler
 .text.HardFault_Handler
                0x0800069c        0x8 ./Core/Src/stm32f4xx_it.o
                0x0800069c                HardFault_Handler
 .text.MemManage_Handler
                0x080006a4        0x8 ./Core/Src/stm32f4xx_it.o
                0x080006a4                MemManage_Handler
 .text.BusFault_Handler
                0x080006ac        0x8 ./Core/Src/stm32f4xx_it.o
                0x080006ac                BusFault_Handler
 .text.UsageFault_Handler
                0x080006b4        0x8 ./Core/Src/stm32f4xx_it.o
                0x080006b4                UsageFault_Handler
 .text.SVC_Handler
                0x080006bc        0xe ./Core/Src/stm32f4xx_it.o
                0x080006bc                SVC_Handler
 .text.DebugMon_Handler
                0x080006ca        0xe ./Core/Src/stm32f4xx_it.o
                0x080006ca                DebugMon_Handler
 .text.PendSV_Handler
                0x080006d8        0xe ./Core/Src/stm32f4xx_it.o
                0x080006d8                PendSV_Handler
 .text.SysTick_Handler
                0x080006e6        0xc ./Core/Src/stm32f4xx_it.o
                0x080006e6                SysTick_Handler
 *fill*         0x080006f2        0x2 
 .text.USART1_IRQHandler
                0x080006f4       0x14 ./Core/Src/stm32f4xx_it.o
                0x080006f4                USART1_IRQHandler
 .text.OTG_HS_IRQHandler
                0x08000708       0x14 ./Core/Src/stm32f4xx_it.o
                0x08000708                OTG_HS_IRQHandler
 .text.SystemInit
                0x0800071c       0x24 ./Core/Src/system_stm32f4xx.o
                0x0800071c                SystemInit
 .text.MX_USART1_UART_Init
                0x08000740       0x54 ./Core/Src/usart.o
                0x08000740                MX_USART1_UART_Init
 .text.HAL_UART_MspInit
                0x08000794       0xa0 ./Core/Src/usart.o
                0x08000794                HAL_UART_MspInit
 .text.Reset_Handler
                0x08000834       0x50 ./Core/Startup/startup_stm32f407vetx.o
                0x08000834                Reset_Handler
 .text.Default_Handler
                0x08000884        0x2 ./Core/Startup/startup_stm32f407vetx.o
                0x08000884                RTC_Alarm_IRQHandler
                0x08000884                HASH_RNG_IRQHandler
                0x08000884                EXTI2_IRQHandler
                0x08000884                TIM8_CC_IRQHandler
                0x08000884                TIM1_CC_IRQHandler
                0x08000884                DMA2_Stream5_IRQHandler
                0x08000884                DMA1_Stream5_IRQHandler
                0x08000884                PVD_IRQHandler
                0x08000884                SDIO_IRQHandler
                0x08000884                TAMP_STAMP_IRQHandler
                0x08000884                CAN2_RX1_IRQHandler
                0x08000884                EXTI3_IRQHandler
                0x08000884                TIM8_TRG_COM_TIM14_IRQHandler
                0x08000884                TIM1_UP_TIM10_IRQHandler
                0x08000884                TIM8_UP_TIM13_IRQHandler
                0x08000884                I2C3_ER_IRQHandler
                0x08000884                EXTI0_IRQHandler
                0x08000884                I2C2_EV_IRQHandler
                0x08000884                DMA1_Stream2_IRQHandler
                0x08000884                CAN1_RX0_IRQHandler
                0x08000884                FPU_IRQHandler
                0x08000884                OTG_HS_WKUP_IRQHandler
                0x08000884                CAN2_SCE_IRQHandler
                0x08000884                DMA2_Stream2_IRQHandler
                0x08000884                SPI1_IRQHandler
                0x08000884                TIM6_DAC_IRQHandler
                0x08000884                TIM1_BRK_TIM9_IRQHandler
                0x08000884                DCMI_IRQHandler
                0x08000884                CAN2_RX0_IRQHandler
                0x08000884                DMA2_Stream3_IRQHandler
                0x08000884                USART6_IRQHandler
                0x08000884                USART3_IRQHandler
                0x08000884                CAN1_RX1_IRQHandler
                0x08000884                UART5_IRQHandler
                0x08000884                DMA2_Stream0_IRQHandler
                0x08000884                TIM4_IRQHandler
                0x08000884                I2C1_EV_IRQHandler
                0x08000884                DMA1_Stream6_IRQHandler
                0x08000884                DMA1_Stream1_IRQHandler
                0x08000884                UART4_IRQHandler
                0x08000884                TIM3_IRQHandler
                0x08000884                RCC_IRQHandler
                0x08000884                TIM8_BRK_TIM12_IRQHandler
                0x08000884                Default_Handler
                0x08000884                EXTI15_10_IRQHandler
                0x08000884                ADC_IRQHandler
                0x08000884                DMA1_Stream7_IRQHandler
                0x08000884                TIM7_IRQHandler
                0x08000884                CAN2_TX_IRQHandler
                0x08000884                TIM5_IRQHandler
                0x08000884                DMA2_Stream7_IRQHandler
                0x08000884                I2C3_EV_IRQHandler
                0x08000884                EXTI9_5_IRQHandler
                0x08000884                RTC_WKUP_IRQHandler
                0x08000884                ETH_WKUP_IRQHandler
                0x08000884                SPI2_IRQHandler
                0x08000884                OTG_HS_EP1_IN_IRQHandler
                0x08000884                DMA1_Stream0_IRQHandler
                0x08000884                CAN1_TX_IRQHandler
                0x08000884                EXTI4_IRQHandler
                0x08000884                FSMC_IRQHandler
                0x08000884                ETH_IRQHandler
                0x08000884                OTG_HS_EP1_OUT_IRQHandler
                0x08000884                WWDG_IRQHandler
                0x08000884                TIM2_IRQHandler
                0x08000884                OTG_FS_WKUP_IRQHandler
                0x08000884                TIM1_TRG_COM_TIM11_IRQHandler
                0x08000884                EXTI1_IRQHandler
                0x08000884                USART2_IRQHandler
                0x08000884                I2C2_ER_IRQHandler
                0x08000884                DMA2_Stream1_IRQHandler
                0x08000884                CAN1_SCE_IRQHandler
                0x08000884                FLASH_IRQHandler
                0x08000884                DMA2_Stream4_IRQHandler
                0x08000884                OTG_FS_IRQHandler
                0x08000884                SPI3_IRQHandler
                0x08000884                DMA1_Stream4_IRQHandler
                0x08000884                I2C1_ER_IRQHandler
                0x08000884                DMA2_Stream6_IRQHandler
                0x08000884                DMA1_Stream3_IRQHandler
 *fill*         0x08000886        0x2 
 .text.HAL_Init
                0x08000888       0x44 ./Drivers/STM32F4xx_HAL_Driver/Src/stm32f4xx_hal.o
                0x08000888                HAL_Init
 .text.HAL_InitTick
                0x080008cc       0x60 ./Drivers/STM32F4xx_HAL_Driver/Src/stm32f4xx_hal.o
                0x080008cc                HAL_InitTick
 .text.HAL_IncTick
                0x0800092c       0x28 ./Drivers/STM32F4xx_HAL_Driver/Src/stm32f4xx_hal.o
                0x0800092c                HAL_IncTick
 .text.HAL_GetTick
                0x08000954       0x18 ./Drivers/STM32F4xx_HAL_Driver/Src/stm32f4xx_hal.o
                0x08000954                HAL_GetTick
 .text.HAL_Delay
                0x0800096c       0x48 ./Drivers/STM32F4xx_HAL_Driver/Src/stm32f4xx_hal.o
                0x0800096c                HAL_Delay
 .text.__NVIC_SetPriorityGrouping
                0x080009b4       0x48 ./Drivers/STM32F4xx_HAL_Driver/Src/stm32f4xx_hal_cortex.o
 .text.__NVIC_GetPriorityGrouping
                0x080009fc       0x1c ./Drivers/STM32F4xx_HAL_Driver/Src/stm32f4xx_hal_cortex.o
 .text.__NVIC_EnableIRQ
                0x08000a18       0x3c ./Drivers/STM32F4xx_HAL_Driver/Src/stm32f4xx_hal_cortex.o
 .text.__NVIC_SetPriority
                0x08000a54       0x54 ./Drivers/STM32F4xx_HAL_Driver/Src/stm32f4xx_hal_cortex.o
 .text.NVIC_EncodePriority
                0x08000aa8       0x66 ./Drivers/STM32F4xx_HAL_Driver/Src/stm32f4xx_hal_cortex.o
 *fill*         0x08000b0e        0x2 
 .text.SysTick_Config
                0x08000b10       0x44 ./Drivers/STM32F4xx_HAL_Driver/Src/stm32f4xx_hal_cortex.o
 .text.HAL_NVIC_SetPriorityGrouping
                0x08000b54       0x16 ./Drivers/STM32F4xx_HAL_Driver/Src/stm32f4xx_hal_cortex.o
                0x08000b54                HAL_NVIC_SetPriorityGrouping
 .text.HAL_NVIC_SetPriority
                0x08000b6a       0x38 ./Drivers/STM32F4xx_HAL_Driver/Src/stm32f4xx_hal_cortex.o
                0x08000b6a                HAL_NVIC_SetPriority
 .text.HAL_NVIC_EnableIRQ
                0x08000ba2       0x1c ./Drivers/STM32F4xx_HAL_Driver/Src/stm32f4xx_hal_cortex.o
                0x08000ba2                HAL_NVIC_EnableIRQ
 .text.HAL_SYSTICK_Config
                0x08000bbe       0x18 ./Drivers/STM32F4xx_HAL_Driver/Src/stm32f4xx_hal_cortex.o
                0x08000bbe                HAL_SYSTICK_Config
 .text.HAL_DMA_Abort
                0x08000bd6       0xe0 ./Drivers/STM32F4xx_HAL_Driver/Src/stm32f4xx_hal_dma.o
                0x08000bd6                HAL_DMA_Abort
 .text.HAL_DMA_Abort_IT
                0x08000cb6       0x44 ./Drivers/STM32F4xx_HAL_Driver/Src/stm32f4xx_hal_dma.o
                0x08000cb6                HAL_DMA_Abort_IT
 *fill*         0x08000cfa        0x2 
 .text.HAL_GPIO_Init
                0x08000cfc      0x338 ./Drivers/STM32F4xx_HAL_Driver/Src/stm32f4xx_hal_gpio.o
                0x08000cfc                HAL_GPIO_Init
 .text.HAL_PCD_Init
                0x08001034      0x21e ./Drivers/STM32F4xx_HAL_Driver/Src/stm32f4xx_hal_pcd.o
                0x08001034                HAL_PCD_Init
 .text.HAL_PCD_Start
                0x08001252       0x6a ./Drivers/STM32F4xx_HAL_Driver/Src/stm32f4xx_hal_pcd.o
                0x08001252                HAL_PCD_Start
 .text.HAL_PCD_IRQHandler
                0x080012bc      0x942 ./Drivers/STM32F4xx_HAL_Driver/Src/stm32f4xx_hal_pcd.o
                0x080012bc                HAL_PCD_IRQHandler
 .text.HAL_PCD_SetAddress
                0x08001bfe       0x48 ./Drivers/STM32F4xx_HAL_Driver/Src/stm32f4xx_hal_pcd.o
                0x08001bfe                HAL_PCD_SetAddress
 .text.HAL_PCD_EP_Open
                0x08001c46       0xd0 ./Drivers/STM32F4xx_HAL_Driver/Src/stm32f4xx_hal_pcd.o
                0x08001c46                HAL_PCD_EP_Open
 .text.HAL_PCD_EP_Close
                0x08001d16       0x94 ./Drivers/STM32F4xx_HAL_Driver/Src/stm32f4xx_hal_pcd.o
                0x08001d16                HAL_PCD_EP_Close
 .text.HAL_PCD_EP_Receive
                0x08001daa       0x76 ./Drivers/STM32F4xx_HAL_Driver/Src/stm32f4xx_hal_pcd.o
                0x08001daa                HAL_PCD_EP_Receive
 .text.HAL_PCD_EP_GetRxCount
                0x08001e20       0x30 ./Drivers/STM32F4xx_HAL_Driver/Src/stm32f4xx_hal_pcd.o
                0x08001e20                HAL_PCD_EP_GetRxCount
 .text.HAL_PCD_EP_Transmit
                0x08001e50       0x74 ./Drivers/STM32F4xx_HAL_Driver/Src/stm32f4xx_hal_pcd.o
                0x08001e50                HAL_PCD_EP_Transmit
 .text.HAL_PCD_EP_SetStall
                0x08001ec4       0xc6 ./Drivers/STM32F4xx_HAL_Driver/Src/stm32f4xx_hal_pcd.o
                0x08001ec4                HAL_PCD_EP_SetStall
 .text.HAL_PCD_EP_ClrStall
                0x08001f8a       0xac ./Drivers/STM32F4xx_HAL_Driver/Src/stm32f4xx_hal_pcd.o
                0x08001f8a                HAL_PCD_EP_ClrStall
 .text.HAL_PCD_EP_Abort
                0x08002036       0x62 ./Drivers/STM32F4xx_HAL_Driver/Src/stm32f4xx_hal_pcd.o
                0x08002036                HAL_PCD_EP_Abort
 .text.PCD_WriteEmptyTxFifo
                0x08002098      0x118 ./Drivers/STM32F4xx_HAL_Driver/Src/stm32f4xx_hal_pcd.o
 .text.PCD_EP_OutXfrComplete_int
                0x080021b0      0x1d0 ./Drivers/STM32F4xx_HAL_Driver/Src/stm32f4xx_hal_pcd.o
 .text.PCD_EP_OutSetupPacket_int
                0x08002380       0x8c ./Drivers/STM32F4xx_HAL_Driver/Src/stm32f4xx_hal_pcd.o
 .text.HAL_PCDEx_SetTxFiFo
                0x0800240c       0x8e ./Drivers/STM32F4xx_HAL_Driver/Src/stm32f4xx_hal_pcd_ex.o
                0x0800240c                HAL_PCDEx_SetTxFiFo
 .text.HAL_PCDEx_SetRxFiFo
                0x0800249a       0x22 ./Drivers/STM32F4xx_HAL_Driver/Src/stm32f4xx_hal_pcd_ex.o
                0x0800249a                HAL_PCDEx_SetRxFiFo
 .text.HAL_PCDEx_LPM_Callback
                0x080024bc       0x18 ./Drivers/STM32F4xx_HAL_Driver/Src/stm32f4xx_hal_pcd_ex.o
                0x080024bc                HAL_PCDEx_LPM_Callback
 .text.HAL_RCC_OscConfig
                0x080024d4      0x4f0 ./Drivers/STM32F4xx_HAL_Driver/Src/stm32f4xx_hal_rcc.o
                0x080024d4                HAL_RCC_OscConfig
 .text.HAL_RCC_ClockConfig
                0x080029c4      0x1cc ./Drivers/STM32F4xx_HAL_Driver/Src/stm32f4xx_hal_rcc.o
                0x080029c4                HAL_RCC_ClockConfig
 .text.HAL_RCC_EnableCSS
                0x08002b90       0x18 ./Drivers/STM32F4xx_HAL_Driver/Src/stm32f4xx_hal_rcc.o
                0x08002b90                HAL_RCC_EnableCSS
 .text.HAL_RCC_GetSysClockFreq
                0x08002ba8      0x18c ./Drivers/STM32F4xx_HAL_Driver/Src/stm32f4xx_hal_rcc.o
                0x08002ba8                HAL_RCC_GetSysClockFreq
 .text.HAL_RCC_GetHCLKFreq
                0x08002d34       0x18 ./Drivers/STM32F4xx_HAL_Driver/Src/stm32f4xx_hal_rcc.o
                0x08002d34                HAL_RCC_GetHCLKFreq
 .text.HAL_RCC_GetPCLK1Freq
                0x08002d4c       0x28 ./Drivers/STM32F4xx_HAL_Driver/Src/stm32f4xx_hal_rcc.o
                0x08002d4c                HAL_RCC_GetPCLK1Freq
 .text.HAL_RCC_GetPCLK2Freq
                0x08002d74       0x28 ./Drivers/STM32F4xx_HAL_Driver/Src/stm32f4xx_hal_rcc.o
                0x08002d74                HAL_RCC_GetPCLK2Freq
 .text.HAL_RCC_NMI_IRQHandler
                0x08002d9c       0x28 ./Drivers/STM32F4xx_HAL_Driver/Src/stm32f4xx_hal_rcc.o
                0x08002d9c                HAL_RCC_NMI_IRQHandler
 .text.HAL_RCC_CSSCallback
                0x08002dc4        0xe ./Drivers/STM32F4xx_HAL_Driver/Src/stm32f4xx_hal_rcc.o
                0x08002dc4                HAL_RCC_CSSCallback
 .text.HAL_UART_Init
                0x08002dd2       0xa0 ./Drivers/STM32F4xx_HAL_Driver/Src/stm32f4xx_hal_uart.o
                0x08002dd2                HAL_UART_Init
 *fill*         0x08002e72        0x2 
 .text.HAL_UART_IRQHandler
                0x08002e74      0x524 ./Drivers/STM32F4xx_HAL_Driver/Src/stm32f4xx_hal_uart.o
                0x08002e74                HAL_UART_IRQHandler
 .text.HAL_UART_TxCpltCallback
                0x08003398       0x14 ./Drivers/STM32F4xx_HAL_Driver/Src/stm32f4xx_hal_uart.o
                0x08003398                HAL_UART_TxCpltCallback
 .text.HAL_UART_RxCpltCallback
                0x080033ac       0x14 ./Drivers/STM32F4xx_HAL_Driver/Src/stm32f4xx_hal_uart.o
                0x080033ac                HAL_UART_RxCpltCallback
 .text.HAL_UART_ErrorCallback
                0x080033c0       0x14 ./Drivers/STM32F4xx_HAL_Driver/Src/stm32f4xx_hal_uart.o
                0x080033c0                HAL_UART_ErrorCallback
 .text.HAL_UARTEx_RxEventCallback
                0x080033d4       0x18 ./Drivers/STM32F4xx_HAL_Driver/Src/stm32f4xx_hal_uart.o
                0x080033d4                HAL_UARTEx_RxEventCallback
 .text.UART_EndRxTransfer
                0x080033ec       0xc6 ./Drivers/STM32F4xx_HAL_Driver/Src/stm32f4xx_hal_uart.o
 .text.UART_DMAAbortOnError
                0x080034b2       0x28 ./Drivers/STM32F4xx_HAL_Driver/Src/stm32f4xx_hal_uart.o
 .text.UART_Transmit_IT
                0x080034da       0xa0 ./Drivers/STM32F4xx_HAL_Driver/Src/stm32f4xx_hal_uart.o
 .text.UART_EndTransmit_IT
                0x0800357a       0x30 ./Drivers/STM32F4xx_HAL_Driver/Src/stm32f4xx_hal_uart.o
 .text.UART_Receive_IT
                0x080035aa      0x17c ./Drivers/STM32F4xx_HAL_Driver/Src/stm32f4xx_hal_uart.o
 *fill*         0x08003726        0x2 
 .text.UART_SetConfig
                0x08003728      0x4e8 ./Drivers/STM32F4xx_HAL_Driver/Src/stm32f4xx_hal_uart.o
 .text.USB_CoreInit
                0x08003c10       0xc8 ./Drivers/STM32F4xx_HAL_Driver/Src/stm32f4xx_ll_usb.o
                0x08003c10                USB_CoreInit
 .text.USB_SetTurnaroundTime
                0x08003cd8      0x144 ./Drivers/STM32F4xx_HAL_Driver/Src/stm32f4xx_ll_usb.o
                0x08003cd8                USB_SetTurnaroundTime
 .text.USB_EnableGlobalInt
                0x08003e1c       0x22 ./Drivers/STM32F4xx_HAL_Driver/Src/stm32f4xx_ll_usb.o
                0x08003e1c                USB_EnableGlobalInt
 .text.USB_DisableGlobalInt
                0x08003e3e       0x22 ./Drivers/STM32F4xx_HAL_Driver/Src/stm32f4xx_ll_usb.o
                0x08003e3e                USB_DisableGlobalInt
 .text.USB_SetCurrentMode
                0x08003e60       0x98 ./Drivers/STM32F4xx_HAL_Driver/Src/stm32f4xx_ll_usb.o
                0x08003e60                USB_SetCurrentMode
 .text.USB_DevInit
                0x08003ef8      0x2c8 ./Drivers/STM32F4xx_HAL_Driver/Src/stm32f4xx_ll_usb.o
                0x08003ef8                USB_DevInit
 .text.USB_FlushTxFifo
                0x080041c0       0x64 ./Drivers/STM32F4xx_HAL_Driver/Src/stm32f4xx_ll_usb.o
                0x080041c0                USB_FlushTxFifo
 .text.USB_FlushRxFifo
                0x08004224       0x5c ./Drivers/STM32F4xx_HAL_Driver/Src/stm32f4xx_ll_usb.o
                0x08004224                USB_FlushRxFifo
 .text.USB_SetDevSpeed
                0x08004280       0x32 ./Drivers/STM32F4xx_HAL_Driver/Src/stm32f4xx_ll_usb.o
                0x08004280                USB_SetDevSpeed
 .text.USB_GetDevSpeed
                0x080042b2       0x4a ./Drivers/STM32F4xx_HAL_Driver/Src/stm32f4xx_ll_usb.o
                0x080042b2                USB_GetDevSpeed
 .text.USB_ActivateEndpoint
                0x080042fc      0x10e ./Drivers/STM32F4xx_HAL_Driver/Src/stm32f4xx_ll_usb.o
                0x080042fc                USB_ActivateEndpoint
 *fill*         0x0800440a        0x2 
 .text.USB_DeactivateEndpoint
                0x0800440c      0x1b8 ./Drivers/STM32F4xx_HAL_Driver/Src/stm32f4xx_ll_usb.o
                0x0800440c                USB_DeactivateEndpoint
 .text.USB_EPStartXfer
                0x080045c4      0x530 ./Drivers/STM32F4xx_HAL_Driver/Src/stm32f4xx_ll_usb.o
                0x080045c4                USB_EPStartXfer
 .text.USB_EPStopXfer
                0x08004af4      0x154 ./Drivers/STM32F4xx_HAL_Driver/Src/stm32f4xx_ll_usb.o
                0x08004af4                USB_EPStopXfer
 .text.USB_WritePacket
                0x08004c48       0x7c ./Drivers/STM32F4xx_HAL_Driver/Src/stm32f4xx_ll_usb.o
                0x08004c48                USB_WritePacket
 .text.USB_ReadPacket
                0x08004cc4       0xb0 ./Drivers/STM32F4xx_HAL_Driver/Src/stm32f4xx_ll_usb.o
                0x08004cc4                USB_ReadPacket
 .text.USB_EPSetStall
                0x08004d74       0xdc ./Drivers/STM32F4xx_HAL_Driver/Src/stm32f4xx_ll_usb.o
                0x08004d74                USB_EPSetStall
 .text.USB_EPClearStall
                0x08004e50       0xcc ./Drivers/STM32F4xx_HAL_Driver/Src/stm32f4xx_ll_usb.o
                0x08004e50                USB_EPClearStall
 .text.USB_SetDevAddress
                0x08004f1c       0x4c ./Drivers/STM32F4xx_HAL_Driver/Src/stm32f4xx_ll_usb.o
                0x08004f1c                USB_SetDevAddress
 .text.USB_DevConnect
                0x08004f68       0x42 ./Drivers/STM32F4xx_HAL_Driver/Src/stm32f4xx_ll_usb.o
                0x08004f68                USB_DevConnect
 .text.USB_DevDisconnect
                0x08004faa       0x42 ./Drivers/STM32F4xx_HAL_Driver/Src/stm32f4xx_ll_usb.o
                0x08004faa                USB_DevDisconnect
 .text.USB_ReadInterrupts
                0x08004fec       0x26 ./Drivers/STM32F4xx_HAL_Driver/Src/stm32f4xx_ll_usb.o
                0x08004fec                USB_ReadInterrupts
 .text.USB_ReadDevAllOutEpInterrupt
                0x08005012       0x34 ./Drivers/STM32F4xx_HAL_Driver/Src/stm32f4xx_ll_usb.o
                0x08005012                USB_ReadDevAllOutEpInterrupt
 .text.USB_ReadDevAllInEpInterrupt
                0x08005046       0x34 ./Drivers/STM32F4xx_HAL_Driver/Src/stm32f4xx_ll_usb.o
                0x08005046                USB_ReadDevAllInEpInterrupt
 .text.USB_ReadDevOutEPInterrupt
                0x0800507a       0x3c ./Drivers/STM32F4xx_HAL_Driver/Src/stm32f4xx_ll_usb.o
                0x0800507a                USB_ReadDevOutEPInterrupt
 .text.USB_ReadDevInEPInterrupt
                0x080050b6       0x5c ./Drivers/STM32F4xx_HAL_Driver/Src/stm32f4xx_ll_usb.o
                0x080050b6                USB_ReadDevInEPInterrupt
 .text.USB_GetMode
                0x08005112       0x1c ./Drivers/STM32F4xx_HAL_Driver/Src/stm32f4xx_ll_usb.o
                0x08005112                USB_GetMode
 .text.USB_ActivateSetup
                0x0800512e       0x46 ./Drivers/STM32F4xx_HAL_Driver/Src/stm32f4xx_ll_usb.o
                0x0800512e                USB_ActivateSetup
 .text.USB_EP0_OutStart
                0x08005174       0xbc ./Drivers/STM32F4xx_HAL_Driver/Src/stm32f4xx_ll_usb.o
                0x08005174                USB_EP0_OutStart
 .text.USB_CoreReset
                0x08005230       0x62 ./Drivers/STM32F4xx_HAL_Driver/Src/stm32f4xx_ll_usb.o
 *fill*         0x08005292        0x2 
 .text.USBD_CDC_Init
                0x08005294      0x1f0 ./Middlewares/ST/STM32_USB_Device_Library/Class/CDC/Src/usbd_cdc.o
 .text.USBD_CDC_DeInit
                0x08005484      0x104 ./Middlewares/ST/STM32_USB_Device_Library/Class/CDC/Src/usbd_cdc.o
 .text.USBD_CDC_Setup
                0x08005588      0x1b8 ./Middlewares/ST/STM32_USB_Device_Library/Class/CDC/Src/usbd_cdc.o
 .text.USBD_CDC_DataIn
                0x08005740       0xfe ./Middlewares/ST/STM32_USB_Device_Library/Class/CDC/Src/usbd_cdc.o
 .text.USBD_CDC_DataOut
                0x0800583e       0x70 ./Middlewares/ST/STM32_USB_Device_Library/Class/CDC/Src/usbd_cdc.o
 .text.USBD_CDC_EP0_RxReady
                0x080058ae       0x74 ./Middlewares/ST/STM32_USB_Device_Library/Class/CDC/Src/usbd_cdc.o
 *fill*         0x08005922        0x2 
 .text.USBD_CDC_GetFSCfgDesc
                0x08005924       0x70 ./Middlewares/ST/STM32_USB_Device_Library/Class/CDC/Src/usbd_cdc.o
 .text.USBD_CDC_GetHSCfgDesc
                0x08005994       0x70 ./Middlewares/ST/STM32_USB_Device_Library/Class/CDC/Src/usbd_cdc.o
 .text.USBD_CDC_GetOtherSpeedCfgDesc
                0x08005a04       0x70 ./Middlewares/ST/STM32_USB_Device_Library/Class/CDC/Src/usbd_cdc.o
 .text.USBD_CDC_GetDeviceQualifierDescriptor
                0x08005a74       0x20 ./Middlewares/ST/STM32_USB_Device_Library/Class/CDC/Src/usbd_cdc.o
                0x08005a74                USBD_CDC_GetDeviceQualifierDescriptor
 .text.USBD_CDC_RegisterInterface
                0x08005a94       0x34 ./Middlewares/ST/STM32_USB_Device_Library/Class/CDC/Src/usbd_cdc.o
                0x08005a94                USBD_CDC_RegisterInterface
 .text.USBD_CDC_SetTxBuffer
                0x08005ac8       0x44 ./Middlewares/ST/STM32_USB_Device_Library/Class/CDC/Src/usbd_cdc.o
                0x08005ac8                USBD_CDC_SetTxBuffer
 .text.USBD_CDC_SetRxBuffer
                0x08005b0c       0x3a ./Middlewares/ST/STM32_USB_Device_Library/Class/CDC/Src/usbd_cdc.o
                0x08005b0c                USBD_CDC_SetRxBuffer
 *fill*         0x08005b46        0x2 
 .text.USBD_CDC_ReceivePacket
                0x08005b48       0x6c ./Middlewares/ST/STM32_USB_Device_Library/Class/CDC/Src/usbd_cdc.o
                0x08005b48                USBD_CDC_ReceivePacket
 .text.USBD_Init
                0x08005bb4       0x60 ./Middlewares/ST/STM32_USB_Device_Library/Core/Src/usbd_core.o
                0x08005bb4                USBD_Init
 .text.USBD_RegisterClass
                0x08005c14       0x6c ./Middlewares/ST/STM32_USB_Device_Library/Core/Src/usbd_core.o
                0x08005c14                USBD_RegisterClass
 .text.USBD_Start
                0x08005c80       0x18 ./Middlewares/ST/STM32_USB_Device_Library/Core/Src/usbd_core.o
                0x08005c80                USBD_Start
 .text.USBD_RunTestMode
                0x08005c98       0x16 ./Middlewares/ST/STM32_USB_Device_Library/Core/Src/usbd_core.o
                0x08005c98                USBD_RunTestMode
 .text.USBD_SetClassConfig
                0x08005cae       0x38 ./Middlewares/ST/STM32_USB_Device_Library/Core/Src/usbd_core.o
                0x08005cae                USBD_SetClassConfig
 .text.USBD_ClrClassConfig
                0x08005ce6       0x34 ./Middlewares/ST/STM32_USB_Device_Library/Core/Src/usbd_core.o
                0x08005ce6                USBD_ClrClassConfig
 .text.USBD_LL_SetupStage
                0x08005d1a       0xaa ./Middlewares/ST/STM32_USB_Device_Library/Core/Src/usbd_core.o
                0x08005d1a                USBD_LL_SetupStage
 .text.USBD_LL_DataOutStage
                0x08005dc4      0x166 ./Middlewares/ST/STM32_USB_Device_Library/Core/Src/usbd_core.o
                0x08005dc4                USBD_LL_DataOutStage
 .text.USBD_LL_DataInStage
                0x08005f2a      0x164 ./Middlewares/ST/STM32_USB_Device_Library/Core/Src/usbd_core.o
                0x08005f2a                USBD_LL_DataInStage
 .text.USBD_LL_Reset
                0x0800608e       0xa4 ./Middlewares/ST/STM32_USB_Device_Library/Core/Src/usbd_core.o
                0x0800608e                USBD_LL_Reset
 .text.USBD_LL_SetSpeed
                0x08006132       0x20 ./Middlewares/ST/STM32_USB_Device_Library/Core/Src/usbd_core.o
                0x08006132                USBD_LL_SetSpeed
 .text.USBD_LL_Suspend
                0x08006152       0x38 ./Middlewares/ST/STM32_USB_Device_Library/Core/Src/usbd_core.o
                0x08006152                USBD_LL_Suspend
 .text.USBD_LL_Resume
                0x0800618a       0x30 ./Middlewares/ST/STM32_USB_Device_Library/Core/Src/usbd_core.o
                0x0800618a                USBD_LL_Resume
 .text.USBD_LL_SOF
                0x080061ba       0x40 ./Middlewares/ST/STM32_USB_Device_Library/Core/Src/usbd_core.o
                0x080061ba                USBD_LL_SOF
 .text.USBD_LL_IsoINIncomplete
                0x080061fa       0x64 ./Middlewares/ST/STM32_USB_Device_Library/Core/Src/usbd_core.o
                0x080061fa                USBD_LL_IsoINIncomplete
 .text.USBD_LL_IsoOUTIncomplete
                0x0800625e       0x64 ./Middlewares/ST/STM32_USB_Device_Library/Core/Src/usbd_core.o
                0x0800625e                USBD_LL_IsoOUTIncomplete
 .text.USBD_LL_DevConnected
                0x080062c2       0x16 ./Middlewares/ST/STM32_USB_Device_Library/Core/Src/usbd_core.o
                0x080062c2                USBD_LL_DevConnected
 .text.USBD_LL_DevDisconnected
                0x080062d8       0x46 ./Middlewares/ST/STM32_USB_Device_Library/Core/Src/usbd_core.o
                0x080062d8                USBD_LL_DevDisconnected
 .text.USBD_CoreFindIF
                0x0800631e       0x1a ./Middlewares/ST/STM32_USB_Device_Library/Core/Src/usbd_core.o
                0x0800631e                USBD_CoreFindIF
 .text.USBD_CoreFindEP
                0x08006338       0x1a ./Middlewares/ST/STM32_USB_Device_Library/Core/Src/usbd_core.o
                0x08006338                USBD_CoreFindEP
 .text.USBD_GetEpDesc
                0x08006352       0x70 ./Middlewares/ST/STM32_USB_Device_Library/Core/Src/usbd_core.o
                0x08006352                USBD_GetEpDesc
 .text.USBD_GetNextDesc
                0x080063c2       0x38 ./Middlewares/ST/STM32_USB_Device_Library/Core/Src/usbd_core.o
                0x080063c2                USBD_GetNextDesc
 .text.SWAPBYTE
                0x080063fa       0x3c ./Middlewares/ST/STM32_USB_Device_Library/Core/Src/usbd_ctlreq.o
 *fill*         0x08006436        0x2 
 .text.USBD_StdDevReq
                0x08006438       0xe4 ./Middlewares/ST/STM32_USB_Device_Library/Core/Src/usbd_ctlreq.o
                0x08006438                USBD_StdDevReq
 .text.USBD_StdItfReq
                0x0800651c       0xd8 ./Middlewares/ST/STM32_USB_Device_Library/Core/Src/usbd_ctlreq.o
                0x0800651c                USBD_StdItfReq
 .text.USBD_StdEPReq
                0x080065f4      0x33a ./Middlewares/ST/STM32_USB_Device_Library/Core/Src/usbd_ctlreq.o
                0x080065f4                USBD_StdEPReq
 *fill*         0x0800692e        0x2 
 .text.USBD_GetDescriptor
                0x08006930      0x2d4 ./Middlewares/ST/STM32_USB_Device_Library/Core/Src/usbd_ctlreq.o
 .text.USBD_SetAddress
                0x08006c04       0x88 ./Middlewares/ST/STM32_USB_Device_Library/Core/Src/usbd_ctlreq.o
 .text.USBD_SetConfig
                0x08006c8c      0x154 ./Middlewares/ST/STM32_USB_Device_Library/Core/Src/usbd_ctlreq.o
 .text.USBD_GetConfig
                0x08006de0       0x6c ./Middlewares/ST/STM32_USB_Device_Library/Core/Src/usbd_ctlreq.o
 .text.USBD_GetStatus
                0x08006e4c       0x68 ./Middlewares/ST/STM32_USB_Device_Library/Core/Src/usbd_ctlreq.o
 .text.USBD_SetFeature
                0x08006eb4       0x52 ./Middlewares/ST/STM32_USB_Device_Library/Core/Src/usbd_ctlreq.o
 .text.USBD_ClrFeature
                0x08006f06       0x44 ./Middlewares/ST/STM32_USB_Device_Library/Core/Src/usbd_ctlreq.o
 .text.USBD_ParseSetupRequest
                0x08006f4a       0x74 ./Middlewares/ST/STM32_USB_Device_Library/Core/Src/usbd_ctlreq.o
                0x08006f4a                USBD_ParseSetupRequest
 .text.USBD_CtlError
                0x08006fbe       0x22 ./Middlewares/ST/STM32_USB_Device_Library/Core/Src/usbd_ctlreq.o
                0x08006fbe                USBD_CtlError
 .text.USBD_GetString
                0x08006fe0       0x8c ./Middlewares/ST/STM32_USB_Device_Library/Core/Src/usbd_ctlreq.o
                0x08006fe0                USBD_GetString
 .text.USBD_GetLen
                0x0800706c       0x34 ./Middlewares/ST/STM32_USB_Device_Library/Core/Src/usbd_ctlreq.o
 .text.USBD_CtlSendData
                0x080070a0       0x36 ./Middlewares/ST/STM32_USB_Device_Library/Core/Src/usbd_ioreq.o
                0x080070a0                USBD_CtlSendData
 .text.USBD_CtlContinueSendData
                0x080070d6       0x22 ./Middlewares/ST/STM32_USB_Device_Library/Core/Src/usbd_ioreq.o
                0x080070d6                USBD_CtlContinueSendData
 .text.USBD_CtlPrepareRx
                0x080070f8       0x3a ./Middlewares/ST/STM32_USB_Device_Library/Core/Src/usbd_ioreq.o
                0x080070f8                USBD_CtlPrepareRx
 .text.USBD_CtlContinueRx
                0x08007132       0x22 ./Middlewares/ST/STM32_USB_Device_Library/Core/Src/usbd_ioreq.o
                0x08007132                USBD_CtlContinueRx
 .text.USBD_CtlSendStatus
                0x08007154       0x26 ./Middlewares/ST/STM32_USB_Device_Library/Core/Src/usbd_ioreq.o
                0x08007154                USBD_CtlSendStatus
 .text.USBD_CtlReceiveStatus
                0x0800717a       0x26 ./Middlewares/ST/STM32_USB_Device_Library/Core/Src/usbd_ioreq.o
                0x0800717a                USBD_CtlReceiveStatus
 .text.MX_USB_DEVICE_Init
                0x080071a0       0x60 ./USB_DEVICE/App/usb_device.o
                0x080071a0                MX_USB_DEVICE_Init
 .text.CDC_Init_HS
                0x08007200       0x28 ./USB_DEVICE/App/usbd_cdc_if.o
 .text.CDC_DeInit_HS
                0x08007228       0x10 ./USB_DEVICE/App/usbd_cdc_if.o
 .text.CDC_Control_HS
                0x08007238       0xbc ./USB_DEVICE/App/usbd_cdc_if.o
 .text.CDC_Receive_HS
                0x080072f4       0x28 ./USB_DEVICE/App/usbd_cdc_if.o
 .text.CDC_TransmitCplt_HS
                0x0800731c       0x22 ./USB_DEVICE/App/usbd_cdc_if.o
 *fill*         0x0800733e        0x2 
 .text.USBD_HS_DeviceDescriptor
                0x08007340       0x24 ./USB_DEVICE/App/usbd_desc.o
                0x08007340                USBD_HS_DeviceDescriptor
 .text.USBD_HS_LangIDStrDescriptor
                0x08007364       0x24 ./USB_DEVICE/App/usbd_desc.o
                0x08007364                USBD_HS_LangIDStrDescriptor
 .text.USBD_HS_ProductStrDescriptor
                0x08007388       0x3c ./USB_DEVICE/App/usbd_desc.o
                0x08007388                USBD_HS_ProductStrDescriptor
 .text.USBD_HS_ManufacturerStrDescriptor
                0x080073c4       0x28 ./USB_DEVICE/App/usbd_desc.o
                0x080073c4                USBD_HS_ManufacturerStrDescriptor
 .text.USBD_HS_SerialStrDescriptor
                0x080073ec       0x24 ./USB_DEVICE/App/usbd_desc.o
                0x080073ec                USBD_HS_SerialStrDescriptor
 .text.USBD_HS_ConfigStrDescriptor
                0x08007410       0x3c ./USB_DEVICE/App/usbd_desc.o
                0x08007410                USBD_HS_ConfigStrDescriptor
 .text.USBD_HS_InterfaceStrDescriptor
                0x0800744c       0x3c ./USB_DEVICE/App/usbd_desc.o
                0x0800744c                USBD_HS_InterfaceStrDescriptor
 .text.Get_SerialNum
                0x08007488       0x58 ./USB_DEVICE/App/usbd_desc.o
 .text.IntToUnicode
                0x080074e0       0x7e ./USB_DEVICE/App/usbd_desc.o
 *fill*         0x0800755e        0x2 
 .text.HAL_PCD_MspInit
                0x08007560      0x13c ./USB_DEVICE/Target/usbd_conf.o
                0x08007560                HAL_PCD_MspInit
 .text.HAL_PCD_SetupStageCallback
                0x0800769c       0x24 ./USB_DEVICE/Target/usbd_conf.o
                0x0800769c                HAL_PCD_SetupStageCallback
 .text.HAL_PCD_DataOutStageCallback
                0x080076c0       0x36 ./USB_DEVICE/Target/usbd_conf.o
                0x080076c0                HAL_PCD_DataOutStageCallback
 .text.HAL_PCD_DataInStageCallback
                0x080076f6       0x34 ./USB_DEVICE/Target/usbd_conf.o
                0x080076f6                HAL_PCD_DataInStageCallback
 .text.HAL_PCD_SOFCallback
                0x0800772a       0x1c ./USB_DEVICE/Target/usbd_conf.o
                0x0800772a                HAL_PCD_SOFCallback
 .text.HAL_PCD_ResetCallback
                0x08007746       0x50 ./USB_DEVICE/Target/usbd_conf.o
                0x08007746                HAL_PCD_ResetCallback
 *fill*         0x08007796        0x2 
 .text.HAL_PCD_SuspendCallback
                0x08007798       0x4c ./USB_DEVICE/Target/usbd_conf.o
                0x08007798                HAL_PCD_SuspendCallback
 .text.HAL_PCD_ResumeCallback
                0x080077e4       0x1c ./USB_DEVICE/Target/usbd_conf.o
                0x080077e4                HAL_PCD_ResumeCallback
 .text.HAL_PCD_ISOOUTIncompleteCallback
                0x08007800       0x24 ./USB_DEVICE/Target/usbd_conf.o
                0x08007800                HAL_PCD_ISOOUTIncompleteCallback
 .text.HAL_PCD_ISOINIncompleteCallback
                0x08007824       0x24 ./USB_DEVICE/Target/usbd_conf.o
                0x08007824                HAL_PCD_ISOINIncompleteCallback
 .text.HAL_PCD_ConnectCallback
                0x08007848       0x1c ./USB_DEVICE/Target/usbd_conf.o
                0x08007848                HAL_PCD_ConnectCallback
 .text.HAL_PCD_DisconnectCallback
                0x08007864       0x1c ./USB_DEVICE/Target/usbd_conf.o
                0x08007864                HAL_PCD_DisconnectCallback
 .text.USBD_LL_Init
                0x08007880       0xa4 ./USB_DEVICE/Target/usbd_conf.o
                0x08007880                USBD_LL_Init
 .text.USBD_LL_Start
                0x08007924       0x36 ./USB_DEVICE/Target/usbd_conf.o
                0x08007924                USBD_LL_Start
 .text.USBD_LL_OpenEP
                0x0800795a       0x4c ./USB_DEVICE/Target/usbd_conf.o
                0x0800795a                USBD_LL_OpenEP
 .text.USBD_LL_CloseEP
                0x080079a6       0x3e ./USB_DEVICE/Target/usbd_conf.o
                0x080079a6                USBD_LL_CloseEP
 .text.USBD_LL_StallEP
                0x080079e4       0x3e ./USB_DEVICE/Target/usbd_conf.o
                0x080079e4                USBD_LL_StallEP
 .text.USBD_LL_ClearStallEP
                0x08007a22       0x3e ./USB_DEVICE/Target/usbd_conf.o
                0x08007a22                USBD_LL_ClearStallEP
 .text.USBD_LL_IsStallEP
                0x08007a60       0x58 ./USB_DEVICE/Target/usbd_conf.o
                0x08007a60                USBD_LL_IsStallEP
 .text.USBD_LL_SetUSBAddress
                0x08007ab8       0x3e ./USB_DEVICE/Target/usbd_conf.o
                0x08007ab8                USBD_LL_SetUSBAddress
 .text.USBD_LL_Transmit
                0x08007af6       0x42 ./USB_DEVICE/Target/usbd_conf.o
                0x08007af6                USBD_LL_Transmit
 .text.USBD_LL_PrepareReceive
                0x08007b38       0x42 ./USB_DEVICE/Target/usbd_conf.o
                0x08007b38                USBD_LL_PrepareReceive
 .text.USBD_LL_GetRxDataSize
                0x08007b7a       0x26 ./USB_DEVICE/Target/usbd_conf.o
                0x08007b7a                USBD_LL_GetRxDataSize
 .text.USBD_static_malloc
                0x08007ba0       0x1c ./USB_DEVICE/Target/usbd_conf.o
                0x08007ba0                USBD_static_malloc
 .text.USBD_static_free
                0x08007bbc       0x14 ./USB_DEVICE/Target/usbd_conf.o
                0x08007bbc                USBD_static_free
 .text.USBD_Get_USB_Status
                0x08007bd0       0x58 ./USB_DEVICE/Target/usbd_conf.o
                0x08007bd0                USBD_Get_USB_Status
 .text.memset   0x08007c28       0x10 C:/ST/STM32CubeIDE_1.16.0/STM32CubeIDE/plugins/com.st.stm32cube.ide.mcu.externaltools.gnu-tools-for-stm32.12.3.rel1.win32_1.0.200.202406191623/tools/bin/../lib/gcc/arm-none-eabi/12.3.1/../../../../arm-none-eabi/lib/thumb/v7e-m+fp/hard\libc_nano.a(libc_a-memset.o)
                0x08007c28                memset
 .text.__libc_init_array
                0x08007c38       0x48 C:/ST/STM32CubeIDE_1.16.0/STM32CubeIDE/plugins/com.st.stm32cube.ide.mcu.externaltools.gnu-tools-for-stm32.12.3.rel1.win32_1.0.200.202406191623/tools/bin/../lib/gcc/arm-none-eabi/12.3.1/../../../../arm-none-eabi/lib/thumb/v7e-m+fp/hard\libc_nano.a(libc_a-init.o)
                0x08007c38                __libc_init_array
 *(.glue_7)
 .glue_7        0x08007c80        0x0 linker stubs
 *(.glue_7t)
 .glue_7t       0x08007c80        0x0 linker stubs
 *(.eh_frame)
 .eh_frame      0x08007c80        0x0 C:/ST/STM32CubeIDE_1.16.0/STM32CubeIDE/plugins/com.st.stm32cube.ide.mcu.externaltools.gnu-tools-for-stm32.12.3.rel1.win32_1.0.200.202406191623/tools/bin/../lib/gcc/arm-none-eabi/12.3.1/thumb/v7e-m+fp/hard/crtbegin.o
 *(.init)
 .init          0x08007c80        0x4 C:/ST/STM32CubeIDE_1.16.0/STM32CubeIDE/plugins/com.st.stm32cube.ide.mcu.externaltools.gnu-tools-for-stm32.12.3.rel1.win32_1.0.200.202406191623/tools/bin/../lib/gcc/arm-none-eabi/12.3.1/thumb/v7e-m+fp/hard/crti.o
                0x08007c80                _init
 .init          0x08007c84        0x8 C:/ST/STM32CubeIDE_1.16.0/STM32CubeIDE/plugins/com.st.stm32cube.ide.mcu.externaltools.gnu-tools-for-stm32.12.3.rel1.win32_1.0.200.202406191623/tools/bin/../lib/gcc/arm-none-eabi/12.3.1/thumb/v7e-m+fp/hard/crtn.o
 *(.fini)
 .fini          0x08007c8c        0x4 C:/ST/STM32CubeIDE_1.16.0/STM32CubeIDE/plugins/com.st.stm32cube.ide.mcu.externaltools.gnu-tools-for-stm32.12.3.rel1.win32_1.0.200.202406191623/tools/bin/../lib/gcc/arm-none-eabi/12.3.1/thumb/v7e-m+fp/hard/crti.o
                0x08007c8c                _fini
 .fini          0x08007c90        0x8 C:/ST/STM32CubeIDE_1.16.0/STM32CubeIDE/plugins/com.st.stm32cube.ide.mcu.externaltools.gnu-tools-for-stm32.12.3.rel1.win32_1.0.200.202406191623/tools/bin/../lib/gcc/arm-none-eabi/12.3.1/thumb/v7e-m+fp/hard/crtn.o
                0x08007c98                        . = ALIGN (0x4)
                0x08007c98                        _etext = .

.vfp11_veneer   0x08007c98        0x0
 .vfp11_veneer  0x08007c98        0x0 linker stubs

.v4_bx          0x08007c98        0x0
 .v4_bx         0x08007c98        0x0 linker stubs

.iplt           0x08007c98        0x0
 .iplt          0x08007c98        0x0 C:/ST/STM32CubeIDE_1.16.0/STM32CubeIDE/plugins/com.st.stm32cube.ide.mcu.externaltools.gnu-tools-for-stm32.12.3.rel1.win32_1.0.200.202406191623/tools/bin/../lib/gcc/arm-none-eabi/12.3.1/thumb/v7e-m+fp/hard/crtbegin.o

.rodata         0x08007c98       0x60
                0x08007c98                        . = ALIGN (0x4)
 *(.rodata)
 .rodata        0x08007c98       0x46 ./USB_DEVICE/App/usbd_desc.o
 *(.rodata*)
 *fill*         0x08007cde        0x2 
 .rodata.AHBPrescTable
                0x08007ce0       0x10 ./Core/Src/system_stm32f4xx.o
                0x08007ce0                AHBPrescTable
 .rodata.APBPrescTable
                0x08007cf0        0x8 ./Core/Src/system_stm32f4xx.o
                0x08007cf0                APBPrescTable
                0x08007cf8                        . = ALIGN (0x4)

.ARM.extab      0x08007cf8        0x0
                0x08007cf8                        . = ALIGN (0x4)
 *(.ARM.extab* .gnu.linkonce.armextab.*)
                0x08007cf8                        . = ALIGN (0x4)

.ARM            0x08007cf8        0x8
                0x08007cf8                        . = ALIGN (0x4)
                0x08007cf8                        __exidx_start = .
 *(.ARM.exidx*)
 .ARM.exidx     0x08007cf8        0x8 C:/ST/STM32CubeIDE_1.16.0/STM32CubeIDE/plugins/com.st.stm32cube.ide.mcu.externaltools.gnu-tools-for-stm32.12.3.rel1.win32_1.0.200.202406191623/tools/bin/../lib/gcc/arm-none-eabi/12.3.1/thumb/v7e-m+fp/hard\libgcc.a(_udivmoddi4.o)
                0x08007d00                        __exidx_end = .
                0x08007d00                        . = ALIGN (0x4)

.preinit_array  0x08007d00        0x0
                0x08007d00                        . = ALIGN (0x4)
                0x08007d00                        PROVIDE (__preinit_array_start = .)
 *(.preinit_array*)
                0x08007d00                        PROVIDE (__preinit_array_end = .)
                0x08007d00                        . = ALIGN (0x4)

.init_array     0x08007d00        0x4
                0x08007d00                        . = ALIGN (0x4)
                0x08007d00                        PROVIDE (__init_array_start = .)
 *(SORT_BY_NAME(.init_array.*))
 *(.init_array*)
 .init_array    0x08007d00        0x4 C:/ST/STM32CubeIDE_1.16.0/STM32CubeIDE/plugins/com.st.stm32cube.ide.mcu.externaltools.gnu-tools-for-stm32.12.3.rel1.win32_1.0.200.202406191623/tools/bin/../lib/gcc/arm-none-eabi/12.3.1/thumb/v7e-m+fp/hard/crtbegin.o
                0x08007d04                        PROVIDE (__init_array_end = .)
                0x08007d04                        . = ALIGN (0x4)

.fini_array     0x08007d04        0x4
                0x08007d04                        . = ALIGN (0x4)
                [!provide]                        PROVIDE (__fini_array_start = .)
 *(SORT_BY_NAME(.fini_array.*))
 *(.fini_array*)
 .fini_array    0x08007d04        0x4 C:/ST/STM32CubeIDE_1.16.0/STM32CubeIDE/plugins/com.st.stm32cube.ide.mcu.externaltools.gnu-tools-for-stm32.12.3.rel1.win32_1.0.200.202406191623/tools/bin/../lib/gcc/arm-none-eabi/12.3.1/thumb/v7e-m+fp/hard/crtbegin.o
                [!provide]                        PROVIDE (__fini_array_end = .)
                0x08007d08                        . = ALIGN (0x4)
                0x08007d08                        _sidata = LOADADDR (.data)

.rel.dyn        0x08007d08        0x0
 .rel.iplt      0x08007d08        0x0 C:/ST/STM32CubeIDE_1.16.0/STM32CubeIDE/plugins/com.st.stm32cube.ide.mcu.externaltools.gnu-tools-for-stm32.12.3.rel1.win32_1.0.200.202406191623/tools/bin/../lib/gcc/arm-none-eabi/12.3.1/thumb/v7e-m+fp/hard/crtbegin.o

.data           0x20000000       0xfc load address 0x08007d08
                0x20000000                        . = ALIGN (0x4)
                0x20000000                        _sdata = .
 *(.data)
 *(.data*)
 .data.SystemCoreClock
                0x20000000        0x4 ./Core/Src/system_stm32f4xx.o
                0x20000000                SystemCoreClock
 .data.uwTickPrio
                0x20000004        0x4 ./Drivers/STM32F4xx_HAL_Driver/Src/stm32f4xx_hal.o
                0x20000004                uwTickPrio
 .data.uwTickFreq
                0x20000008        0x1 ./Drivers/STM32F4xx_HAL_Driver/Src/stm32f4xx_hal.o
                0x20000008                uwTickFreq
 *fill*         0x20000009        0x3 
 .data.USBD_CDC_DeviceQualifierDesc
                0x2000000c        0xa ./Middlewares/ST/STM32_USB_Device_Library/Class/CDC/Src/usbd_cdc.o
 *fill*         0x20000016        0x2 
 .data.USBD_CDC
                0x20000018       0x38 ./Middlewares/ST/STM32_USB_Device_Library/Class/CDC/Src/usbd_cdc.o
                0x20000018                USBD_CDC
 .data.USBD_CDC_CfgDesc
                0x20000050       0x43 ./Middlewares/ST/STM32_USB_Device_Library/Class/CDC/Src/usbd_cdc.o
 .data.CDCInEpAdd
                0x20000093        0x1 ./Middlewares/ST/STM32_USB_Device_Library/Class/CDC/Src/usbd_cdc.o
 .data.CDCOutEpAdd
                0x20000094        0x1 ./Middlewares/ST/STM32_USB_Device_Library/Class/CDC/Src/usbd_cdc.o
 .data.CDCCmdEpAdd
                0x20000095        0x1 ./Middlewares/ST/STM32_USB_Device_Library/Class/CDC/Src/usbd_cdc.o
 *fill*         0x20000096        0x2 
 .data.USBD_Interface_fops_HS
                0x20000098       0x14 ./USB_DEVICE/App/usbd_cdc_if.o
                0x20000098                USBD_Interface_fops_HS
 .data.HS_Desc  0x200000ac       0x1c ./USB_DEVICE/App/usbd_desc.o
                0x200000ac                HS_Desc
 .data.USBD_HS_DeviceDesc
                0x200000c8       0x12 ./USB_DEVICE/App/usbd_desc.o
                0x200000c8                USBD_HS_DeviceDesc
 *fill*         0x200000da        0x2 
 .data.USBD_LangIDDesc
                0x200000dc        0x4 ./USB_DEVICE/App/usbd_desc.o
                0x200000dc                USBD_LangIDDesc
 .data.USBD_StringSerial
                0x200000e0       0x1a ./USB_DEVICE/App/usbd_desc.o
                0x200000e0                USBD_StringSerial
 *(.RamFunc)
 *(.RamFunc*)
                0x200000fc                        . = ALIGN (0x4)
 *fill*         0x200000fa        0x2 
                0x200000fc                        _edata = .
                0x08007e04                        _siccmram = LOADADDR (.ccmram)

.igot.plt       0x200000fc        0x0 load address 0x08007e04
 .igot.plt      0x200000fc        0x0 C:/ST/STM32CubeIDE_1.16.0/STM32CubeIDE/plugins/com.st.stm32cube.ide.mcu.externaltools.gnu-tools-for-stm32.12.3.rel1.win32_1.0.200.202406191623/tools/bin/../lib/gcc/arm-none-eabi/12.3.1/thumb/v7e-m+fp/hard/crtbegin.o

.ccmram         0x10000000        0x0 load address 0x08007e04
                0x10000000                        . = ALIGN (0x4)
                0x10000000                        _sccmram = .
 *(.ccmram)
 *(.ccmram*)
                0x10000000                        . = ALIGN (0x4)
                0x10000000                        _eccmram = .
                0x10000000                        . = ALIGN (0x4)

.bss            0x200000fc     0x1c4c
                0x200000fc                        _sbss = .
                0x200000fc                        __bss_start__ = _sbss
 *(.bss)
 .bss           0x200000fc       0x1c C:/ST/STM32CubeIDE_1.16.0/STM32CubeIDE/plugins/com.st.stm32cube.ide.mcu.externaltools.gnu-tools-for-stm32.12.3.rel1.win32_1.0.200.202406191623/tools/bin/../lib/gcc/arm-none-eabi/12.3.1/thumb/v7e-m+fp/hard/crtbegin.o
 *(.bss*)
 .bss.huart1    0x20000118       0x48 ./Core/Src/usart.o
                0x20000118                huart1
 .bss.uwTick    0x20000160        0x4 ./Drivers/STM32F4xx_HAL_Driver/Src/stm32f4xx_hal.o
                0x20000160                uwTick
 .bss.cfgidx.0  0x20000164        0x1 ./Middlewares/ST/STM32_USB_Device_Library/Core/Src/usbd_ctlreq.o
 *fill*         0x20000165        0x3 
 .bss.hUsbDeviceHS
                0x20000168      0x2dc ./USB_DEVICE/App/usb_device.o
                0x20000168                hUsbDeviceHS
 .bss.UserRxBufferHS
                0x20000444      0x800 ./USB_DEVICE/App/usbd_cdc_if.o
                0x20000444                UserRxBufferHS
 .bss.UserTxBufferHS
                0x20000c44      0x800 ./USB_DEVICE/App/usbd_cdc_if.o
                0x20000c44                UserTxBufferHS
 .bss.USBD_StrDesc
                0x20001444      0x200 ./USB_DEVICE/App/usbd_desc.o
                0x20001444                USBD_StrDesc
 .bss.hpcd_USB_OTG_HS
                0x20001644      0x4e4 ./USB_DEVICE/Target/usbd_conf.o
                0x20001644                hpcd_USB_OTG_HS
 .bss.mem.0     0x20001b28      0x220 ./USB_DEVICE/Target/usbd_conf.o
 *(COMMON)
                0x20001d48                        . = ALIGN (0x4)
                0x20001d48                        _ebss = .
                0x20001d48                        __bss_end__ = _ebss

._user_heap_stack
                0x20001d48     0x6000
                0x20001d48                        . = ALIGN (0x8)
                [!provide]                        PROVIDE (end = .)
                0x20001d48                        PROVIDE (_end = .)
                0x20003d48                        . = (. + _Min_Heap_Size)
 *fill*         0x20001d48     0x2000 
                0x20007d48                        . = (. + _Min_Stack_Size)
 *fill*         0x20003d48     0x4000 
                0x20007d48                        . = ALIGN (0x8)

/DISCARD/
 libc.a(*)
 libm.a(*)
 libgcc.a(*)

.ARM.attributes
                0x00000000       0x30
 *(.ARM.attributes)
 .ARM.attributes
                0x00000000       0x22 C:/ST/STM32CubeIDE_1.16.0/STM32CubeIDE/plugins/com.st.stm32cube.ide.mcu.externaltools.gnu-tools-for-stm32.12.3.rel1.win32_1.0.200.202406191623/tools/bin/../lib/gcc/arm-none-eabi/12.3.1/thumb/v7e-m+fp/hard/crti.o
 .ARM.attributes
                0x00000022       0x34 C:/ST/STM32CubeIDE_1.16.0/STM32CubeIDE/plugins/com.st.stm32cube.ide.mcu.externaltools.gnu-tools-for-stm32.12.3.rel1.win32_1.0.200.202406191623/tools/bin/../lib/gcc/arm-none-eabi/12.3.1/thumb/v7e-m+fp/hard/crtbegin.o
 .ARM.attributes
                0x00000056       0x34 ./Core/Src/gpio.o
 .ARM.attributes
                0x0000008a       0x34 ./Core/Src/main.o
 .ARM.attributes
                0x000000be       0x34 ./Core/Src/stm32f4xx_hal_msp.o
 .ARM.attributes
                0x000000f2       0x34 ./Core/Src/stm32f4xx_it.o
 .ARM.attributes
                0x00000126       0x34 ./Core/Src/system_stm32f4xx.o
 .ARM.attributes
                0x0000015a       0x34 ./Core/Src/usart.o
 .ARM.attributes
                0x0000018e       0x21 ./Core/Startup/startup_stm32f407vetx.o
 .ARM.attributes
                0x000001af       0x34 ./Drivers/STM32F4xx_HAL_Driver/Src/stm32f4xx_hal.o
 .ARM.attributes
                0x000001e3       0x34 ./Drivers/STM32F4xx_HAL_Driver/Src/stm32f4xx_hal_cortex.o
 .ARM.attributes
                0x00000217       0x34 ./Drivers/STM32F4xx_HAL_Driver/Src/stm32f4xx_hal_dma.o
 .ARM.attributes
                0x0000024b       0x34 ./Drivers/STM32F4xx_HAL_Driver/Src/stm32f4xx_hal_gpio.o
 .ARM.attributes
                0x0000027f       0x34 ./Drivers/STM32F4xx_HAL_Driver/Src/stm32f4xx_hal_pcd.o
 .ARM.attributes
                0x000002b3       0x34 ./Drivers/STM32F4xx_HAL_Driver/Src/stm32f4xx_hal_pcd_ex.o
 .ARM.attributes
                0x000002e7       0x34 ./Drivers/STM32F4xx_HAL_Driver/Src/stm32f4xx_hal_rcc.o
 .ARM.attributes
                0x0000031b       0x34 ./Drivers/STM32F4xx_HAL_Driver/Src/stm32f4xx_hal_uart.o
 .ARM.attributes
                0x0000034f       0x34 ./Drivers/STM32F4xx_HAL_Driver/Src/stm32f4xx_ll_usb.o
 .ARM.attributes
                0x00000383       0x34 ./Middlewares/ST/STM32_USB_Device_Library/Class/CDC/Src/usbd_cdc.o
 .ARM.attributes
                0x000003b7       0x34 ./Middlewares/ST/STM32_USB_Device_Library/Core/Src/usbd_core.o
 .ARM.attributes
                0x000003eb       0x34 ./Middlewares/ST/STM32_USB_Device_Library/Core/Src/usbd_ctlreq.o
 .ARM.attributes
                0x0000041f       0x34 ./Middlewares/ST/STM32_USB_Device_Library/Core/Src/usbd_ioreq.o
 .ARM.attributes
                0x00000453       0x34 ./USB_DEVICE/App/usb_device.o
 .ARM.attributes
                0x00000487       0x34 ./USB_DEVICE/App/usbd_cdc_if.o
 .ARM.attributes
                0x000004bb       0x34 ./USB_DEVICE/App/usbd_desc.o
 .ARM.attributes
                0x000004ef       0x34 ./USB_DEVICE/Target/usbd_conf.o
 .ARM.attributes
                0x00000523       0x34 C:/ST/STM32CubeIDE_1.16.0/STM32CubeIDE/plugins/com.st.stm32cube.ide.mcu.externaltools.gnu-tools-for-stm32.12.3.rel1.win32_1.0.200.202406191623/tools/bin/../lib/gcc/arm-none-eabi/12.3.1/../../../../arm-none-eabi/lib/thumb/v7e-m+fp/hard\libc_nano.a(libc_a-memset.o)
 .ARM.attributes
                0x00000557       0x34 C:/ST/STM32CubeIDE_1.16.0/STM32CubeIDE/plugins/com.st.stm32cube.ide.mcu.externaltools.gnu-tools-for-stm32.12.3.rel1.win32_1.0.200.202406191623/tools/bin/../lib/gcc/arm-none-eabi/12.3.1/../../../../arm-none-eabi/lib/thumb/v7e-m+fp/hard\libc_nano.a(libc_a-init.o)
 .ARM.attributes
                0x0000058b       0x22 C:/ST/STM32CubeIDE_1.16.0/STM32CubeIDE/plugins/com.st.stm32cube.ide.mcu.externaltools.gnu-tools-for-stm32.12.3.rel1.win32_1.0.200.202406191623/tools/bin/../lib/gcc/arm-none-eabi/12.3.1/thumb/v7e-m+fp/hard\libgcc.a(_aeabi_uldivmod.o)
 .ARM.attributes
                0x000005ad       0x34 C:/ST/STM32CubeIDE_1.16.0/STM32CubeIDE/plugins/com.st.stm32cube.ide.mcu.externaltools.gnu-tools-for-stm32.12.3.rel1.win32_1.0.200.202406191623/tools/bin/../lib/gcc/arm-none-eabi/12.3.1/thumb/v7e-m+fp/hard\libgcc.a(_udivmoddi4.o)
 .ARM.attributes
                0x000005e1       0x22 C:/ST/STM32CubeIDE_1.16.0/STM32CubeIDE/plugins/com.st.stm32cube.ide.mcu.externaltools.gnu-tools-for-stm32.12.3.rel1.win32_1.0.200.202406191623/tools/bin/../lib/gcc/arm-none-eabi/12.3.1/thumb/v7e-m+fp/hard\libgcc.a(_dvmd_tls.o)
 .ARM.attributes
                0x00000603       0x22 C:/ST/STM32CubeIDE_1.16.0/STM32CubeIDE/plugins/com.st.stm32cube.ide.mcu.externaltools.gnu-tools-for-stm32.12.3.rel1.win32_1.0.200.202406191623/tools/bin/../lib/gcc/arm-none-eabi/12.3.1/thumb/v7e-m+fp/hard/crtn.o
OUTPUT(NANDO_USBHS.elf elf32-littlearm)
LOAD linker stubs
LOAD C:/ST/STM32CubeIDE_1.16.0/STM32CubeIDE/plugins/com.st.stm32cube.ide.mcu.externaltools.gnu-tools-for-stm32.12.3.rel1.win32_1.0.200.202406191623/tools/bin/../lib/gcc/arm-none-eabi/12.3.1/../../../../arm-none-eabi/lib/thumb/v7e-m+fp/hard\libc.a
LOAD C:/ST/STM32CubeIDE_1.16.0/STM32CubeIDE/plugins/com.st.stm32cube.ide.mcu.externaltools.gnu-tools-for-stm32.12.3.rel1.win32_1.0.200.202406191623/tools/bin/../lib/gcc/arm-none-eabi/12.3.1/../../../../arm-none-eabi/lib/thumb/v7e-m+fp/hard\libm.a
LOAD C:/ST/STM32CubeIDE_1.16.0/STM32CubeIDE/plugins/com.st.stm32cube.ide.mcu.externaltools.gnu-tools-for-stm32.12.3.rel1.win32_1.0.200.202406191623/tools/bin/../lib/gcc/arm-none-eabi/12.3.1/thumb/v7e-m+fp/hard\libgcc.a

.debug_info     0x00000000    0x11d9f
 .debug_info    0x00000000      0x29f ./Core/Src/gpio.o
 .debug_info    0x0000029f      0x4c9 ./Core/Src/main.o
 .debug_info    0x00000768      0x269 ./Core/Src/stm32f4xx_hal_msp.o
 .debug_info    0x000009d1      0xadf ./Core/Src/stm32f4xx_it.o
 .debug_info    0x000014b0      0x512 ./Core/Src/system_stm32f4xx.o
 .debug_info    0x000019c2      0xb8d ./Core/Src/usart.o
 .debug_info    0x0000254f       0x30 ./Core/Startup/startup_stm32f407vetx.o
 .debug_info    0x0000257f      0x944 ./Drivers/STM32F4xx_HAL_Driver/Src/stm32f4xx_hal.o
 .debug_info    0x00002ec3      0xd57 ./Drivers/STM32F4xx_HAL_Driver/Src/stm32f4xx_hal_cortex.o
 .debug_info    0x00003c1a      0x8e7 ./Drivers/STM32F4xx_HAL_Driver/Src/stm32f4xx_hal_dma.o
 .debug_info    0x00004501      0x6c3 ./Drivers/STM32F4xx_HAL_Driver/Src/stm32f4xx_hal_gpio.o
 .debug_info    0x00004bc4     0x156f ./Drivers/STM32F4xx_HAL_Driver/Src/stm32f4xx_hal_pcd.o
 .debug_info    0x00006133      0x6ea ./Drivers/STM32F4xx_HAL_Driver/Src/stm32f4xx_hal_pcd_ex.o
 .debug_info    0x0000681d      0x8b1 ./Drivers/STM32F4xx_HAL_Driver/Src/stm32f4xx_hal_rcc.o
 .debug_info    0x000070ce     0x2f4f ./Drivers/STM32F4xx_HAL_Driver/Src/stm32f4xx_hal_uart.o
 .debug_info    0x0000a01d     0x1993 ./Drivers/STM32F4xx_HAL_Driver/Src/stm32f4xx_ll_usb.o
 .debug_info    0x0000b9b0     0x12a3 ./Middlewares/ST/STM32_USB_Device_Library/Class/CDC/Src/usbd_cdc.o
 .debug_info    0x0000cc53      0xe05 ./Middlewares/ST/STM32_USB_Device_Library/Core/Src/usbd_core.o
 .debug_info    0x0000da58      0xade ./Middlewares/ST/STM32_USB_Device_Library/Core/Src/usbd_ctlreq.o
 .debug_info    0x0000e536      0x755 ./Middlewares/ST/STM32_USB_Device_Library/Core/Src/usbd_ioreq.o
 .debug_info    0x0000ec8b      0x701 ./USB_DEVICE/App/usb_device.o
 .debug_info    0x0000f38c      0x8fa ./USB_DEVICE/App/usbd_cdc_if.o
 .debug_info    0x0000fc86      0x458 ./USB_DEVICE/App/usbd_desc.o
 .debug_info    0x000100de     0x1cc1 ./USB_DEVICE/Target/usbd_conf.o

.debug_abbrev   0x00000000     0x3206
 .debug_abbrev  0x00000000       0xd8 ./Core/Src/gpio.o
 .debug_abbrev  0x000000d8      0x1ea ./Core/Src/main.o
 .debug_abbrev  0x000002c2       0xd8 ./Core/Src/stm32f4xx_hal_msp.o
 .debug_abbrev  0x0000039a      0x1ef ./Core/Src/stm32f4xx_it.o
 .debug_abbrev  0x00000589      0x11a ./Core/Src/system_stm32f4xx.o
 .debug_abbrev  0x000006a3      0x218 ./Core/Src/usart.o
 .debug_abbrev  0x000008bb       0x24 ./Core/Startup/startup_stm32f407vetx.o
 .debug_abbrev  0x000008df      0x214 ./Drivers/STM32F4xx_HAL_Driver/Src/stm32f4xx_hal.o
 .debug_abbrev  0x00000af3      0x328 ./Drivers/STM32F4xx_HAL_Driver/Src/stm32f4xx_hal_cortex.o
 .debug_abbrev  0x00000e1b      0x264 ./Drivers/STM32F4xx_HAL_Driver/Src/stm32f4xx_hal_dma.o
 .debug_abbrev  0x0000107f      0x1d4 ./Drivers/STM32F4xx_HAL_Driver/Src/stm32f4xx_hal_gpio.o
 .debug_abbrev  0x00001253      0x2b9 ./Drivers/STM32F4xx_HAL_Driver/Src/stm32f4xx_hal_pcd.o
 .debug_abbrev  0x0000150c      0x1da ./Drivers/STM32F4xx_HAL_Driver/Src/stm32f4xx_hal_pcd_ex.o
 .debug_abbrev  0x000016e6      0x2b6 ./Drivers/STM32F4xx_HAL_Driver/Src/stm32f4xx_hal_rcc.o
 .debug_abbrev  0x0000199c      0x30e ./Drivers/STM32F4xx_HAL_Driver/Src/stm32f4xx_hal_uart.o
 .debug_abbrev  0x00001caa      0x2b3 ./Drivers/STM32F4xx_HAL_Driver/Src/stm32f4xx_ll_usb.o
 .debug_abbrev  0x00001f5d      0x2d2 ./Middlewares/ST/STM32_USB_Device_Library/Class/CDC/Src/usbd_cdc.o
 .debug_abbrev  0x0000222f      0x27c ./Middlewares/ST/STM32_USB_Device_Library/Core/Src/usbd_core.o
 .debug_abbrev  0x000024ab      0x26f ./Middlewares/ST/STM32_USB_Device_Library/Core/Src/usbd_ctlreq.o
 .debug_abbrev  0x0000271a      0x19a ./Middlewares/ST/STM32_USB_Device_Library/Core/Src/usbd_ioreq.o
 .debug_abbrev  0x000028b4      0x195 ./USB_DEVICE/App/usb_device.o
 .debug_abbrev  0x00002a49      0x29d ./USB_DEVICE/App/usbd_cdc_if.o
 .debug_abbrev  0x00002ce6      0x1e1 ./USB_DEVICE/App/usbd_desc.o
 .debug_abbrev  0x00002ec7      0x33f ./USB_DEVICE/Target/usbd_conf.o

.debug_aranges  0x00000000      0xe28
 .debug_aranges
                0x00000000       0x20 ./Core/Src/gpio.o
 .debug_aranges
                0x00000020       0x30 ./Core/Src/main.o
 .debug_aranges
                0x00000050       0x20 ./Core/Src/stm32f4xx_hal_msp.o
 .debug_aranges
                0x00000070       0x70 ./Core/Src/stm32f4xx_it.o
 .debug_aranges
                0x000000e0       0x28 ./Core/Src/system_stm32f4xx.o
 .debug_aranges
                0x00000108       0x30 ./Core/Src/usart.o
 .debug_aranges
                0x00000138       0x28 ./Core/Startup/startup_stm32f407vetx.o
 .debug_aranges
                0x00000160       0xf0 ./Drivers/STM32F4xx_HAL_Driver/Src/stm32f4xx_hal.o
 .debug_aranges
                0x00000250      0x120 ./Drivers/STM32F4xx_HAL_Driver/Src/stm32f4xx_hal_cortex.o
 .debug_aranges
                0x00000370       0x90 ./Drivers/STM32F4xx_HAL_Driver/Src/stm32f4xx_hal_dma.o
 .debug_aranges
                0x00000400       0x58 ./Drivers/STM32F4xx_HAL_Driver/Src/stm32f4xx_hal_gpio.o
 .debug_aranges
                0x00000458      0x148 ./Drivers/STM32F4xx_HAL_Driver/Src/stm32f4xx_hal_pcd.o
 .debug_aranges
                0x000005a0       0x38 ./Drivers/STM32F4xx_HAL_Driver/Src/stm32f4xx_hal_pcd_ex.o
 .debug_aranges
                0x000005d8       0x88 ./Drivers/STM32F4xx_HAL_Driver/Src/stm32f4xx_hal_rcc.o
 .debug_aranges
                0x00000660      0x208 ./Drivers/STM32F4xx_HAL_Driver/Src/stm32f4xx_hal_uart.o
 .debug_aranges
                0x00000868      0x1a0 ./Drivers/STM32F4xx_HAL_Driver/Src/stm32f4xx_ll_usb.o
 .debug_aranges
                0x00000a08       0x90 ./Middlewares/ST/STM32_USB_Device_Library/Class/CDC/Src/usbd_cdc.o
 .debug_aranges
                0x00000a98       0xd8 ./Middlewares/ST/STM32_USB_Device_Library/Core/Src/usbd_core.o
 .debug_aranges
                0x00000b70       0x90 ./Middlewares/ST/STM32_USB_Device_Library/Core/Src/usbd_ctlreq.o
 .debug_aranges
                0x00000c00       0x50 ./Middlewares/ST/STM32_USB_Device_Library/Core/Src/usbd_ioreq.o
 .debug_aranges
                0x00000c50       0x20 ./USB_DEVICE/App/usb_device.o
 .debug_aranges
                0x00000c70       0x48 ./USB_DEVICE/App/usbd_cdc_if.o
 .debug_aranges
                0x00000cb8       0x60 ./USB_DEVICE/App/usbd_desc.o
 .debug_aranges
                0x00000d18      0x110 ./USB_DEVICE/Target/usbd_conf.o

.debug_rnglists
                0x00000000      0xaa7
 .debug_rnglists
                0x00000000       0x14 ./Core/Src/gpio.o
 .debug_rnglists
                0x00000014       0x20 ./Core/Src/main.o
 .debug_rnglists
                0x00000034       0x13 ./Core/Src/stm32f4xx_hal_msp.o
 .debug_rnglists
                0x00000047       0x4f ./Core/Src/stm32f4xx_it.o
 .debug_rnglists
                0x00000096       0x1a ./Core/Src/system_stm32f4xx.o
 .debug_rnglists
                0x000000b0       0x20 ./Core/Src/usart.o
 .debug_rnglists
                0x000000d0       0x19 ./Core/Startup/startup_stm32f407vetx.o
 .debug_rnglists
                0x000000e9       0xaf ./Drivers/STM32F4xx_HAL_Driver/Src/stm32f4xx_hal.o
 .debug_rnglists
                0x00000198       0xd4 ./Drivers/STM32F4xx_HAL_Driver/Src/stm32f4xx_hal_cortex.o
 .debug_rnglists
                0x0000026c       0x70 ./Drivers/STM32F4xx_HAL_Driver/Src/stm32f4xx_hal_dma.o
 .debug_rnglists
                0x000002dc       0x3f ./Drivers/STM32F4xx_HAL_Driver/Src/stm32f4xx_hal_gpio.o
 .debug_rnglists
                0x0000031b       0xfa ./Drivers/STM32F4xx_HAL_Driver/Src/stm32f4xx_hal_pcd.o
 .debug_rnglists
                0x00000415       0x26 ./Drivers/STM32F4xx_HAL_Driver/Src/stm32f4xx_hal_pcd_ex.o
 .debug_rnglists
                0x0000043b       0x66 ./Drivers/STM32F4xx_HAL_Driver/Src/stm32f4xx_hal_rcc.o
 .debug_rnglists
                0x000004a1      0x1bc ./Drivers/STM32F4xx_HAL_Driver/Src/stm32f4xx_hal_uart.o
 .debug_rnglists
                0x0000065d      0x147 ./Drivers/STM32F4xx_HAL_Driver/Src/stm32f4xx_ll_usb.o
 .debug_rnglists
                0x000007a4       0x6c ./Middlewares/ST/STM32_USB_Device_Library/Class/CDC/Src/usbd_cdc.o
 .debug_rnglists
                0x00000810       0xa1 ./Middlewares/ST/STM32_USB_Device_Library/Core/Src/usbd_core.o
 .debug_rnglists
                0x000008b1       0x6e ./Middlewares/ST/STM32_USB_Device_Library/Core/Src/usbd_ctlreq.o
 .debug_rnglists
                0x0000091f       0x37 ./Middlewares/ST/STM32_USB_Device_Library/Core/Src/usbd_ioreq.o
 .debug_rnglists
                0x00000956       0x13 ./USB_DEVICE/App/usb_device.o
 .debug_rnglists
                0x00000969       0x32 ./USB_DEVICE/App/usbd_cdc_if.o
 .debug_rnglists
                0x0000099b       0x43 ./USB_DEVICE/App/usbd_desc.o
 .debug_rnglists
                0x000009de       0xc9 ./USB_DEVICE/Target/usbd_conf.o

.debug_macro    0x00000000    0x23139
 .debug_macro   0x00000000      0x1f2 ./Core/Src/gpio.o
 .debug_macro   0x000001f2      0xab4 ./Core/Src/gpio.o
 .debug_macro   0x00000ca6      0x29b ./Core/Src/gpio.o
 .debug_macro   0x00000f41       0x2e ./Core/Src/gpio.o
 .debug_macro   0x00000f6f       0x2f ./Core/Src/gpio.o
 .debug_macro   0x00000f9e       0x22 ./Core/Src/gpio.o
 .debug_macro   0x00000fc0       0x8e ./Core/Src/gpio.o
 .debug_macro   0x0000104e       0x51 ./Core/Src/gpio.o
 .debug_macro   0x0000109f      0x103 ./Core/Src/gpio.o
 .debug_macro   0x000011a2       0x6a ./Core/Src/gpio.o
 .debug_macro   0x0000120c      0x1df ./Core/Src/gpio.o
 .debug_macro   0x000013eb       0x1c ./Core/Src/gpio.o
 .debug_macro   0x00001407       0x22 ./Core/Src/gpio.o
 .debug_macro   0x00001429       0xfb ./Core/Src/gpio.o
 .debug_macro   0x00001524     0x1011 ./Core/Src/gpio.o
 .debug_macro   0x00002535      0x11f ./Core/Src/gpio.o
 .debug_macro   0x00002654    0x15e97 ./Core/Src/gpio.o
 .debug_macro   0x000184eb       0x6d ./Core/Src/gpio.o
 .debug_macro   0x00018558     0x368c ./Core/Src/gpio.o
 .debug_macro   0x0001bbe4      0x189 ./Core/Src/gpio.o
 .debug_macro   0x0001bd6d       0x5c ./Core/Src/gpio.o
 .debug_macro   0x0001bdc9      0x980 ./Core/Src/gpio.o
 .debug_macro   0x0001c749      0x9e9 ./Core/Src/gpio.o
 .debug_macro   0x0001d132      0x115 ./Core/Src/gpio.o
 .debug_macro   0x0001d247      0x13e ./Core/Src/gpio.o
 .debug_macro   0x0001d385       0xa5 ./Core/Src/gpio.o
 .debug_macro   0x0001d42a      0x174 ./Core/Src/gpio.o
 .debug_macro   0x0001d59e      0x287 ./Core/Src/gpio.o
 .debug_macro   0x0001d825       0x5f ./Core/Src/gpio.o
 .debug_macro   0x0001d884      0x236 ./Core/Src/gpio.o
 .debug_macro   0x0001daba      0x12c ./Core/Src/gpio.o
 .debug_macro   0x0001dbe6      0x21e ./Core/Src/gpio.o
 .debug_macro   0x0001de04       0x2e ./Core/Src/gpio.o
 .debug_macro   0x0001de32      0x127 ./Core/Src/gpio.o
 .debug_macro   0x0001df59       0x7e ./Core/Src/gpio.o
 .debug_macro   0x0001dfd7       0x89 ./Core/Src/gpio.o
 .debug_macro   0x0001e060      0x2aa ./Core/Src/gpio.o
 .debug_macro   0x0001e30a      0x293 ./Core/Src/gpio.o
 .debug_macro   0x0001e59d       0xba ./Core/Src/gpio.o
 .debug_macro   0x0001e657      0x12d ./Core/Src/gpio.o
 .debug_macro   0x0001e784      0x364 ./Core/Src/main.o
 .debug_macro   0x0001eae8       0x61 ./Core/Src/main.o
 .debug_macro   0x0001eb49       0x2a ./Core/Src/main.o
 .debug_macro   0x0001eb73       0x43 ./Core/Src/main.o
 .debug_macro   0x0001ebb6       0x34 ./Core/Src/main.o
 .debug_macro   0x0001ebea       0x16 ./Core/Src/main.o
 .debug_macro   0x0001ec00       0x35 ./Core/Src/main.o
 .debug_macro   0x0001ec35      0x369 ./Core/Src/main.o
 .debug_macro   0x0001ef9e       0x10 ./Core/Src/main.o
 .debug_macro   0x0001efae       0x16 ./Core/Src/main.o
 .debug_macro   0x0001efc4       0x43 ./Core/Src/main.o
 .debug_macro   0x0001f007       0x34 ./Core/Src/main.o
 .debug_macro   0x0001f03b       0x10 ./Core/Src/main.o
 .debug_macro   0x0001f04b       0x58 ./Core/Src/main.o
 .debug_macro   0x0001f0a3       0x8e ./Core/Src/main.o
 .debug_macro   0x0001f131       0x1c ./Core/Src/main.o
 .debug_macro   0x0001f14d      0x177 ./Core/Src/main.o
 .debug_macro   0x0001f2c4       0x16 ./Core/Src/main.o
 .debug_macro   0x0001f2da       0x16 ./Core/Src/main.o
 .debug_macro   0x0001f2f0      0x146 ./Core/Src/main.o
 .debug_macro   0x0001f436       0x16 ./Core/Src/main.o
 .debug_macro   0x0001f44c       0x16 ./Core/Src/main.o
 .debug_macro   0x0001f462       0x29 ./Core/Src/main.o
 .debug_macro   0x0001f48b       0x16 ./Core/Src/main.o
 .debug_macro   0x0001f4a1       0x20 ./Core/Src/main.o
 .debug_macro   0x0001f4c1       0x65 ./Core/Src/main.o
 .debug_macro   0x0001f526      0x20f ./Core/Src/main.o
 .debug_macro   0x0001f735      0x1e8 ./Core/Src/stm32f4xx_hal_msp.o
 .debug_macro   0x0001f91d      0x1f2 ./Core/Src/stm32f4xx_it.o
 .debug_macro   0x0001fb0f      0x1de ./Core/Src/system_stm32f4xx.o
 .debug_macro   0x0001fced      0x1f2 ./Core/Src/usart.o
 .debug_macro   0x0001fedf      0x23e ./Drivers/STM32F4xx_HAL_Driver/Src/stm32f4xx_hal.o
 .debug_macro   0x0002011d      0x1de ./Drivers/STM32F4xx_HAL_Driver/Src/stm32f4xx_hal_cortex.o
 .debug_macro   0x000202fb      0x1e4 ./Drivers/STM32F4xx_HAL_Driver/Src/stm32f4xx_hal_dma.o
 .debug_macro   0x000204df      0x1e4 ./Drivers/STM32F4xx_HAL_Driver/Src/stm32f4xx_hal_gpio.o
 .debug_macro   0x000206c3      0x1ea ./Drivers/STM32F4xx_HAL_Driver/Src/stm32f4xx_hal_pcd.o
 .debug_macro   0x000208ad      0x1de ./Drivers/STM32F4xx_HAL_Driver/Src/stm32f4xx_hal_pcd_ex.o
 .debug_macro   0x00020a8b      0x202 ./Drivers/STM32F4xx_HAL_Driver/Src/stm32f4xx_hal_rcc.o
 .debug_macro   0x00020c8d      0x1df ./Drivers/STM32F4xx_HAL_Driver/Src/stm32f4xx_hal_uart.o
 .debug_macro   0x00020e6c      0x1de ./Drivers/STM32F4xx_HAL_Driver/Src/stm32f4xx_ll_usb.o
 .debug_macro   0x0002104a      0x377 ./Middlewares/ST/STM32_USB_Device_Library/Class/CDC/Src/usbd_cdc.o
 .debug_macro   0x000213c1       0x9e ./Middlewares/ST/STM32_USB_Device_Library/Class/CDC/Src/usbd_cdc.o
 .debug_macro   0x0002145f      0x10b ./Middlewares/ST/STM32_USB_Device_Library/Class/CDC/Src/usbd_cdc.o
 .debug_macro   0x0002156a       0x56 ./Middlewares/ST/STM32_USB_Device_Library/Class/CDC/Src/usbd_cdc.o
 .debug_macro   0x000215c0       0x95 ./Middlewares/ST/STM32_USB_Device_Library/Class/CDC/Src/usbd_cdc.o
 .debug_macro   0x00021655      0x35e ./Middlewares/ST/STM32_USB_Device_Library/Core/Src/usbd_core.o
 .debug_macro   0x000219b3      0x215 ./Middlewares/ST/STM32_USB_Device_Library/Core/Src/usbd_core.o
 .debug_macro   0x00021bc8      0x368 ./Middlewares/ST/STM32_USB_Device_Library/Core/Src/usbd_ctlreq.o
 .debug_macro   0x00021f30      0x364 ./Middlewares/ST/STM32_USB_Device_Library/Core/Src/usbd_ioreq.o
 .debug_macro   0x00022294      0x39d ./USB_DEVICE/App/usb_device.o
 .debug_macro   0x00022631       0x22 ./USB_DEVICE/App/usb_device.o
 .debug_macro   0x00022653       0x16 ./USB_DEVICE/App/usb_device.o
 .debug_macro   0x00022669      0x382 ./USB_DEVICE/App/usbd_cdc_if.o
 .debug_macro   0x000229eb       0x10 ./USB_DEVICE/App/usbd_cdc_if.o
 .debug_macro   0x000229fb      0x3a1 ./USB_DEVICE/App/usbd_desc.o
 .debug_macro   0x00022d9c       0x1c ./USB_DEVICE/App/usbd_desc.o
 .debug_macro   0x00022db8      0x381 ./USB_DEVICE/Target/usbd_conf.o

.debug_line     0x00000000    0x13f22
 .debug_line    0x00000000      0x763 ./Core/Src/gpio.o
 .debug_line    0x00000763      0xa21 ./Core/Src/main.o
 .debug_line    0x00001184      0x765 ./Core/Src/stm32f4xx_hal_msp.o
 .debug_line    0x000018e9      0x85a ./Core/Src/stm32f4xx_it.o
 .debug_line    0x00002143      0x7e9 ./Core/Src/system_stm32f4xx.o
 .debug_line    0x0000292c      0x7d1 ./Core/Src/usart.o
 .debug_line    0x000030fd       0x7a ./Core/Startup/startup_stm32f407vetx.o
 .debug_line    0x00003177      0xa52 ./Drivers/STM32F4xx_HAL_Driver/Src/stm32f4xx_hal.o
 .debug_line    0x00003bc9      0xd1a ./Drivers/STM32F4xx_HAL_Driver/Src/stm32f4xx_hal_cortex.o
 .debug_line    0x000048e3      0xfc2 ./Drivers/STM32F4xx_HAL_Driver/Src/stm32f4xx_hal_dma.o
 .debug_line    0x000058a5      0xbde ./Drivers/STM32F4xx_HAL_Driver/Src/stm32f4xx_hal_gpio.o
 .debug_line    0x00006483     0x1538 ./Drivers/STM32F4xx_HAL_Driver/Src/stm32f4xx_hal_pcd.o
 .debug_line    0x000079bb      0x82f ./Drivers/STM32F4xx_HAL_Driver/Src/stm32f4xx_hal_pcd_ex.o
 .debug_line    0x000081ea      0xdc3 ./Drivers/STM32F4xx_HAL_Driver/Src/stm32f4xx_hal_rcc.o
 .debug_line    0x00008fad     0x2924 ./Drivers/STM32F4xx_HAL_Driver/Src/stm32f4xx_hal_uart.o
 .debug_line    0x0000b8d1     0x1e21 ./Drivers/STM32F4xx_HAL_Driver/Src/stm32f4xx_ll_usb.o
 .debug_line    0x0000d6f2      0xeea ./Middlewares/ST/STM32_USB_Device_Library/Class/CDC/Src/usbd_cdc.o
 .debug_line    0x0000e5dc      0xf64 ./Middlewares/ST/STM32_USB_Device_Library/Core/Src/usbd_core.o
 .debug_line    0x0000f540     0x113d ./Middlewares/ST/STM32_USB_Device_Library/Core/Src/usbd_ctlreq.o
 .debug_line    0x0001067d      0xa7e ./Middlewares/ST/STM32_USB_Device_Library/Core/Src/usbd_ioreq.o
 .debug_line    0x000110fb      0xa3a ./USB_DEVICE/App/usb_device.o
 .debug_line    0x00011b35      0xa9d ./USB_DEVICE/App/usbd_cdc_if.o
 .debug_line    0x000125d2      0xb03 ./USB_DEVICE/App/usbd_desc.o
 .debug_line    0x000130d5      0xe4d ./USB_DEVICE/Target/usbd_conf.o

.debug_str      0x00000000    0xc696b
 .debug_str     0x00000000    0xbde0a ./Core/Src/gpio.o
                              0xbe080 (size before relaxing)
 .debug_str     0x000bde0a     0x444c ./Core/Src/main.o
                              0xc251e (size before relaxing)
 .debug_str     0x000c2256       0x2c ./Core/Src/stm32f4xx_hal_msp.o
                              0xbe080 (size before relaxing)
 .debug_str     0x000c2282      0x8a9 ./Core/Src/stm32f4xx_it.o
                              0xbe87b (size before relaxing)
 .debug_str     0x000c2b2b       0xdb ./Core/Src/system_stm32f4xx.o
                              0xbe130 (size before relaxing)
 .debug_str     0x000c2c06      0x5e8 ./Core/Src/usart.o
                              0xbeb3c (size before relaxing)
 .debug_str     0x000c31ee       0x44 ./Core/Startup/startup_stm32f407vetx.o
                                 0x63 (size before relaxing)
 .debug_str     0x000c3232      0x60d ./Drivers/STM32F4xx_HAL_Driver/Src/stm32f4xx_hal.o
                              0xbecb4 (size before relaxing)
 .debug_str     0x000c383f      0x333 ./Drivers/STM32F4xx_HAL_Driver/Src/stm32f4xx_hal_cortex.o
                              0xbe9fe (size before relaxing)
 .debug_str     0x000c3b72      0x322 ./Drivers/STM32F4xx_HAL_Driver/Src/stm32f4xx_hal_dma.o
                              0xbe54a (size before relaxing)
 .debug_str     0x000c3e94      0x15d ./Drivers/STM32F4xx_HAL_Driver/Src/stm32f4xx_hal_gpio.o
                              0xbe2ab (size before relaxing)
 .debug_str     0x000c3ff1      0x831 ./Drivers/STM32F4xx_HAL_Driver/Src/stm32f4xx_hal_pcd.o
                              0xbec0e (size before relaxing)
 .debug_str     0x000c4822      0x115 ./Drivers/STM32F4xx_HAL_Driver/Src/stm32f4xx_hal_pcd_ex.o
                              0xbe4fe (size before relaxing)
 .debug_str     0x000c4937      0x1f6 ./Drivers/STM32F4xx_HAL_Driver/Src/stm32f4xx_hal_rcc.o
                              0xbe564 (size before relaxing)
 .debug_str     0x000c4b2d      0x60a ./Drivers/STM32F4xx_HAL_Driver/Src/stm32f4xx_hal_uart.o
                              0xbeb45 (size before relaxing)
 .debug_str     0x000c5137      0x4b0 ./Drivers/STM32F4xx_HAL_Driver/Src/stm32f4xx_ll_usb.o
                              0xbeae9 (size before relaxing)
 .debug_str     0x000c55e7      0xa1e ./Middlewares/ST/STM32_USB_Device_Library/Class/CDC/Src/usbd_cdc.o
                              0xc3101 (size before relaxing)
 .debug_str     0x000c6005      0x35c ./Middlewares/ST/STM32_USB_Device_Library/Core/Src/usbd_core.o
                              0xc2a5a (size before relaxing)
 .debug_str     0x000c6361      0x139 ./Middlewares/ST/STM32_USB_Device_Library/Core/Src/usbd_ctlreq.o
                              0xc2885 (size before relaxing)
 .debug_str     0x000c649a       0x51 ./Middlewares/ST/STM32_USB_Device_Library/Core/Src/usbd_ioreq.o
                              0xc275a (size before relaxing)
 .debug_str     0x000c64eb      0x105 ./USB_DEVICE/App/usb_device.o
                              0xc2b0d (size before relaxing)
 .debug_str     0x000c65f0       0x9a ./USB_DEVICE/App/usbd_cdc_if.o
                              0xc2b4d (size before relaxing)
 .debug_str     0x000c668a      0x26e ./USB_DEVICE/App/usbd_desc.o
                              0xc265a (size before relaxing)
 .debug_str     0x000c68f8       0x73 ./USB_DEVICE/Target/usbd_conf.o
                              0xc394f (size before relaxing)

.comment        0x00000000       0x43
 .comment       0x00000000       0x43 ./Core/Src/gpio.o
                                 0x44 (size before relaxing)
 .comment       0x00000043       0x44 ./Core/Src/main.o
 .comment       0x00000043       0x44 ./Core/Src/stm32f4xx_hal_msp.o
 .comment       0x00000043       0x44 ./Core/Src/stm32f4xx_it.o
 .comment       0x00000043       0x44 ./Core/Src/system_stm32f4xx.o
 .comment       0x00000043       0x44 ./Core/Src/usart.o
 .comment       0x00000043       0x44 ./Drivers/STM32F4xx_HAL_Driver/Src/stm32f4xx_hal.o
 .comment       0x00000043       0x44 ./Drivers/STM32F4xx_HAL_Driver/Src/stm32f4xx_hal_cortex.o
 .comment       0x00000043       0x44 ./Drivers/STM32F4xx_HAL_Driver/Src/stm32f4xx_hal_dma.o
 .comment       0x00000043       0x44 ./Drivers/STM32F4xx_HAL_Driver/Src/stm32f4xx_hal_gpio.o
 .comment       0x00000043       0x44 ./Drivers/STM32F4xx_HAL_Driver/Src/stm32f4xx_hal_pcd.o
 .comment       0x00000043       0x44 ./Drivers/STM32F4xx_HAL_Driver/Src/stm32f4xx_hal_pcd_ex.o
 .comment       0x00000043       0x44 ./Drivers/STM32F4xx_HAL_Driver/Src/stm32f4xx_hal_rcc.o
 .comment       0x00000043       0x44 ./Drivers/STM32F4xx_HAL_Driver/Src/stm32f4xx_hal_uart.o
 .comment       0x00000043       0x44 ./Drivers/STM32F4xx_HAL_Driver/Src/stm32f4xx_ll_usb.o
 .comment       0x00000043       0x44 ./Middlewares/ST/STM32_USB_Device_Library/Class/CDC/Src/usbd_cdc.o
 .comment       0x00000043       0x44 ./Middlewares/ST/STM32_USB_Device_Library/Core/Src/usbd_core.o
 .comment       0x00000043       0x44 ./Middlewares/ST/STM32_USB_Device_Library/Core/Src/usbd_ctlreq.o
 .comment       0x00000043       0x44 ./Middlewares/ST/STM32_USB_Device_Library/Core/Src/usbd_ioreq.o
 .comment       0x00000043       0x44 ./USB_DEVICE/App/usb_device.o
 .comment       0x00000043       0x44 ./USB_DEVICE/App/usbd_cdc_if.o
 .comment       0x00000043       0x44 ./USB_DEVICE/App/usbd_desc.o
 .comment       0x00000043       0x44 ./USB_DEVICE/Target/usbd_conf.o

.debug_frame    0x00000000     0x38c8
 .debug_frame   0x00000000       0x38 ./Core/Src/gpio.o
 .debug_frame   0x00000038       0x68 ./Core/Src/main.o
 .debug_frame   0x000000a0       0x38 ./Core/Src/stm32f4xx_hal_msp.o
 .debug_frame   0x000000d8      0x140 ./Core/Src/stm32f4xx_it.o
 .debug_frame   0x00000218       0x58 ./Core/Src/system_stm32f4xx.o
 .debug_frame   0x00000270       0x74 ./Core/Src/usart.o
 .debug_frame   0x000002e4      0x374 ./Drivers/STM32F4xx_HAL_Driver/Src/stm32f4xx_hal.o
 .debug_frame   0x00000658      0x4b8 ./Drivers/STM32F4xx_HAL_Driver/Src/stm32f4xx_hal_cortex.o
 .debug_frame   0x00000b10      0x250 ./Drivers/STM32F4xx_HAL_Driver/Src/stm32f4xx_hal_dma.o
 .debug_frame   0x00000d60      0x14c ./Drivers/STM32F4xx_HAL_Driver/Src/stm32f4xx_hal_gpio.o
 .debug_frame   0x00000eac      0x5b8 ./Drivers/STM32F4xx_HAL_Driver/Src/stm32f4xx_hal_pcd.o
 .debug_frame   0x00001464       0xb0 ./Drivers/STM32F4xx_HAL_Driver/Src/stm32f4xx_hal_pcd_ex.o
 .debug_frame   0x00001514      0x1f4 ./Drivers/STM32F4xx_HAL_Driver/Src/stm32f4xx_hal_rcc.o
 .debug_frame   0x00001708      0x954 ./Drivers/STM32F4xx_HAL_Driver/Src/stm32f4xx_hal_uart.o
 .debug_frame   0x0000205c      0x7c0 ./Drivers/STM32F4xx_HAL_Driver/Src/stm32f4xx_ll_usb.o
 .debug_frame   0x0000281c      0x23c ./Middlewares/ST/STM32_USB_Device_Library/Class/CDC/Src/usbd_cdc.o
 .debug_frame   0x00002a58      0x390 ./Middlewares/ST/STM32_USB_Device_Library/Core/Src/usbd_core.o
 .debug_frame   0x00002de8      0x23c ./Middlewares/ST/STM32_USB_Device_Library/Core/Src/usbd_ctlreq.o
 .debug_frame   0x00003024      0x10c ./Middlewares/ST/STM32_USB_Device_Library/Core/Src/usbd_ioreq.o
 .debug_frame   0x00003130       0x2c ./USB_DEVICE/App/usb_device.o
 .debug_frame   0x0000315c       0xe4 ./USB_DEVICE/App/usbd_cdc_if.o
 .debug_frame   0x00003240      0x160 ./USB_DEVICE/App/usbd_desc.o
 .debug_frame   0x000033a0      0x47c ./USB_DEVICE/Target/usbd_conf.o
 .debug_frame   0x0000381c       0x20 C:/ST/STM32CubeIDE_1.16.0/STM32CubeIDE/plugins/com.st.stm32cube.ide.mcu.externaltools.gnu-tools-for-stm32.12.3.rel1.win32_1.0.200.202406191623/tools/bin/../lib/gcc/arm-none-eabi/12.3.1/../../../../arm-none-eabi/lib/thumb/v7e-m+fp/hard\libc_nano.a(libc_a-memset.o)
 .debug_frame   0x0000383c       0x2c C:/ST/STM32CubeIDE_1.16.0/STM32CubeIDE/plugins/com.st.stm32cube.ide.mcu.externaltools.gnu-tools-for-stm32.12.3.rel1.win32_1.0.200.202406191623/tools/bin/../lib/gcc/arm-none-eabi/12.3.1/../../../../arm-none-eabi/lib/thumb/v7e-m+fp/hard\libc_nano.a(libc_a-init.o)
 .debug_frame   0x00003868       0x2c C:/ST/STM32CubeIDE_1.16.0/STM32CubeIDE/plugins/com.st.stm32cube.ide.mcu.externaltools.gnu-tools-for-stm32.12.3.rel1.win32_1.0.200.202406191623/tools/bin/../lib/gcc/arm-none-eabi/12.3.1/thumb/v7e-m+fp/hard\libgcc.a(_aeabi_uldivmod.o)
 .debug_frame   0x00003894       0x34 C:/ST/STM32CubeIDE_1.16.0/STM32CubeIDE/plugins/com.st.stm32cube.ide.mcu.externaltools.gnu-tools-for-stm32.12.3.rel1.win32_1.0.200.202406191623/tools/bin/../lib/gcc/arm-none-eabi/12.3.1/thumb/v7e-m+fp/hard\libgcc.a(_udivmoddi4.o)

.debug_line_str
                0x00000000       0x47
 .debug_line_str
                0x00000000       0x47 ./Core/Startup/startup_stm32f407vetx.o
