../Core/Src/fsmc_nand.c:86:13:nand_gpio_init	32	static
../Core/Src/fsmc_nand.c:156:13:nand_fsmc_init	48	static
../Core/Src/fsmc_nand.c:206:13:nand_print_fsmc_info	8	static
../Core/Src/fsmc_nand.c:232:13:nand_reset	4	static
../Core/Src/fsmc_nand.c:237:12:nand_init	24	static
../Core/Src/fsmc_nand.c:252:13:nand_uninit	4	static
../Core/Src/fsmc_nand.c:257:17:nand_read_status	16	static
../Core/Src/fsmc_nand.c:274:17:nand_get_status	16	static
../Core/Src/fsmc_nand.c:294:13:nand_read_id	24	static
../Core/Src/fsmc_nand.c:314:13:nand_write_page_async	32	static
../Core/Src/fsmc_nand.c:376:17:nand_read_data	32	static
../Core/Src/fsmc_nand.c:439:17:nand_read_page	24	static
../Core/Src/fsmc_nand.c:445:17:nand_read_spare_data	32	static
../Core/Src/fsmc_nand.c:508:17:nand_erase_block	16	static
../Core/Src/fsmc_nand.c:543:20:nand_is_bb_supported	4	static
../Core/Src/fsmc_nand.c:549:17:nand_enable_hw_ecc	24	static
