../Core/Src/nand_programmer.c:304:12:np_send_ok_status	16	static
../Core/Src/nand_programmer.c:315:12:np_send_error	32	static
../Core/Src/nand_programmer.c:328:12:np_send_bad_block_info	48	static
../Core/Src/nand_programmer.c:347:12:np_send_progress	32	static
../Core/Src/nand_programmer.c:363:12:_np_cmd_nand_read_id	56	static
../Core/Src/nand_programmer.c:389:12:np_cmd_nand_read_id	24	static
../Core/Src/nand_programmer.c:401:12:np_read_bad_block_info_from_page	56	static
../Core/Src/nand_programmer.c:444:12:_np_cmd_read_bad_blocks	56	static
../Core/Src/nand_programmer.c:495:12:np_nand_erase	32	static
../Core/Src/nand_programmer.c:525:12:_np_cmd_nand_erase	208	static
../Core/Src/nand_programmer.c:635:12:np_cmd_nand_erase	24	static
../Core/Src/nand_programmer.c:650:12:np_send_write_ack	32	static
../Core/Src/nand_programmer.c:663:12:np_cmd_nand_write_start	136	static
../Core/Src/nand_programmer.c:768:12:np_nand_handle_status	16	static
../Core/Src/nand_programmer.c:803:12:np_nand_write	24	static
../Core/Src/nand_programmer.c:830:12:np_cmd_nand_write_data	104	static
../Core/Src/nand_programmer.c:937:12:np_cmd_nand_write_end	16	static
../Core/Src/nand_programmer.c:955:12:np_cmd_nand_write	24	static
../Core/Src/nand_programmer.c:986:12:np_nand_read	32	static
../Core/Src/nand_programmer.c:1014:12:_np_cmd_nand_read	240	static
../Core/Src/nand_programmer.c:1158:12:np_cmd_nand_read	24	static
../Core/Src/nand_programmer.c:1170:13:np_fill_chip_info	16	static
../Core/Src/nand_programmer.c:1181:13:np_print_chip_info	16	static
../Core/Src/nand_programmer.c:1191:12:np_cmd_nand_conf	24	static
../Core/Src/nand_programmer.c:1226:12:np_send_bad_blocks	32	static
../Core/Src/nand_programmer.c:1246:5:np_cmd_read_bad_blocks	24	static
../Core/Src/nand_programmer.c:1262:5:np_cmd_version_get	32	static
../Core/Src/nand_programmer.c:1282:12:np_boot_config_read	16	static
../Core/Src/nand_programmer.c:1294:12:np_boot_config_write	16	static
../Core/Src/nand_programmer.c:1309:12:np_cmd_active_image_get	32	static
../Core/Src/nand_programmer.c:1335:12:np_cmd_fw_update_start	104	static
../Core/Src/nand_programmer.c:1401:12:np_cmd_fw_update_data	192	static
../Core/Src/nand_programmer.c:1495:12:np_cmd_fw_update_end	24	static
../Core/Src/nand_programmer.c:1521:12:np_cmd_fw_update	24	static
../Core/Src/nand_programmer.c:1568:13:np_cmd_is_valid	16	static
../Core/Src/nand_programmer.c:1574:12:np_cmd_handler	24	static
../Core/Src/nand_programmer.c:1602:13:np_packet_handler	24	static
../Core/Src/nand_programmer.c:1623:13:np_nand_handler	16	static
../Core/Src/nand_programmer.c:1633:6:np_init	4	static
../Core/Src/nand_programmer.c:1639:6:np_handler	8	static
../Core/Src/nand_programmer.c:1646:5:np_comm_register	16	static
../Core/Src/nand_programmer.c:1654:6:np_comm_unregister	16	static
