../Core/Src/spi_nand_flash.c:101:13:spi_flash_gpio_init	40	static
../Core/Src/spi_nand_flash.c:145:13:spi_flash_gpio_uninit	32	static
../Core/Src/spi_nand_flash.c:187:20:spi_flash_select_chip	8	static
../Core/Src/spi_nand_flash.c:193:20:spi_flash_deselect_chip	8	static
../Core/Src/spi_nand_flash.c:199:17:spi_flash_get_baud_rate_prescaler	24	static
../Core/Src/spi_nand_flash.c:221:12:spi_flash_init	72	static
../Core/Src/spi_nand_flash.c:256:13:spi_flash_uninit	8	static
../Core/Src/spi_nand_flash.c:266:16:spi_flash_send_byte	32	static
../Core/Src/spi_nand_flash.c:279:23:spi_flash_read_byte	8	static
../Core/Src/spi_nand_flash.c:284:13:spi_flash_set_feature	16	static
../Core/Src/spi_nand_flash.c:293:13:spi_flash_get_feature	16	static
../Core/Src/spi_nand_flash.c:302:17:spi_flash_read_status	16	static
../Core/Src/spi_nand_flash.c:336:13:spi_flash_select_die_cmd	24	static
../Core/Src/spi_nand_flash.c:363:13:spi_flash_select_die	24	static
../Core/Src/spi_nand_flash.c:379:13:spi_flash_read_id	16	static
../Core/Src/spi_nand_flash.c:397:13:spi_flash_chip_init	8	static
../Core/Src/spi_nand_flash.c:414:13:spi_flash_write_enable	8	static
../Core/Src/spi_nand_flash.c:422:13:spi_flash_program_load	32	static
../Core/Src/spi_nand_flash.c:448:13:spi_flash_write_page_async	24	static
../Core/Src/spi_nand_flash.c:469:17:spi_flash_load_page_into_cache	16	static
../Core/Src/spi_nand_flash.c:485:17:spi_flash_read_page	48	static
../Core/Src/spi_nand_flash.c:518:17:spi_flash_read_spare_data	40	static
../Core/Src/spi_nand_flash.c:561:17:spi_flash_erase_block	16	static
../Core/Src/spi_nand_flash.c:582:20:spi_flash_is_bb_supported	4	static
