../Core/Src/spi_nand.c:102:13:spi_flash_gpio_init	48	static
../Core/Src/spi_nand.c:144:13:spi_flash_gpio_uninit	16	static
../Core/Src/spi_nand.c:172:20:spi_flash_select_chip	8	static
../Core/Src/spi_nand.c:178:20:spi_flash_deselect_chip	8	static
../Core/Src/spi_nand.c:184:17:spi_flash_get_baud_rate_prescaler	24	static
../Core/Src/spi_nand.c:206:12:spi_flash_init	24	static
../Core/Src/spi_nand.c:238:13:spi_flash_uninit	8	static
../Core/Src/spi_nand.c:246:16:spi_flash_send_byte	24	static
../Core/Src/spi_nand.c:255:23:spi_flash_read_byte	8	static
../Core/Src/spi_nand.c:260:13:spi_flash_set_feature	16	static
../Core/Src/spi_nand.c:269:13:spi_flash_get_feature	16	static
../Core/Src/spi_nand.c:278:17:spi_flash_read_status	16	static
../Core/Src/spi_nand.c:312:13:spi_flash_select_die_cmd	24	static
../Core/Src/spi_nand.c:339:13:spi_flash_select_die	24	static
../Core/Src/spi_nand.c:355:13:spi_flash_read_id	16	static
../Core/Src/spi_nand.c:373:13:spi_flash_chip_init	8	static
../Core/Src/spi_nand.c:390:13:spi_flash_write_enable	8	static
../Core/Src/spi_nand.c:398:13:spi_flash_program_load	32	static
../Core/Src/spi_nand.c:424:13:spi_flash_write_page_async	24	static
../Core/Src/spi_nand.c:445:17:spi_flash_load_page_into_cache	16	static
../Core/Src/spi_nand.c:461:17:spi_flash_read_page	48	static
../Core/Src/spi_nand.c:494:17:spi_flash_read_spare_data	40	static
../Core/Src/spi_nand.c:537:17:spi_flash_erase_block	16	static
../Core/Src/spi_nand.c:558:20:spi_flash_is_bb_supported	4	static
