../Core/Src/spi_nor_flash.c:76:13:spi_flash_gpio_init	48	static
../Core/Src/spi_nor_flash.c:123:13:spi_flash_gpio_uninit	16	static
../Core/Src/spi_nor_flash.c:152:20:spi_flash_select_chip	8	static
../Core/Src/spi_nor_flash.c:157:20:spi_flash_deselect_chip	8	static
../Core/Src/spi_nor_flash.c:162:17:spi_flash_get_baud_rate_prescaler	24	static
../Core/Src/spi_nor_flash.c:185:12:spi_flash_init	24	static
../Core/Src/spi_nor_flash.c:217:13:spi_flash_uninit	8	static
../Core/Src/spi_nor_flash.c:227:16:spi_flash_send_byte	32	static
../Core/Src/spi_nor_flash.c:238:23:spi_flash_read_byte	8	static
../Core/Src/spi_nor_flash.c:243:17:spi_flash_read_status	16	static
../Core/Src/spi_nor_flash.c:264:17:spi_flash_get_status	16	static
../Core/Src/spi_nor_flash.c:283:13:spi_flash_read_id	16	static
../Core/Src/spi_nor_flash.c:297:13:spi_flash_write_enable	8	static
../Core/Src/spi_nor_flash.c:307:13:spi_flash_write_page_async	32	static
../Core/Src/spi_nor_flash.c:330:17:spi_flash_read_data	40	static
../Core/Src/spi_nor_flash.c:354:17:spi_flash_read_page	24	static
../Core/Src/spi_nor_flash.c:360:17:spi_flash_read_spare_data	24	static
../Core/Src/spi_nor_flash.c:366:17:spi_flash_erase_block	24	static
../Core/Src/spi_nor_flash.c:385:20:spi_flash_is_bb_supported	4	static
