../Core/Src/spi_nor.c:78:13:spi_flash_gpio_init	48	static
../Core/Src/spi_nor.c:121:13:spi_flash_gpio_uninit	16	static
../Core/Src/spi_nor.c:149:20:spi_flash_select_chip	8	static
../Core/Src/spi_nor.c:154:20:spi_flash_deselect_chip	8	static
../Core/Src/spi_nor.c:159:17:spi_flash_get_baud_rate_prescaler	24	static
../Core/Src/spi_nor.c:182:12:spi_flash_init	72	static
../Core/Src/spi_nor.c:217:13:spi_flash_uninit	8	static
../Core/Src/spi_nor.c:226:16:spi_flash_send_byte	24	static
../Core/Src/spi_nor.c:235:23:spi_flash_read_byte	8	static
../Core/Src/spi_nor.c:240:17:spi_flash_read_status	16	static
../Core/Src/spi_nor.c:261:17:spi_flash_get_status	16	static
../Core/Src/spi_nor.c:280:13:spi_flash_read_id	16	static
../Core/Src/spi_nor.c:296:13:spi_flash_write_enable	8	static
../Core/Src/spi_nor.c:306:13:spi_flash_write_page_async	32	static
../Core/Src/spi_nor.c:328:17:spi_flash_read_data	40	static
../Core/Src/spi_nor.c:352:17:spi_flash_read_page	24	static
../Core/Src/spi_nor.c:358:17:spi_flash_read_spare_data	24	static
../Core/Src/spi_nor.c:364:17:spi_flash_erase_block	24	static
../Core/Src/spi_nor.c:383:20:spi_flash_is_bb_supported	4	static
