../Drivers/STM32F4xx_HAL_Driver/Src/stm32f4xx_ll_fsmc.c:220:20:FSMC_NORSRAM_Init	32	static
../Drivers/STM32F4xx_HAL_Driver/Src/stm32f4xx_ll_fsmc.c:342:19:FSMC_NORSRAM_DeInit	24	static
../Drivers/STM32F4xx_HAL_Driver/Src/stm32f4xx_ll_fsmc.c:379:19:FSMC_NORSRAM_Timing_Init	24	static
../Drivers/STM32F4xx_HAL_Driver/Src/stm32f4xx_ll_fsmc.c:431:19:FSMC_NORSRAM_Extended_Timing_Init	24	static
../Drivers/STM32F4xx_HAL_Driver/Src/stm32f4xx_ll_fsmc.c:489:19:FSMC_NORSRAM_WriteOperation_Enable	16	static
../Drivers/STM32F4xx_HAL_Driver/Src/stm32f4xx_ll_fsmc.c:507:19:FSMC_NORSRAM_WriteOperation_Disable	16	static
../Drivers/STM32F4xx_HAL_Driver/Src/stm32f4xx_ll_fsmc.c:579:19:FSMC_NAND_Init	16	static
../Drivers/STM32F4xx_HAL_Driver/Src/stm32f4xx_ll_fsmc.c:626:19:FSMC_NAND_CommonSpace_Timing_Init	24	static
../Drivers/STM32F4xx_HAL_Driver/Src/stm32f4xx_ll_fsmc.c:666:19:FSMC_NAND_AttributeSpace_Timing_Init	24	static
../Drivers/STM32F4xx_HAL_Driver/Src/stm32f4xx_ll_fsmc.c:704:19:FSMC_NAND_DeInit	16	static
../Drivers/STM32F4xx_HAL_Driver/Src/stm32f4xx_ll_fsmc.c:761:19:FSMC_NAND_ECC_Enable	16	static
../Drivers/STM32F4xx_HAL_Driver/Src/stm32f4xx_ll_fsmc.c:787:19:FSMC_NAND_ECC_Disable	16	static
../Drivers/STM32F4xx_HAL_Driver/Src/stm32f4xx_ll_fsmc.c:814:19:FSMC_NAND_GetECC	32	static
../Drivers/STM32F4xx_HAL_Driver/Src/stm32f4xx_ll_fsmc.c:907:19:FSMC_PCCARD_Init	16	static
../Drivers/STM32F4xx_HAL_Driver/Src/stm32f4xx_ll_fsmc.c:940:19:FSMC_PCCARD_CommonSpace_Timing_Init	16	static
../Drivers/STM32F4xx_HAL_Driver/Src/stm32f4xx_ll_fsmc.c:969:19:FSMC_PCCARD_AttributeSpace_Timing_Init	16	static
../Drivers/STM32F4xx_HAL_Driver/Src/stm32f4xx_ll_fsmc.c:998:19:FSMC_PCCARD_IOSpace_Timing_Init	16	static
../Drivers/STM32F4xx_HAL_Driver/Src/stm32f4xx_ll_fsmc.c:1025:19:FSMC_PCCARD_DeInit	16	static
