../Drivers/STM32F4xx_HAL_Driver/Src/stm32f4xx_hal_spi.c:311:19:HAL_SPI_Init	16	static
../Drivers/STM32F4xx_HAL_Driver/Src/stm32f4xx_hal_spi.c:437:19:HAL_SPI_DeInit	16	static
../Drivers/STM32F4xx_HAL_Driver/Src/stm32f4xx_hal_spi.c:481:13:HAL_SPI_MspInit	16	static
../Drivers/STM32F4xx_HAL_Driver/Src/stm32f4xx_hal_spi.c:497:13:HAL_SPI_MspDeInit	16	static
../Drivers/STM32F4xx_HAL_Driver/Src/stm32f4xx_hal_spi.c:769:19:HAL_SPI_Transmit	40	static
../Drivers/STM32F4xx_HAL_Driver/Src/stm32f4xx_hal_spi.c:939:19:HAL_SPI_Receive	40	static
../Drivers/STM32F4xx_HAL_Driver/Src/stm32f4xx_hal_spi.c:1142:19:HAL_SPI_TransmitReceive	56	static
../Drivers/STM32F4xx_HAL_Driver/Src/stm32f4xx_hal_spi.c:1393:19:HAL_SPI_Transmit_IT	32	static
../Drivers/STM32F4xx_HAL_Driver/Src/stm32f4xx_hal_spi.c:1479:19:HAL_SPI_Receive_IT	32	static
../Drivers/STM32F4xx_HAL_Driver/Src/stm32f4xx_hal_spi.c:1575:19:HAL_SPI_TransmitReceive_IT	32	static
../Drivers/STM32F4xx_HAL_Driver/Src/stm32f4xx_hal_spi.c:1664:19:HAL_SPI_Transmit_DMA	32	static
../Drivers/STM32F4xx_HAL_Driver/Src/stm32f4xx_hal_spi.c:1771:19:HAL_SPI_Receive_DMA	32	static
../Drivers/STM32F4xx_HAL_Driver/Src/stm32f4xx_hal_spi.c:1885:19:HAL_SPI_TransmitReceive_DMA	32	static
../Drivers/STM32F4xx_HAL_Driver/Src/stm32f4xx_hal_spi.c:2029:19:HAL_SPI_Abort	40	static
../Drivers/STM32F4xx_HAL_Driver/Src/stm32f4xx_hal_spi.c:2174:19:HAL_SPI_Abort_IT	40	static
../Drivers/STM32F4xx_HAL_Driver/Src/stm32f4xx_hal_spi.c:2335:19:HAL_SPI_DMAPause	16	static
../Drivers/STM32F4xx_HAL_Driver/Src/stm32f4xx_hal_spi.c:2355:19:HAL_SPI_DMAResume	16	static
../Drivers/STM32F4xx_HAL_Driver/Src/stm32f4xx_hal_spi.c:2375:19:HAL_SPI_DMAStop	24	static
../Drivers/STM32F4xx_HAL_Driver/Src/stm32f4xx_hal_spi.c:2415:6:HAL_SPI_IRQHandler	40	static
../Drivers/STM32F4xx_HAL_Driver/Src/stm32f4xx_hal_spi.c:2522:13:HAL_SPI_TxCpltCallback	16	static
../Drivers/STM32F4xx_HAL_Driver/Src/stm32f4xx_hal_spi.c:2538:13:HAL_SPI_RxCpltCallback	16	static
../Drivers/STM32F4xx_HAL_Driver/Src/stm32f4xx_hal_spi.c:2554:13:HAL_SPI_TxRxCpltCallback	16	static
../Drivers/STM32F4xx_HAL_Driver/Src/stm32f4xx_hal_spi.c:2570:13:HAL_SPI_TxHalfCpltCallback	16	static
../Drivers/STM32F4xx_HAL_Driver/Src/stm32f4xx_hal_spi.c:2586:13:HAL_SPI_RxHalfCpltCallback	16	static
../Drivers/STM32F4xx_HAL_Driver/Src/stm32f4xx_hal_spi.c:2602:13:HAL_SPI_TxRxHalfCpltCallback	16	static
../Drivers/STM32F4xx_HAL_Driver/Src/stm32f4xx_hal_spi.c:2618:13:HAL_SPI_ErrorCallback	16	static
../Drivers/STM32F4xx_HAL_Driver/Src/stm32f4xx_hal_spi.c:2636:13:HAL_SPI_AbortCpltCallback	16	static
../Drivers/STM32F4xx_HAL_Driver/Src/stm32f4xx_hal_spi.c:2671:22:HAL_SPI_GetState	16	static
../Drivers/STM32F4xx_HAL_Driver/Src/stm32f4xx_hal_spi.c:2683:10:HAL_SPI_GetError	16	static
../Drivers/STM32F4xx_HAL_Driver/Src/stm32f4xx_hal_spi.c:2708:13:SPI_DMATransmitCplt	32	static
../Drivers/STM32F4xx_HAL_Driver/Src/stm32f4xx_hal_spi.c:2765:13:SPI_DMAReceiveCplt	24	static
../Drivers/STM32F4xx_HAL_Driver/Src/stm32f4xx_hal_spi.c:2854:13:SPI_DMATransmitReceiveCplt	24	static
../Drivers/STM32F4xx_HAL_Driver/Src/stm32f4xx_hal_spi.c:2934:13:SPI_DMAHalfTransmitCplt	24	static
../Drivers/STM32F4xx_HAL_Driver/Src/stm32f4xx_hal_spi.c:2952:13:SPI_DMAHalfReceiveCplt	24	static
../Drivers/STM32F4xx_HAL_Driver/Src/stm32f4xx_hal_spi.c:2970:13:SPI_DMAHalfTransmitReceiveCplt	24	static
../Drivers/STM32F4xx_HAL_Driver/Src/stm32f4xx_hal_spi.c:2988:13:SPI_DMAError	24	static
../Drivers/STM32F4xx_HAL_Driver/Src/stm32f4xx_hal_spi.c:3011:13:SPI_DMAAbortOnError	24	static
../Drivers/STM32F4xx_HAL_Driver/Src/stm32f4xx_hal_spi.c:3033:13:SPI_DMATxAbortCallback	32	static
../Drivers/STM32F4xx_HAL_Driver/Src/stm32f4xx_hal_spi.c:3098:13:SPI_DMARxAbortCallback	32	static
../Drivers/STM32F4xx_HAL_Driver/Src/stm32f4xx_hal_spi.c:3157:13:SPI_2linesRxISR_8BIT	16	static
../Drivers/STM32F4xx_HAL_Driver/Src/stm32f4xx_hal_spi.c:3220:13:SPI_2linesTxISR_8BIT	16	static
../Drivers/STM32F4xx_HAL_Driver/Src/stm32f4xx_hal_spi.c:3256:13:SPI_2linesRxISR_16BIT	16	static
../Drivers/STM32F4xx_HAL_Driver/Src/stm32f4xx_hal_spi.c:3312:13:SPI_2linesTxISR_16BIT	16	static
../Drivers/STM32F4xx_HAL_Driver/Src/stm32f4xx_hal_spi.c:3372:13:SPI_RxISR_8BIT	16	static
../Drivers/STM32F4xx_HAL_Driver/Src/stm32f4xx_hal_spi.c:3428:13:SPI_RxISR_16BIT	16	static
../Drivers/STM32F4xx_HAL_Driver/Src/stm32f4xx_hal_spi.c:3461:13:SPI_TxISR_8BIT	16	static
../Drivers/STM32F4xx_HAL_Driver/Src/stm32f4xx_hal_spi.c:3486:13:SPI_TxISR_16BIT	16	static
../Drivers/STM32F4xx_HAL_Driver/Src/stm32f4xx_hal_spi.c:3516:26:SPI_WaitFlagStateUntilTimeout	40	static
../Drivers/STM32F4xx_HAL_Driver/Src/stm32f4xx_hal_spi.c:3583:26:SPI_EndRxTransaction	32	static
../Drivers/STM32F4xx_HAL_Driver/Src/stm32f4xx_hal_spi.c:3633:26:SPI_EndRxTxTransaction	40	static
../Drivers/STM32F4xx_HAL_Driver/Src/stm32f4xx_hal_spi.c:3680:13:SPI_CloseRxTx_ISR	32	static
../Drivers/STM32F4xx_HAL_Driver/Src/stm32f4xx_hal_spi.c:3775:13:SPI_CloseRx_ISR	24	static
../Drivers/STM32F4xx_HAL_Driver/Src/stm32f4xx_hal_spi.c:3838:13:SPI_CloseTx_ISR	32	static
../Drivers/STM32F4xx_HAL_Driver/Src/stm32f4xx_hal_spi.c:3899:13:SPI_AbortRx_ISR	24	static
../Drivers/STM32F4xx_HAL_Driver/Src/stm32f4xx_hal_spi.c:3935:13:SPI_AbortTx_ISR	16	static
