../Drivers/STM32F1xx_HAL_Driver/Src/stm32f1xx_hal_pcd.c:2472:17:HAL_PCD_EP_DB_Receive	16	static
../Drivers/STM32F1xx_HAL_Driver/Src/stm32f1xx_hal_pcd.c:290:13:HAL_PCD_MspInit	0	static
../Drivers/STM32F1xx_HAL_Driver/Src/stm32f1xx_hal_pcd.c:131:19:HAL_PCD_Init	40	static
../Drivers/STM32F1xx_HAL_Driver/Src/stm32f1xx_hal_pcd.c:305:13:HAL_PCD_MspDeInit	0	static
../Drivers/STM32F1xx_HAL_Driver/Src/stm32f1xx_hal_pcd.c:251:19:HAL_PCD_DeInit	16	static
../Drivers/STM32F1xx_HAL_Driver/Src/stm32f1xx_hal_pcd.c:863:19:HAL_PCD_Start	16	static
../Drivers/STM32F1xx_HAL_Driver/Src/stm32f1xx_hal_pcd.c:883:19:HAL_PCD_Stop	8	static
../Drivers/STM32F1xx_HAL_Driver/Src/stm32f1xx_hal_pcd.c:1464:6:HAL_PCD_WKUP_IRQHandler	0	static
../Drivers/STM32F1xx_HAL_Driver/Src/stm32f1xx_hal_pcd.c:1477:13:HAL_PCD_DataOutStageCallback	0	static
../Drivers/STM32F1xx_HAL_Driver/Src/stm32f1xx_hal_pcd.c:1494:13:HAL_PCD_DataInStageCallback	0	static
../Drivers/STM32F1xx_HAL_Driver/Src/stm32f1xx_hal_pcd.c:2553:26:HAL_PCD_EP_DB_Transmit	16	static
../Drivers/STM32F1xx_HAL_Driver/Src/stm32f1xx_hal_pcd.c:1509:13:HAL_PCD_SetupStageCallback	0	static
../Drivers/STM32F1xx_HAL_Driver/Src/stm32f1xx_hal_pcd.c:2193:26:PCD_EP_ISR_Handler	24	static
../Drivers/STM32F1xx_HAL_Driver/Src/stm32f1xx_hal_pcd.c:1524:13:HAL_PCD_SOFCallback	0	static
../Drivers/STM32F1xx_HAL_Driver/Src/stm32f1xx_hal_pcd.c:1539:13:HAL_PCD_ResetCallback	0	static
../Drivers/STM32F1xx_HAL_Driver/Src/stm32f1xx_hal_pcd.c:1554:13:HAL_PCD_SuspendCallback	0	static
../Drivers/STM32F1xx_HAL_Driver/Src/stm32f1xx_hal_pcd.c:1569:13:HAL_PCD_ResumeCallback	0	static
../Drivers/STM32F1xx_HAL_Driver/Src/stm32f1xx_hal_pcd.c:1585:13:HAL_PCD_ISOOUTIncompleteCallback	0	static
../Drivers/STM32F1xx_HAL_Driver/Src/stm32f1xx_hal_pcd.c:1602:13:HAL_PCD_ISOINIncompleteCallback	0	static
../Drivers/STM32F1xx_HAL_Driver/Src/stm32f1xx_hal_pcd.c:1618:13:HAL_PCD_ConnectCallback	0	static
../Drivers/STM32F1xx_HAL_Driver/Src/stm32f1xx_hal_pcd.c:1633:13:HAL_PCD_DisconnectCallback	0	static
../Drivers/STM32F1xx_HAL_Driver/Src/stm32f1xx_hal_pcd.c:1667:19:HAL_PCD_DevConnect	8	static
../Drivers/STM32F1xx_HAL_Driver/Src/stm32f1xx_hal_pcd.c:1686:19:HAL_PCD_DevDisconnect	8	static
../Drivers/STM32F1xx_HAL_Driver/Src/stm32f1xx_hal_pcd.c:1706:19:HAL_PCD_SetAddress	8	static
../Drivers/STM32F1xx_HAL_Driver/Src/stm32f1xx_hal_pcd.c:1329:6:HAL_PCD_IRQHandler	24	static
../Drivers/STM32F1xx_HAL_Driver/Src/stm32f1xx_hal_pcd.c:1723:19:HAL_PCD_EP_Open	8	static
../Drivers/STM32F1xx_HAL_Driver/Src/stm32f1xx_hal_pcd.c:1771:19:HAL_PCD_EP_Close	8	static
../Drivers/STM32F1xx_HAL_Driver/Src/stm32f1xx_hal_pcd.c:1802:19:HAL_PCD_EP_Receive	8	static
../Drivers/STM32F1xx_HAL_Driver/Src/stm32f1xx_hal_pcd.c:1826:10:HAL_PCD_EP_GetRxCount	0	static
../Drivers/STM32F1xx_HAL_Driver/Src/stm32f1xx_hal_pcd.c:1838:19:HAL_PCD_EP_Transmit	16	static
../Drivers/STM32F1xx_HAL_Driver/Src/stm32f1xx_hal_pcd.c:1866:19:HAL_PCD_EP_SetStall	16	static
../Drivers/STM32F1xx_HAL_Driver/Src/stm32f1xx_hal_pcd.c:1909:19:HAL_PCD_EP_ClrStall	8	static
../Drivers/STM32F1xx_HAL_Driver/Src/stm32f1xx_hal_pcd.c:1945:19:HAL_PCD_EP_Abort	8	static
../Drivers/STM32F1xx_HAL_Driver/Src/stm32f1xx_hal_pcd.c:1971:19:HAL_PCD_EP_Flush	8	static
../Drivers/STM32F1xx_HAL_Driver/Src/stm32f1xx_hal_pcd.c:1994:19:HAL_PCD_ActivateRemoteWakeup	8	static
../Drivers/STM32F1xx_HAL_Driver/Src/stm32f1xx_hal_pcd.c:2004:19:HAL_PCD_DeActivateRemoteWakeup	8	static
../Drivers/STM32F1xx_HAL_Driver/Src/stm32f1xx_hal_pcd.c:2033:18:HAL_PCD_GetState	0	static
