../Drivers/STM32F1xx_HAL_Driver/Src/stm32f1xx_hal_flash_ex.c:593:13:FLASH_MassErase	0	static
../Drivers/STM32F1xx_HAL_Driver/Src/stm32f1xx_hal_flash_ex.c:1019:17:FLASH_OB_GetWRP	0	static
../Drivers/STM32F1xx_HAL_Driver/Src/stm32f1xx_hal_flash_ex.c:1032:17:FLASH_OB_GetRDP	0	static
../Drivers/STM32F1xx_HAL_Driver/Src/stm32f1xx_hal_flash_ex.c:1058:16:FLASH_OB_GetUser	0	static
../Drivers/STM32F1xx_HAL_Driver/Src/stm32f1xx_hal_flash_ex.c:884:26:FLASH_OB_RDP_LevelConfig	16	static
../Drivers/STM32F1xx_HAL_Driver/Src/stm32f1xx_hal_flash_ex.c:935:26:FLASH_OB_UserConfig	16	static
../Drivers/STM32F1xx_HAL_Driver/Src/stm32f1xx_hal_flash_ex.c:986:26:FLASH_OB_ProgramData	16	static
../Drivers/STM32F1xx_HAL_Driver/Src/stm32f1xx_hal_flash_ex.c:395:19:HAL_FLASHEx_OBErase	16	static
../Drivers/STM32F1xx_HAL_Driver/Src/stm32f1xx_hal_flash_ex.c:642:26:FLASH_OB_EnableWRP	24	static
../Drivers/STM32F1xx_HAL_Driver/Src/stm32f1xx_hal_flash_ex.c:765:26:FLASH_OB_DisableWRP	24	static
../Drivers/STM32F1xx_HAL_Driver/Src/stm32f1xx_hal_flash_ex.c:444:19:HAL_FLASHEx_OBProgram	8	static
../Drivers/STM32F1xx_HAL_Driver/Src/stm32f1xx_hal_flash_ex.c:525:6:HAL_FLASHEx_OBGetConfig	8	static
../Drivers/STM32F1xx_HAL_Driver/Src/stm32f1xx_hal_flash_ex.c:547:10:HAL_FLASHEx_OBGetUserData	0	static
../Drivers/STM32F1xx_HAL_Driver/Src/stm32f1xx_hal_flash_ex.c:1087:6:FLASH_PageErase	0	static
../Drivers/STM32F1xx_HAL_Driver/Src/stm32f1xx_hal_flash_ex.c:157:19:HAL_FLASHEx_Erase	16	static
../Drivers/STM32F1xx_HAL_Driver/Src/stm32f1xx_hal_flash_ex.c:317:19:HAL_FLASHEx_Erase_IT	8	static
