../USB_DEVICE/App/usbd_cdc_if.c:178:15:CDC_Init_FS	8	static
../USB_DEVICE/App/usbd_cdc_if.c:192:15:CDC_DeInit_FS	4	static
../USB_DEVICE/App/usbd_cdc_if.c:206:15:CDC_Control_FS	16	static
../USB_DEVICE/App/usbd_cdc_if.c:287:15:CDC_Receive_FS	16	static
../USB_DEVICE/App/usbd_cdc_if.c:308:9:CDC_Transmit_FS	24	static
../USB_DEVICE/App/usbd_cdc_if.c:337:15:CDC_TransmitCplt_FS	32	static
../USB_DEVICE/App/usbd_cdc_if.c:354:15:CDC_Init_HS	8	static
../USB_DEVICE/App/usbd_cdc_if.c:369:15:CDC_DeInit_HS	4	static
../USB_DEVICE/App/usbd_cdc_if.c:383:15:CDC_Control_HS	16	static
../USB_DEVICE/App/usbd_cdc_if.c:464:15:CDC_Receive_HS	16	static
../USB_DEVICE/App/usbd_cdc_if.c:480:9:CDC_Transmit_HS	24	static
../USB_DEVICE/App/usbd_cdc_if.c:506:15:CDC_TransmitCplt_HS	32	static
