../Core/Src/nand_programmer.c:261:12:np_send_ok_status	16	static
../Core/Src/nand_programmer.c:272:12:np_send_error	16	static
../Core/Src/nand_programmer.c:284:12:np_send_bad_block_info	32	static
../Core/Src/nand_programmer.c:296:12:np_send_progress	24	static
../Core/Src/nand_programmer.c:564:12:np_send_write_ack	24	static
../Core/Src/nand_programmer.c:1042:13:np_fill_chip_info	8	static
../Core/Src/nand_programmer.c:1423:13:np_cmd_is_valid	0	static
../Core/Src/nand_programmer.c:1052:13:np_print_chip_info	16	static
../Core/Src/nand_programmer.c:822:12:np_cmd_nand_write_end	8	static
../Core/Src/nand_programmer.c:339:12:np_read_bad_block_info_from_page	32	static
../Core/Src/nand_programmer.c:377:12:_np_cmd_read_bad_blocks	40	static
../Core/Src/nand_programmer.c:1127:5:np_cmd_version_get	16	static
../Core/Src/nand_programmer.c:1428:12:np_cmd_handler	16	static
../Core/Src/nand_programmer.c:1455:13:np_packet_handler	16	static
../Core/Src/nand_programmer.c:1196:12:np_cmd_fw_update_start	40	static
../Core/Src/nand_programmer.c:1061:12:np_cmd_nand_conf	16	static
../Core/Src/nand_programmer.c:575:12:np_cmd_nand_write_start	56	static
../Core/Src/nand_programmer.c:672:12:np_nand_handle_status	8	static
../Core/Src/nand_programmer.c:1475:13:np_nand_handler	8	static
../Core/Src/nand_programmer.c:703:12:np_nand_write	24	static
../Core/Src/nand_programmer.c:864:12:np_nand_read	16	static
../Core/Src/nand_programmer.c:421:12:np_nand_erase	24	static
../Core/Src/nand_programmer.c:307:12:_np_cmd_nand_read_id	32	static
../Core/Src/nand_programmer.c:328:12:np_cmd_nand_read_id	8	static
../Core/Src/nand_programmer.c:1094:12:np_send_bad_blocks	24	static
../Core/Src/nand_programmer.c:1112:5:np_cmd_read_bad_blocks	16	static
../Core/Src/nand_programmer.c:1261:12:np_cmd_fw_update_data	40	static
../Core/Src/nand_programmer.c:1157:12:np_boot_config_write	8	static
../Core/Src/nand_programmer.c:1146:12:np_boot_config_read	8	static
../Core/Src/nand_programmer.c:1353:12:np_cmd_fw_update_end	16	static
../Core/Src/nand_programmer.c:1378:12:np_cmd_fw_update	8	static
../Core/Src/nand_programmer.c:1171:12:np_cmd_active_image_get	16	static
../Core/Src/nand_programmer.c:727:12:np_cmd_nand_write_data	40	static
../Core/Src/nand_programmer.c:836:12:np_cmd_nand_write	8	static
../Core/Src/nand_programmer.c:889:12:_np_cmd_nand_read	80	static
../Core/Src/nand_programmer.c:1031:12:np_cmd_nand_read	8	static
../Core/Src/nand_programmer.c:448:12:_np_cmd_nand_erase	88	static
../Core/Src/nand_programmer.c:553:12:np_cmd_nand_erase	8	static
../Core/Src/nand_programmer.c:1484:6:np_init	0	static
../Core/Src/nand_programmer.c:1489:6:np_handler	8	static
../Core/Src/nand_programmer.c:1495:5:np_comm_register	0	static
../Core/Src/nand_programmer.c:1502:6:np_comm_unregister	0	static
