../Core/Src/spi_nand.c:174:17:spi_flash_get_baud_rate_prescaler	0	static
../Core/Src/spi_nand.c:549:20:spi_flash_is_bb_supported	0	static
../Core/Src/spi_nand.c:237:16:spi_flash_send_byte	24	static
../Core/Src/spi_nand.c:260:13:spi_flash_get_feature	16	static
../Core/Src/spi_nand.c:269:17:spi_flash_read_status	16	static
../Core/Src/spi_nand.c:251:13:spi_flash_set_feature	16	static
../Core/Src/spi_nand.c:303:13:spi_flash_select_die_cmd	24	static
../Core/Src/spi_nand.c:330:13:spi_flash_select_die	8	static
../Core/Src/spi_nand.c:389:13:spi_flash_program_load	16	static
../Core/Src/spi_nand.c:381:13:spi_flash_write_enable	8	static
../Core/Src/spi_nand.c:415:13:spi_flash_write_page_async	16	static
../Core/Src/spi_nand.c:485:17:spi_flash_read_spare_data	32	static
../Core/Src/spi_nand.c:436:17:spi_flash_load_page_into_cache	16	static
../Core/Src/spi_nand.c:452:17:spi_flash_read_page	24	static
../Core/Src/spi_nand.c:528:17:spi_flash_erase_block	16	static
../Core/Src/spi_nand.c:346:13:spi_flash_read_id	16	static
../Core/Src/spi_nand.c:137:13:spi_flash_gpio_uninit	8	static
../Core/Src/spi_nand.c:229:13:spi_flash_uninit	8	static
../Core/Src/spi_nand.c:196:12:spi_flash_init	16	static
