../Core/Src/spi_nor.c:144:17:spi_flash_get_baud_rate_prescaler	0	static
../Core/Src/spi_nor.c:345:17:spi_flash_read_spare_data	0	static
../Core/Src/spi_nor.c:370:20:spi_flash_is_bb_supported	0	static
../Core/Src/spi_nor.c:211:16:spi_flash_send_byte	24	static
../Core/Src/spi_nor.c:226:17:spi_flash_read_status	8	static
../Core/Src/spi_nor.c:247:17:spi_flash_get_status	8	static
../Core/Src/spi_nor.c:282:13:spi_flash_write_enable	8	static
../Core/Src/spi_nor.c:292:13:spi_flash_write_page_async	24	static
../Core/Src/spi_nor.c:315:17:spi_flash_read_data	24	static
../Core/Src/spi_nor.c:339:17:spi_flash_read_page	8	static
../Core/Src/spi_nor.c:351:17:spi_flash_erase_block	16	static
../Core/Src/spi_nor.c:266:13:spi_flash_read_id	16	static
../Core/Src/spi_nor.c:109:13:spi_flash_gpio_uninit	8	static
../Core/Src/spi_nor.c:202:13:spi_flash_uninit	8	static
../Core/Src/spi_nor.c:167:12:spi_flash_init	16	static
