Archive member included to satisfy reference by file (symbol)

C:/ST/STM32CubeIDE_1.13.2/STM32CubeIDE/plugins/com.st.stm32cube.ide.mcu.externaltools.gnu-tools-for-stm32.11.3.rel1.win32_1.1.1.202309131626/tools/bin/../lib/gcc/arm-none-eabi/11.3.1/../../../../arm-none-eabi/lib/thumb/v7e-m+fp/hard\libc_nano.a(libc_a-exit.o)
                              C:/ST/STM32CubeIDE_1.13.2/STM32CubeIDE/plugins/com.st.stm32cube.ide.mcu.externaltools.gnu-tools-for-stm32.11.3.rel1.win32_1.1.1.202309131626/tools/bin/../lib/gcc/arm-none-eabi/11.3.1/../../../../arm-none-eabi/lib/thumb/v7e-m+fp/hard/crt0.o (exit)
C:/ST/STM32CubeIDE_1.13.2/STM32CubeIDE/plugins/com.st.stm32cube.ide.mcu.externaltools.gnu-tools-for-stm32.11.3.rel1.win32_1.1.1.202309131626/tools/bin/../lib/gcc/arm-none-eabi/11.3.1/../../../../arm-none-eabi/lib/thumb/v7e-m+fp/hard\libc_nano.a(libc_a-findfp.o)
                              C:/ST/STM32CubeIDE_1.13.2/STM32CubeIDE/plugins/com.st.stm32cube.ide.mcu.externaltools.gnu-tools-for-stm32.11.3.rel1.win32_1.1.1.202309131626/tools/bin/../lib/gcc/arm-none-eabi/11.3.1/../../../../arm-none-eabi/lib/thumb/v7e-m+fp/hard\libc_nano.a(libc_a-exit.o) (__stdio_exit_handler)
C:/ST/STM32CubeIDE_1.13.2/STM32CubeIDE/plugins/com.st.stm32cube.ide.mcu.externaltools.gnu-tools-for-stm32.11.3.rel1.win32_1.1.1.202309131626/tools/bin/../lib/gcc/arm-none-eabi/11.3.1/../../../../arm-none-eabi/lib/thumb/v7e-m+fp/hard\libc_nano.a(libc_a-fwalk.o)
                              C:/ST/STM32CubeIDE_1.13.2/STM32CubeIDE/plugins/com.st.stm32cube.ide.mcu.externaltools.gnu-tools-for-stm32.11.3.rel1.win32_1.1.1.202309131626/tools/bin/../lib/gcc/arm-none-eabi/11.3.1/../../../../arm-none-eabi/lib/thumb/v7e-m+fp/hard\libc_nano.a(libc_a-findfp.o) (_fwalk_sglue)
C:/ST/STM32CubeIDE_1.13.2/STM32CubeIDE/plugins/com.st.stm32cube.ide.mcu.externaltools.gnu-tools-for-stm32.11.3.rel1.win32_1.1.1.202309131626/tools/bin/../lib/gcc/arm-none-eabi/11.3.1/../../../../arm-none-eabi/lib/thumb/v7e-m+fp/hard\libc_nano.a(libc_a-printf.o)
                              ./Core/Src/fsmc_nand.o (printf)
C:/ST/STM32CubeIDE_1.13.2/STM32CubeIDE/plugins/com.st.stm32cube.ide.mcu.externaltools.gnu-tools-for-stm32.11.3.rel1.win32_1.1.1.202309131626/tools/bin/../lib/gcc/arm-none-eabi/11.3.1/../../../../arm-none-eabi/lib/thumb/v7e-m+fp/hard\libc_nano.a(libc_a-puts.o)
                              ./Core/Src/cdc.o (puts)
C:/ST/STM32CubeIDE_1.13.2/STM32CubeIDE/plugins/com.st.stm32cube.ide.mcu.externaltools.gnu-tools-for-stm32.11.3.rel1.win32_1.1.1.202309131626/tools/bin/../lib/gcc/arm-none-eabi/11.3.1/../../../../arm-none-eabi/lib/thumb/v7e-m+fp/hard\libc_nano.a(libc_a-stdio.o)
                              C:/ST/STM32CubeIDE_1.13.2/STM32CubeIDE/plugins/com.st.stm32cube.ide.mcu.externaltools.gnu-tools-for-stm32.11.3.rel1.win32_1.1.1.202309131626/tools/bin/../lib/gcc/arm-none-eabi/11.3.1/../../../../arm-none-eabi/lib/thumb/v7e-m+fp/hard\libc_nano.a(libc_a-findfp.o) (__sread)
C:/ST/STM32CubeIDE_1.13.2/STM32CubeIDE/plugins/com.st.stm32cube.ide.mcu.externaltools.gnu-tools-for-stm32.11.3.rel1.win32_1.1.1.202309131626/tools/bin/../lib/gcc/arm-none-eabi/11.3.1/../../../../arm-none-eabi/lib/thumb/v7e-m+fp/hard\libc_nano.a(libc_a-wbuf.o)
                              C:/ST/STM32CubeIDE_1.13.2/STM32CubeIDE/plugins/com.st.stm32cube.ide.mcu.externaltools.gnu-tools-for-stm32.11.3.rel1.win32_1.1.1.202309131626/tools/bin/../lib/gcc/arm-none-eabi/11.3.1/../../../../arm-none-eabi/lib/thumb/v7e-m+fp/hard\libc_nano.a(libc_a-puts.o) (__swbuf_r)
C:/ST/STM32CubeIDE_1.13.2/STM32CubeIDE/plugins/com.st.stm32cube.ide.mcu.externaltools.gnu-tools-for-stm32.11.3.rel1.win32_1.1.1.202309131626/tools/bin/../lib/gcc/arm-none-eabi/11.3.1/../../../../arm-none-eabi/lib/thumb/v7e-m+fp/hard\libc_nano.a(libc_a-wsetup.o)
                              C:/ST/STM32CubeIDE_1.13.2/STM32CubeIDE/plugins/com.st.stm32cube.ide.mcu.externaltools.gnu-tools-for-stm32.11.3.rel1.win32_1.1.1.202309131626/tools/bin/../lib/gcc/arm-none-eabi/11.3.1/../../../../arm-none-eabi/lib/thumb/v7e-m+fp/hard\libc_nano.a(libc_a-puts.o) (__swsetup_r)
C:/ST/STM32CubeIDE_1.13.2/STM32CubeIDE/plugins/com.st.stm32cube.ide.mcu.externaltools.gnu-tools-for-stm32.11.3.rel1.win32_1.1.1.202309131626/tools/bin/../lib/gcc/arm-none-eabi/11.3.1/../../../../arm-none-eabi/lib/thumb/v7e-m+fp/hard\libc_nano.a(libc_a-memset.o)
                              C:/ST/STM32CubeIDE_1.13.2/STM32CubeIDE/plugins/com.st.stm32cube.ide.mcu.externaltools.gnu-tools-for-stm32.11.3.rel1.win32_1.1.1.202309131626/tools/bin/../lib/gcc/arm-none-eabi/11.3.1/../../../../arm-none-eabi/lib/thumb/v7e-m+fp/hard/crt0.o (memset)
C:/ST/STM32CubeIDE_1.13.2/STM32CubeIDE/plugins/com.st.stm32cube.ide.mcu.externaltools.gnu-tools-for-stm32.11.3.rel1.win32_1.1.1.202309131626/tools/bin/../lib/gcc/arm-none-eabi/11.3.1/../../../../arm-none-eabi/lib/thumb/v7e-m+fp/hard\libc_nano.a(libc_a-closer.o)
[...]
Memory Configuration

Name             Origin             Length             Attributes
CCMRAM           0x0000000010000000 0x0000000000010000 xrw
RAM              0x0000000020000000 0x000000000000c000 xrw
FLASH            0x0000000008004000 0x000000000001e000 xr
*default*        0x0000000000000000 0xffffffffffffffff

Linker script and memory map

LOAD C:/ST/STM32CubeIDE_1.13.2/STM32CubeIDE/plugins/com.st.stm32cube.ide.mcu.externaltools.gnu-tools-for-stm32.11.3.rel1.win32_1.1.1.202309131626/tools/bin/../lib/gcc/arm-none-eabi/11.3.1/thumb/v7e-m+fp/hard/crti.o
LOAD C:/ST/STM32CubeIDE_1.13.2/STM32CubeIDE/plugins/com.st.stm32cube.ide.mcu.externaltools.gnu-tools-for-stm32.11.3.rel1.win32_1.1.1.202309131626/tools/bin/../lib/gcc/arm-none-eabi/11.3.1/thumb/v7e-m+fp/hard/crtbegin.o
LOAD C:/ST/STM32CubeIDE_1.13.2/STM32CubeIDE/plugins/com.st.stm32cube.ide.mcu.externaltools.gnu-tools-for-stm32.11.3.rel1.win32_1.1.1.202309131626/tools/bin/../lib/gcc/arm-none-eabi/11.3.1/../../../../arm-none-eabi/lib/thumb/v7e-m+fp/hard/crt0.o
LOAD ./Core/Src/cdc.o
LOAD ./Core/Src/cdc_endp.o
LOAD ./Core/Src/cdc_hwcfg.o
LOAD ./Core/Src/clock.o
LOAD ./Core/Src/flash.o
LOAD ./Core/Src/fsmc.o
LOAD ./Core/Src/fsmc_nand.o
LOAD ./Core/Src/gpio.o
LOAD ./Core/Src/iwdg.o
LOAD ./Core/Src/jtag.o
LOAD ./Core/Src/led.o
LOAD ./Core/Src/main.o
LOAD ./Core/Src/nand_bad_block.o
LOAD ./Core/Src/nand_programmer.o
LOAD ./Core/Src/rtc.o
LOAD ./Core/Src/spi.o
LOAD ./Core/Src/spi_nand_flash.o
LOAD ./Core/Src/spi_nor_flash.o
LOAD ./Core/Src/stm32f4xx_hal_msp.o
LOAD ./Core/Src/stm32f4xx_it.o
LOAD ./Core/Src/syscalls.o
LOAD ./Core/Src/sysmem.o
LOAD ./Core/Src/system_stm32f4xx.o
LOAD ./Core/Src/usart.o
LOAD ./Core/Startup/startup_stm32f407vetx.o
LOAD ./Drivers/STM32F4xx_HAL_Driver/Src/stm32f4xx_hal.o
LOAD ./Drivers/STM32F4xx_HAL_Driver/Src/stm32f4xx_hal_cortex.o
LOAD ./Drivers/STM32F4xx_HAL_Driver/Src/stm32f4xx_hal_dma.o
LOAD ./Drivers/STM32F4xx_HAL_Driver/Src/stm32f4xx_hal_dma_ex.o
LOAD ./Drivers/STM32F4xx_HAL_Driver/Src/stm32f4xx_hal_exti.o
LOAD ./Drivers/STM32F4xx_HAL_Driver/Src/stm32f4xx_hal_flash.o
LOAD ./Drivers/STM32F4xx_HAL_Driver/Src/stm32f4xx_hal_flash_ex.o
LOAD ./Drivers/STM32F4xx_HAL_Driver/Src/stm32f4xx_hal_flash_ramfunc.o
LOAD ./Drivers/STM32F4xx_HAL_Driver/Src/stm32f4xx_hal_gpio.o
LOAD ./Drivers/STM32F4xx_HAL_Driver/Src/stm32f4xx_hal_iwdg.o
LOAD ./Drivers/STM32F4xx_HAL_Driver/Src/stm32f4xx_hal_nand.o
LOAD ./Drivers/STM32F4xx_HAL_Driver/Src/stm32f4xx_hal_pcd.o
LOAD ./Drivers/STM32F4xx_HAL_Driver/Src/stm32f4xx_hal_pcd_ex.o
LOAD ./Drivers/STM32F4xx_HAL_Driver/Src/stm32f4xx_hal_pwr.o
LOAD ./Drivers/STM32F4xx_HAL_Driver/Src/stm32f4xx_hal_pwr_ex.o
LOAD ./Drivers/STM32F4xx_HAL_Driver/Src/stm32f4xx_hal_rcc.o
LOAD ./Drivers/STM32F4xx_HAL_Driver/Src/stm32f4xx_hal_rcc_ex.o
LOAD ./Drivers/STM32F4xx_HAL_Driver/Src/stm32f4xx_hal_rtc.o
LOAD ./Drivers/STM32F4xx_HAL_Driver/Src/stm32f4xx_hal_rtc_ex.o
LOAD ./Drivers/STM32F4xx_HAL_Driver/Src/stm32f4xx_hal_spi.o
LOAD ./Drivers/STM32F4xx_HAL_Driver/Src/stm32f4xx_hal_tim.o
LOAD ./Drivers/STM32F4xx_HAL_Driver/Src/stm32f4xx_hal_tim_ex.o
LOAD ./Drivers/STM32F4xx_HAL_Driver/Src/stm32f4xx_hal_uart.o
LOAD ./Drivers/STM32F4xx_HAL_Driver/Src/stm32f4xx_ll_fsmc.o
LOAD ./Drivers/STM32F4xx_HAL_Driver/Src/stm32f4xx_ll_usb.o
LOAD ./Middlewares/ST/STM32_USB_Device_Library/Class/CDC/Src/usbd_cdc.o
LOAD ./Middlewares/ST/STM32_USB_Device_Library/Core/Src/usbd_core.o
LOAD ./Middlewares/ST/STM32_USB_Device_Library/Core/Src/usbd_ctlreq.o
LOAD ./Middlewares/ST/STM32_USB_Device_Library/Core/Src/usbd_ioreq.o
LOAD ./USB_DEVICE/App/usb_device.o
LOAD ./USB_DEVICE/App/usbd_cdc_if.o
LOAD ./USB_DEVICE/App/usbd_desc.o
LOAD ./USB_DEVICE/Target/usbd_conf.o
START GROUP
LOAD C:/ST/STM32CubeIDE_1.13.2/STM32CubeIDE/plugins/com.st.stm32cube.ide.mcu.externaltools.gnu-tools-for-stm32.11.3.rel1.win32_1.1.1.202309131626/tools/bin/../lib/gcc/arm-none-eabi/11.3.1/../../../../arm-none-eabi/lib/thumb/v7e-m+fp/hard\libc_nano.a
LOAD C:/ST/STM32CubeIDE_1.13.2/STM32CubeIDE/plugins/com.st.stm32cube.ide.mcu.externaltools.gnu-tools-for-stm32.11.3.rel1.win32_1.1.1.202309131626/tools/bin/../lib/gcc/arm-none-eabi/11.3.1/../../../../arm-none-eabi/lib/thumb/v7e-m+fp/hard\libm.a
END GROUP
START GROUP
LOAD C:/ST/STM32CubeIDE_1.13.2/STM32CubeIDE/plugins/com.st.stm32cube.ide.mcu.externaltools.gnu-tools-for-stm32.11.3.rel1.win32_1.1.1.202309131626/tools/bin/../lib/gcc/arm-none-eabi/11.3.1/thumb/v7e-m+fp/hard\libgcc.a
LOAD C:/ST/STM32CubeIDE_1.13.2/STM32CubeIDE/plugins/com.st.stm32cube.ide.mcu.externaltools.gnu-tools-for-stm32.11.3.rel1.win32_1.1.1.202309131626/tools/bin/../lib/gcc/arm-none-eabi/11.3.1/../../../../arm-none-eabi/lib/thumb/v7e-m+fp/hard\libc_nano.a
END GROUP
START GROUP
LOAD C:/ST/STM32CubeIDE_1.13.2/STM32CubeIDE/plugins/com.st.stm32cube.ide.mcu.externaltools.gnu-tools-for-stm32.11.3.rel1.win32_1.1.1.202309131626/tools/bin/../lib/gcc/arm-none-eabi/11.3.1/thumb/v7e-m+fp/hard\libgcc.a
LOAD C:/ST/STM32CubeIDE_1.13.2/STM32CubeIDE/plugins/com.st.stm32cube.ide.mcu.externaltools.gnu-tools-for-stm32.11.3.rel1.win32_1.1.1.202309131626/tools/bin/../lib/gcc/arm-none-eabi/11.3.1/../../../../arm-none-eabi/lib/thumb/v7e-m+fp/hard\libc_nano.a
LOAD C:/ST/STM32CubeIDE_1.13.2/STM32CubeIDE/plugins/com.st.stm32cube.ide.mcu.externaltools.gnu-tools-for-stm32.11.3.rel1.win32_1.1.1.202309131626/tools/bin/../lib/gcc/arm-none-eabi/11.3.1/../../../../arm-none-eabi/lib/thumb/v7e-m+fp/hard\libnosys.a
END GROUP
START GROUP
LOAD C:/ST/STM32CubeIDE_1.13.2/STM32CubeIDE/plugins/com.st.stm32cube.ide.mcu.externaltools.gnu-tools-for-stm32.11.3.rel1.win32_1.1.1.202309131626/tools/bin/../lib/gcc/arm-none-eabi/11.3.1/thumb/v7e-m+fp/hard\libgcc.a
LOAD C:/ST/STM32CubeIDE_1.13.2/STM32CubeIDE/plugins/com.st.stm32cube.ide.mcu.externaltools.gnu-tools-for-stm32.11.3.rel1.win32_1.1.1.202309131626/tools/bin/../lib/gcc/arm-none-eabi/11.3.1/../../../../arm-none-eabi/lib/thumb/v7e-m+fp/hard\libc_nano.a
LOAD C:/ST/STM32CubeIDE_1.13.2/STM32CubeIDE/plugins/com.st.stm32cube.ide.mcu.externaltools.gnu-tools-for-stm32.11.3.rel1.win32_1.1.1.202309131626/tools/bin/../lib/gcc/arm-none-eabi/11.3.1/../../../../arm-none-eabi/lib/thumb/v7e-m+fp/hard\libnosys.a
END GROUP
LOAD C:/ST/STM32CubeIDE_1.13.2/STM32CubeIDE/plugins/com.st.stm32cube.ide.mcu.externaltools.gnu-tools-for-stm32.11.3.rel1.win32_1.1.1.202309131626/tools/bin/../lib/gcc/arm-none-eabi/11.3.1/thumb/v7e-m+fp/hard/crtend.o
LOAD C:/ST/STM32CubeIDE_1.13.2/STM32CubeIDE/plugins/com.st.stm32cube.ide.mcu.externaltools.gnu-tools-for-stm32.11.3.rel1.win32_1.1.1.202309131626/tools/bin/../lib/gcc/arm-none-eabi/11.3.1/thumb/v7e-m+fp/hard/crtn.o
                0x000000002000c000                _estack = (ORIGIN (RAM) + LENGTH (RAM))
                0x0000000000000800                _Min_Heap_Size = 0x800
                0x0000000000001000                _Min_Stack_Size = 0x1000

.isr_vector     0x0000000008004000      0x188
                0x0000000008004000                . = ALIGN (0x4)
 *(.isr_vector)
 .isr_vector    0x0000000008004000      0x188 ./Core/Startup/startup_stm32f407vetx.o
                0x0000000008004000                g_pfnVectors
                0x0000000008004188                . = ALIGN (0x4)

.text           0x0000000008004190    0x1036c
                0x0000000008004190                . = ALIGN (0x4)
 *(.text)
 .text          0x0000000008004190       0x40 C:/ST/STM32CubeIDE_1.13.2/STM32CubeIDE/plugins/com.st.stm32cube.ide.mcu.externaltools.gnu-tools-for-stm32.11.3.rel1.win32_1.1.1.202309131626/tools/bin/../lib/gcc/arm-none-eabi/11.3.1/thumb/v7e-m+fp/hard/crtbegin.o
 .text          0x00000000080041d0       0xa0 C:/ST/STM32CubeIDE_1.13.2/STM32CubeIDE/plugins/com.st.stm32cube.ide.mcu.externaltools.gnu-tools-for-stm32.11.3.rel1.win32_1.1.1.202309131626/tools/bin/../lib/gcc/arm-none-eabi/11.3.1/../../../../arm-none-eabi/lib/thumb/v7e-m+fp/hard\libc_nano.a(libc_a-memchr.o)
                0x00000000080041d0                memchr
 .text          0x0000000008004270       0x30 C:/ST/STM32CubeIDE_1.13.2/STM32CubeIDE/plugins/com.st.stm32cube.ide.mcu.externaltools.gnu-tools-for-stm32.11.3.rel1.win32_1.1.1.202309131626/tools/bin/../lib/gcc/arm-none-eabi/11.3.1/thumb/v7e-m+fp/hard\libgcc.a(_aeabi_uldivmod.o)
                0x0000000008004270                __aeabi_uldivmod
 .text          0x00000000080042a0      0x2c8 C:/ST/STM32CubeIDE_1.13.2/STM32CubeIDE/plugins/com.st.stm32cube.ide.mcu.externaltools.gnu-tools-for-stm32.11.3.rel1.win32_1.1.1.202309131626/tools/bin/../lib/gcc/arm-none-eabi/11.3.1/thumb/v7e-m+fp/hard\libgcc.a(_udivmoddi4.o)
                0x00000000080042a0                __udivmoddi4
 .text          0x0000000008004568        0x4 C:/ST/STM32CubeIDE_1.13.2/STM32CubeIDE/plugins/com.st.stm32cube.ide.mcu.externaltools.gnu-tools-for-stm32.11.3.rel1.win32_1.1.1.202309131626/tools/bin/../lib/gcc/arm-none-eabi/11.3.1/thumb/v7e-m+fp/hard\libgcc.a(_dvmd_tls.o)
                0x0000000008004568                __aeabi_idiv0
                0x0000000008004568                __aeabi_ldiv0
 *(.text*)
 .text.cdc_send
                0x000000000800456c       0x80 ./Core/Src/cdc.o
 .text.cdc_send_ready
                0x00000000080045ec        0xe ./Core/Src/cdc.o
 .text.cdc_peek
                0x00000000080045fa       0x18 ./Core/Src/cdc.o
 .text.cdc_consume
                0x0000000008004612       0x1a ./Core/Src/cdc.o
 .text.cdc_init
                0x000000000800462c       0x18 ./Core/Src/cdc.o
                0x000000000800462c                cdc_init
 .text.USB_Data_Peek
                0x0000000008004644       0x60 ./Core/Src/cdc_endp.o
                0x0000000008004644                USB_Data_Peek
 .text.USB_Data_Get
                0x00000000080046a4       0xa0 ./Core/Src/cdc_endp.o
                0x00000000080046a4                USB_Data_Get
 .text.USB_DataRx_Sched_Internal
                0x0000000008004744       0x20 ./Core/Src/cdc_endp.o
 .text.USB_DataRx_Sched
                0x0000000008004764       0x14 ./Core/Src/cdc_endp.o
                0x0000000008004764                USB_DataRx_Sched
 .text.CDC_Receive_handler
                0x0000000008004778       0xb4 ./Core/Src/cdc_endp.o
                0x0000000008004778                CDC_Receive_handler
 .text.CDC_Send_DATA
                0x000000000800482c       0x38 ./Core/Src/cdc_hwcfg.o
                0x000000000800482c                CDC_Send_DATA
 .text.CDC_Receive_DATA
                0x0000000008004864       0x14 ./Core/Src/cdc_hwcfg.o
                0x0000000008004864                CDC_Receive_DATA
 .text.CDC_IsPacketSent
                0x0000000008004878       0x18 ./Core/Src/cdc_hwcfg.o
                0x0000000008004878                CDC_IsPacketSent
 .text.is_external_clock_avail
                0x0000000008004890       0x24 ./Core/Src/clock.o
                0x0000000008004890                is_external_clock_avail
 .text.flash_page_erase
                0x00000000080048b4       0x46 ./Core/Src/flash.o
                0x00000000080048b4                flash_page_erase
 .text.flash_write
                0x00000000080048fa       0x6a ./Core/Src/flash.o
                0x00000000080048fa                flash_write
 .text.flash_read
                0x0000000008004964       0x42 ./Core/Src/flash.o
                0x0000000008004964                flash_read
 *fill*         0x00000000080049a6        0x2 
 .text.MX_FSMC_Init
                0x00000000080049a8       0xc4 ./Core/Src/fsmc.o
                0x00000000080049a8                MX_FSMC_Init
 .text.HAL_FSMC_MspInit
                0x0000000008004a6c       0xa8 ./Core/Src/fsmc.o
 .text.HAL_NAND_MspInit
                0x0000000008004b14       0x14 ./Core/Src/fsmc.o
                0x0000000008004b14                HAL_NAND_MspInit
 .text.nand_gpio_init
                0x0000000008004b28       0xa8 ./Core/Src/fsmc_nand.o
 .text.nand_fsmc_init
                0x0000000008004bd0       0xd0 ./Core/Src/fsmc_nand.o
 .text.nand_print_fsmc_info
                0x0000000008004ca0      0x16c ./Core/Src/fsmc_nand.o
 .text.nand_reset
                0x0000000008004e0c       0x20 ./Core/Src/fsmc_nand.o
 .text.nand_init
                0x0000000008004e2c       0x50 ./Core/Src/fsmc_nand.o
 .text.nand_uninit
                0x0000000008004e7c        0xe ./Core/Src/fsmc_nand.o
 *fill*         0x0000000008004e8a        0x2 
 .text.nand_read_status
                0x0000000008004e8c       0x54 ./Core/Src/fsmc_nand.o
 .text.nand_get_status
                0x0000000008004ee0       0x40 ./Core/Src/fsmc_nand.o
 .text.nand_read_id
                0x0000000008004f20       0x7c ./Core/Src/fsmc_nand.o
 .text.nand_write_page_async
                0x0000000008004f9c      0x14c ./Core/Src/fsmc_nand.o
 .text.nand_read_data
                0x00000000080050e8      0x170 ./Core/Src/fsmc_nand.o
 .text.nand_read_page
                0x0000000008005258       0x22 ./Core/Src/fsmc_nand.o
 *fill*         0x000000000800527a        0x2 
 .text.nand_read_spare_data
                0x000000000800527c      0x16c ./Core/Src/fsmc_nand.o
 .text.nand_erase_block
                0x00000000080053e8       0xc0 ./Core/Src/fsmc_nand.o
 .text.nand_is_bb_supported
                0x00000000080054a8       0x10 ./Core/Src/fsmc_nand.o
 .text.nand_enable_hw_ecc
                0x00000000080054b8       0x74 ./Core/Src/fsmc_nand.o
 .text.MX_GPIO_Init
                0x000000000800552c      0x1d8 ./Core/Src/gpio.o
                0x000000000800552c                MX_GPIO_Init
 .text.MX_IWDG_Init
                0x0000000008005704       0x34 ./Core/Src/iwdg.o
                0x0000000008005704                MX_IWDG_Init
 .text.jtag_init
                0x0000000008005738       0x14 ./Core/Src/jtag.o
                0x0000000008005738                jtag_init
 .text.led_init
                0x000000000800574c       0xc0 ./Core/Src/led.o
                0x000000000800574c                led_init
 .text.led_set  0x000000000800580c       0x38 ./Core/Src/led.o
 .text.led_wr_set
                0x0000000008005844       0x24 ./Core/Src/led.o
                0x0000000008005844                led_wr_set
 .text.led_rd_set
                0x0000000008005868       0x24 ./Core/Src/led.o
                0x0000000008005868                led_rd_set
 .text._write   0x000000000800588c       0x2c ./Core/Src/main.o
                0x000000000800588c                _write
 .text.main     0x00000000080058b8       0xc8 ./Core/Src/main.o
                0x00000000080058b8                main
 .text.SystemClock_Config
                0x0000000008005980       0xd8 ./Core/Src/main.o
                0x0000000008005980                SystemClock_Config
 .text.MX_NVIC_Init
                0x0000000008005a58       0x38 ./Core/Src/main.o
 .text.Error_Handler
                0x0000000008005a90        0xa ./Core/Src/main.o
                0x0000000008005a90                Error_Handler
 *fill*         0x0000000008005a9a        0x2 
 .text.nand_bad_block_table_init
                0x0000000008005a9c       0x20 ./Core/Src/nand_bad_block.o
                0x0000000008005a9c                nand_bad_block_table_init
 .text.nand_bad_block_table_add
                0x0000000008005abc       0x40 ./Core/Src/nand_bad_block.o
                0x0000000008005abc                nand_bad_block_table_add
 .text.nand_bad_block_table_lookup
                0x0000000008005afc       0x48 ./Core/Src/nand_bad_block.o
                0x0000000008005afc                nand_bad_block_table_lookup
 .text.nand_bad_block_table_iter_alloc
                0x0000000008005b44       0x34 ./Core/Src/nand_bad_block.o
                0x0000000008005b44                nand_bad_block_table_iter_alloc
 .text.nand_bad_block_table_iter_next
                0x0000000008005b78       0x54 ./Core/Src/nand_bad_block.o
                0x0000000008005b78                nand_bad_block_table_iter_next
 .text.np_send_ok_status
                0x0000000008005bcc       0x38 ./Core/Src/nand_programmer.o
 .text.np_send_error
                0x0000000008005c04       0x48 ./Core/Src/nand_programmer.o
 .text.np_send_bad_block_info
                0x0000000008005c4c       0x70 ./Core/Src/nand_programmer.o
 .text.np_send_progress
                0x0000000008005cbc       0x50 ./Core/Src/nand_programmer.o
 .text._np_cmd_nand_read_id
                0x0000000008005d0c       0x94 ./Core/Src/nand_programmer.o
 .text.np_cmd_nand_read_id
                0x0000000008005da0       0x26 ./Core/Src/nand_programmer.o
 *fill*         0x0000000008005dc6        0x2 
 .text.np_read_bad_block_info_from_page
                0x0000000008005dc8      0x13c ./Core/Src/nand_programmer.o
 .text._np_cmd_read_bad_blocks
                0x0000000008005f04      0x120 ./Core/Src/nand_programmer.o
 .text.np_nand_erase
                0x0000000008006024       0xb8 ./Core/Src/nand_programmer.o
 .text._np_cmd_nand_erase
                0x00000000080060dc      0x3b8 ./Core/Src/nand_programmer.o
 .text.np_cmd_nand_erase
                0x0000000008006494       0x26 ./Core/Src/nand_programmer.o
 *fill*         0x00000000080064ba        0x2 
 .text.np_send_write_ack
                0x00000000080064bc       0x50 ./Core/Src/nand_programmer.o
 .text.np_cmd_nand_write_start
                0x000000000800650c      0x338 ./Core/Src/nand_programmer.o
 .text.np_nand_handle_status
                0x0000000008006844      0x100 ./Core/Src/nand_programmer.o
 .text.np_nand_write
                0x0000000008006944       0x9c ./Core/Src/nand_programmer.o
 .text.np_cmd_nand_write_data
                0x00000000080069e0      0x378 ./Core/Src/nand_programmer.o
 .text.np_cmd_nand_write_end
                0x0000000008006d58       0x48 ./Core/Src/nand_programmer.o
 .text.np_cmd_nand_write
                0x0000000008006da0       0x6a ./Core/Src/nand_programmer.o
 *fill*         0x0000000008006e0a        0x2 
 .text.np_nand_read
                0x0000000008006e0c       0x98 ./Core/Src/nand_programmer.o
 .text._np_cmd_nand_read
                0x0000000008006ea4      0x55c ./Core/Src/nand_programmer.o
 .text.np_cmd_nand_read
                0x0000000008007400       0x26 ./Core/Src/nand_programmer.o
 .text.np_fill_chip_info
                0x0000000008007426       0x70 ./Core/Src/nand_programmer.o
 *fill*         0x0000000008007496        0x2 
 .text.np_print_chip_info
                0x0000000008007498       0x80 ./Core/Src/nand_programmer.o
 .text.np_cmd_nand_conf
                0x0000000008007518       0xb0 ./Core/Src/nand_programmer.o
 .text.np_send_bad_blocks
                0x00000000080075c8       0x6a ./Core/Src/nand_programmer.o
 .text.np_cmd_read_bad_blocks
                0x0000000008007632       0x48 ./Core/Src/nand_programmer.o
                0x0000000008007632                np_cmd_read_bad_blocks
 *fill*         0x000000000800767a        0x2 
 .text.np_cmd_version_get
                0x000000000800767c       0x58 ./Core/Src/nand_programmer.o
                0x000000000800767c                np_cmd_version_get
 .text.np_boot_config_read
                0x00000000080076d4       0x2c ./Core/Src/nand_programmer.o
 .text.np_boot_config_write
                0x0000000008007700       0x40 ./Core/Src/nand_programmer.o
 .text.np_cmd_active_image_get
                0x0000000008007740       0x88 ./Core/Src/nand_programmer.o
 .text.np_cmd_fw_update_start
                0x00000000080077c8      0x1f4 ./Core/Src/nand_programmer.o
 .text.np_cmd_fw_update_data
                0x00000000080079bc      0x3e0 ./Core/Src/nand_programmer.o
 .text.np_cmd_fw_update_end
                0x0000000008007d9c       0xa4 ./Core/Src/nand_programmer.o
 .text.np_cmd_fw_update
                0x0000000008007e40       0x6a ./Core/Src/nand_programmer.o
 .text.np_cmd_is_valid
                0x0000000008007eaa       0x22 ./Core/Src/nand_programmer.o
 .text.np_cmd_handler
                0x0000000008007ecc       0xb4 ./Core/Src/nand_programmer.o
 .text.np_packet_handler
                0x0000000008007f80       0x58 ./Core/Src/nand_programmer.o
 .text.np_nand_handler
                0x0000000008007fd8       0x30 ./Core/Src/nand_programmer.o
 .text.np_init  0x0000000008008008       0x20 ./Core/Src/nand_programmer.o
                0x0000000008008008                np_init
 .text.np_handler
                0x0000000008008028       0x18 ./Core/Src/nand_programmer.o
                0x0000000008008028                np_handler
 .text.np_comm_register
                0x0000000008008040       0x20 ./Core/Src/nand_programmer.o
                0x0000000008008040                np_comm_register
 .text.MX_RTC_Init
                0x0000000008008060       0xb4 ./Core/Src/rtc.o
                0x0000000008008060                MX_RTC_Init
 .text.HAL_RTC_MspInit
                0x0000000008008114       0x54 ./Core/Src/rtc.o
                0x0000000008008114                HAL_RTC_MspInit
 .text.MX_SPI1_Init
                0x0000000008008168       0x6c ./Core/Src/spi.o
                0x0000000008008168                MX_SPI1_Init
 .text.HAL_SPI_MspInit
                0x00000000080081d4       0xe0 ./Core/Src/spi.o
                0x00000000080081d4                HAL_SPI_MspInit
 .text.HAL_SPI_MspDeInit
                0x00000000080082b4       0x4c ./Core/Src/spi.o
                0x00000000080082b4                HAL_SPI_MspDeInit
 .text.spi_flash_gpio_init
                0x0000000008008300       0xf4 ./Core/Src/spi_nand_flash.o
 .text.spi_flash_gpio_uninit
                0x00000000080083f4       0x8c ./Core/Src/spi_nand_flash.o
 .text.spi_flash_select_chip
                0x0000000008008480       0x18 ./Core/Src/spi_nand_flash.o
 .text.spi_flash_deselect_chip
                0x0000000008008498       0x18 ./Core/Src/spi_nand_flash.o
 .text.spi_flash_get_baud_rate_prescaler
                0x00000000080084b0       0x90 ./Core/Src/spi_nand_flash.o
 .text.spi_flash_init
                0x0000000008008540       0xac ./Core/Src/spi_nand_flash.o
 .text.spi_flash_uninit
                0x00000000080085ec       0x18 ./Core/Src/spi_nand_flash.o
 .text.spi_flash_send_byte
                0x0000000008008604       0x44 ./Core/Src/spi_nand_flash.o
 .text.spi_flash_read_byte
                0x0000000008008648       0x10 ./Core/Src/spi_nand_flash.o
 .text.spi_flash_set_feature
                0x0000000008008658       0x36 ./Core/Src/spi_nand_flash.o
 .text.spi_flash_get_feature
                0x000000000800868e       0x36 ./Core/Src/spi_nand_flash.o
 .text.spi_flash_read_status
                0x00000000080086c4       0x98 ./Core/Src/spi_nand_flash.o
 .text.spi_flash_select_die_cmd
                0x000000000800875c       0x70 ./Core/Src/spi_nand_flash.o
 .text.spi_flash_select_die
                0x00000000080087cc       0x54 ./Core/Src/spi_nand_flash.o
 .text.spi_flash_read_id
                0x0000000008008820       0x6c ./Core/Src/spi_nand_flash.o
 .text.spi_flash_chip_init
                0x000000000800888c       0x70 ./Core/Src/spi_nand_flash.o
 .text.spi_flash_write_enable
                0x00000000080088fc       0x16 ./Core/Src/spi_nand_flash.o
 *fill*         0x0000000008008912        0x2 
 .text.spi_flash_program_load
                0x0000000008008914       0x9c ./Core/Src/spi_nand_flash.o
 .text.spi_flash_write_page_async
                0x00000000080089b0       0x64 ./Core/Src/spi_nand_flash.o
 .text.spi_flash_load_page_into_cache
                0x0000000008008a14       0x58 ./Core/Src/spi_nand_flash.o
 .text.spi_flash_read_page
                0x0000000008008a6c       0xc4 ./Core/Src/spi_nand_flash.o
 .text.spi_flash_read_spare_data
                0x0000000008008b30      0x108 ./Core/Src/spi_nand_flash.o
 .text.spi_flash_erase_block
                0x0000000008008c38       0x5c ./Core/Src/spi_nand_flash.o
 .text.spi_flash_is_bb_supported
                0x0000000008008c94       0x10 ./Core/Src/spi_nand_flash.o
 .text.spi_flash_gpio_init
                0x0000000008008ca4       0xf4 ./Core/Src/spi_nor_flash.o
 .text.spi_flash_select_chip
                0x0000000008008d98       0x18 ./Core/Src/spi_nor_flash.o
 .text.spi_flash_deselect_chip
                0x0000000008008db0       0x18 ./Core/Src/spi_nor_flash.o
 .text.SPI_Init
                0x0000000008008dc8       0x6a ./Core/Src/spi_nor_flash.o
                0x0000000008008dc8                SPI_Init
 *fill*         0x0000000008008e32        0x2 
 .text.spi_flash_init
                0x0000000008008e34       0xb0 ./Core/Src/spi_nor_flash.o
 .text.spi_flash_uninit
                0x0000000008008ee4       0x24 ./Core/Src/spi_nor_flash.o
 .text.spi_flash_send_byte
                0x0000000008008f08       0x6c ./Core/Src/spi_nor_flash.o
 .text.spi_flash_read_byte
                0x0000000008008f74       0x10 ./Core/Src/spi_nor_flash.o
 .text.spi_flash_read_status
                0x0000000008008f84       0x6c ./Core/Src/spi_nor_flash.o
 .text.spi_flash_get_status
                0x0000000008008ff0       0x40 ./Core/Src/spi_nor_flash.o
 .text.spi_flash_read_id
                0x0000000008009030       0x70 ./Core/Src/spi_nor_flash.o
 .text.spi_flash_write_enable
                0x00000000080090a0       0x28 ./Core/Src/spi_nor_flash.o
 .text.spi_flash_write_page_async
                0x00000000080090c8       0x80 ./Core/Src/spi_nor_flash.o
 .text.spi_flash_read_data
                0x0000000008009148       0x88 ./Core/Src/spi_nor_flash.o
 .text.spi_flash_read_page
                0x00000000080091d0       0x22 ./Core/Src/spi_nor_flash.o
 .text.spi_flash_read_spare_data
                0x00000000080091f2       0x1c ./Core/Src/spi_nor_flash.o
 *fill*         0x000000000800920e        0x2 
 .text.spi_flash_erase_block
                0x0000000008009210       0x60 ./Core/Src/spi_nor_flash.o
 .text.spi_flash_is_bb_supported
                0x0000000008009270       0x10 ./Core/Src/spi_nor_flash.o
 .text.HAL_MspInit
                0x0000000008009280       0x8c ./Core/Src/stm32f4xx_hal_msp.o
                0x0000000008009280                HAL_MspInit
 .text.NMI_Handler
                0x000000000800930c        0x6 ./Core/Src/stm32f4xx_it.o
                0x000000000800930c                NMI_Handler
 .text.HardFault_Handler
                0x0000000008009312        0x6 ./Core/Src/stm32f4xx_it.o
                0x0000000008009312                HardFault_Handler
 .text.MemManage_Handler
                0x0000000008009318        0x6 ./Core/Src/stm32f4xx_it.o
                0x0000000008009318                MemManage_Handler
 .text.BusFault_Handler
                0x000000000800931e        0x6 ./Core/Src/stm32f4xx_it.o
                0x000000000800931e                BusFault_Handler
 .text.UsageFault_Handler
                0x0000000008009324        0x6 ./Core/Src/stm32f4xx_it.o
                0x0000000008009324                UsageFault_Handler
 .text.SVC_Handler
                0x000000000800932a        0xe ./Core/Src/stm32f4xx_it.o
                0x000000000800932a                SVC_Handler
 .text.DebugMon_Handler
                0x0000000008009338        0xe ./Core/Src/stm32f4xx_it.o
                0x0000000008009338                DebugMon_Handler
 .text.PendSV_Handler
                0x0000000008009346        0xe ./Core/Src/stm32f4xx_it.o
                0x0000000008009346                PendSV_Handler
 .text.SysTick_Handler
                0x0000000008009354        0xc ./Core/Src/stm32f4xx_it.o
                0x0000000008009354                SysTick_Handler
 .text.PVD_IRQHandler
                0x0000000008009360        0xc ./Core/Src/stm32f4xx_it.o
                0x0000000008009360                PVD_IRQHandler
 .text.FLASH_IRQHandler
                0x000000000800936c        0xc ./Core/Src/stm32f4xx_it.o
                0x000000000800936c                FLASH_IRQHandler
 .text.RCC_IRQHandler
                0x0000000008009378        0xe ./Core/Src/stm32f4xx_it.o
                0x0000000008009378                RCC_IRQHandler
 *fill*         0x0000000008009386        0x2 
 .text.SPI1_IRQHandler
                0x0000000008009388       0x14 ./Core/Src/stm32f4xx_it.o
                0x0000000008009388                SPI1_IRQHandler
 .text.USART1_IRQHandler
                0x000000000800939c       0x14 ./Core/Src/stm32f4xx_it.o
                0x000000000800939c                USART1_IRQHandler
 .text.FSMC_IRQHandler
                0x00000000080093b0       0x14 ./Core/Src/stm32f4xx_it.o
                0x00000000080093b0                FSMC_IRQHandler
 .text.OTG_FS_IRQHandler
                0x00000000080093c4       0x14 ./Core/Src/stm32f4xx_it.o
                0x00000000080093c4                OTG_FS_IRQHandler
 .text.OTG_HS_EP1_OUT_IRQHandler
                0x00000000080093d8       0x14 ./Core/Src/stm32f4xx_it.o
                0x00000000080093d8                OTG_HS_EP1_OUT_IRQHandler
 .text.OTG_HS_EP1_IN_IRQHandler
                0x00000000080093ec       0x14 ./Core/Src/stm32f4xx_it.o
                0x00000000080093ec                OTG_HS_EP1_IN_IRQHandler
 .text.OTG_HS_IRQHandler
                0x0000000008009400       0x14 ./Core/Src/stm32f4xx_it.o
                0x0000000008009400                OTG_HS_IRQHandler
 .text.FPU_IRQHandler
                0x0000000008009414        0xe ./Core/Src/stm32f4xx_it.o
                0x0000000008009414                FPU_IRQHandler
 .text._read    0x0000000008009422       0x3a ./Core/Src/syscalls.o
                0x0000000008009422                _read
 .text._close   0x000000000800945c       0x18 ./Core/Src/syscalls.o
                0x000000000800945c                _close
 .text._fstat   0x0000000008009474       0x20 ./Core/Src/syscalls.o
                0x0000000008009474                _fstat
 .text._isatty  0x0000000008009494       0x16 ./Core/Src/syscalls.o
                0x0000000008009494                _isatty
 .text._lseek   0x00000000080094aa       0x1a ./Core/Src/syscalls.o
                0x00000000080094aa                _lseek
 .text._sbrk    0x00000000080094c4       0x6c ./Core/Src/sysmem.o
                0x00000000080094c4                _sbrk
 .text.SystemInit
                0x0000000008009530       0x2c ./Core/Src/system_stm32f4xx.o
                0x0000000008009530                SystemInit
 .text.MX_USART1_UART_Init
                0x000000000800955c       0x54 ./Core/Src/usart.o
                0x000000000800955c                MX_USART1_UART_Init
 .text.HAL_UART_MspInit
                0x00000000080095b0       0xa0 ./Core/Src/usart.o
                0x00000000080095b0                HAL_UART_MspInit
 .text.Reset_Handler
                0x0000000008009650       0x50 ./Core/Startup/startup_stm32f407vetx.o
                0x0000000008009650                Reset_Handler
 .text.Default_Handler
                0x00000000080096a0        0x2 ./Core/Startup/startup_stm32f407vetx.o
                0x00000000080096a0                RTC_Alarm_IRQHandler
                0x00000000080096a0                HASH_RNG_IRQHandler
                0x00000000080096a0                EXTI2_IRQHandler
                0x00000000080096a0                TIM8_CC_IRQHandler
                0x00000000080096a0                TIM1_CC_IRQHandler
                0x00000000080096a0                DMA2_Stream5_IRQHandler
                0x00000000080096a0                DMA1_Stream5_IRQHandler
                0x00000000080096a0                SDIO_IRQHandler
                0x00000000080096a0                TAMP_STAMP_IRQHandler
                0x00000000080096a0                CAN2_RX1_IRQHandler
                0x00000000080096a0                EXTI3_IRQHandler
                0x00000000080096a0                TIM8_TRG_COM_TIM14_IRQHandler
                0x00000000080096a0                TIM1_UP_TIM10_IRQHandler
                0x00000000080096a0                TIM8_UP_TIM13_IRQHandler
                0x00000000080096a0                I2C3_ER_IRQHandler
                0x00000000080096a0                EXTI0_IRQHandler
                0x00000000080096a0                I2C2_EV_IRQHandler
                0x00000000080096a0                DMA1_Stream2_IRQHandler
                0x00000000080096a0                CAN1_RX0_IRQHandler
                0x00000000080096a0                OTG_HS_WKUP_IRQHandler
                0x00000000080096a0                CAN2_SCE_IRQHandler
                0x00000000080096a0                DMA2_Stream2_IRQHandler
                0x00000000080096a0                TIM6_DAC_IRQHandler
                0x00000000080096a0                TIM1_BRK_TIM9_IRQHandler
                0x00000000080096a0                DCMI_IRQHandler
                0x00000000080096a0                CAN2_RX0_IRQHandler
                0x00000000080096a0                DMA2_Stream3_IRQHandler
                0x00000000080096a0                USART6_IRQHandler
                0x00000000080096a0                USART3_IRQHandler
                0x00000000080096a0                CAN1_RX1_IRQHandler
                0x00000000080096a0                UART5_IRQHandler
                0x00000000080096a0                DMA2_Stream0_IRQHandler
                0x00000000080096a0                TIM4_IRQHandler
                0x00000000080096a0                I2C1_EV_IRQHandler
                0x00000000080096a0                DMA1_Stream6_IRQHandler
                0x00000000080096a0                DMA1_Stream1_IRQHandler
                0x00000000080096a0                UART4_IRQHandler
                0x00000000080096a0                TIM3_IRQHandler
                0x00000000080096a0                TIM8_BRK_TIM12_IRQHandler
                0x00000000080096a0                Default_Handler
                0x00000000080096a0                EXTI15_10_IRQHandler
                0x00000000080096a0                ADC_IRQHandler
                0x00000000080096a0                DMA1_Stream7_IRQHandler
                0x00000000080096a0                TIM7_IRQHandler
                0x00000000080096a0                CAN2_TX_IRQHandler
                0x00000000080096a0                TIM5_IRQHandler
                0x00000000080096a0                DMA2_Stream7_IRQHandler
                0x00000000080096a0                I2C3_EV_IRQHandler
                0x00000000080096a0                EXTI9_5_IRQHandler
                0x00000000080096a0                RTC_WKUP_IRQHandler
                0x00000000080096a0                ETH_WKUP_IRQHandler
                0x00000000080096a0                SPI2_IRQHandler
                0x00000000080096a0                DMA1_Stream0_IRQHandler
                0x00000000080096a0                CAN1_TX_IRQHandler
                0x00000000080096a0                EXTI4_IRQHandler
                0x00000000080096a0                ETH_IRQHandler
                0x00000000080096a0                WWDG_IRQHandler
                0x00000000080096a0                TIM2_IRQHandler
                0x00000000080096a0                OTG_FS_WKUP_IRQHandler
                0x00000000080096a0                TIM1_TRG_COM_TIM11_IRQHandler
                0x00000000080096a0                EXTI1_IRQHandler
                0x00000000080096a0                USART2_IRQHandler
                0x00000000080096a0                I2C2_ER_IRQHandler
                0x00000000080096a0                DMA2_Stream1_IRQHandler
                0x00000000080096a0                CAN1_SCE_IRQHandler
                0x00000000080096a0                DMA2_Stream4_IRQHandler
                0x00000000080096a0                SPI3_IRQHandler
                0x00000000080096a0                DMA1_Stream4_IRQHandler
                0x00000000080096a0                I2C1_ER_IRQHandler
                0x00000000080096a0                DMA2_Stream6_IRQHandler
                0x00000000080096a0                DMA1_Stream3_IRQHandler
 *fill*         0x00000000080096a2        0x2 
 .text.HAL_Init
                0x00000000080096a4       0x44 ./Drivers/STM32F4xx_HAL_Driver/Src/stm32f4xx_hal.o
                0x00000000080096a4                HAL_Init
 .text.HAL_InitTick
                0x00000000080096e8       0x60 ./Drivers/STM32F4xx_HAL_Driver/Src/stm32f4xx_hal.o
                0x00000000080096e8                HAL_InitTick
 .text.HAL_IncTick
                0x0000000008009748       0x28 ./Drivers/STM32F4xx_HAL_Driver/Src/stm32f4xx_hal.o
                0x0000000008009748                HAL_IncTick
 .text.HAL_GetTick
                0x0000000008009770       0x18 ./Drivers/STM32F4xx_HAL_Driver/Src/stm32f4xx_hal.o
                0x0000000008009770                HAL_GetTick
 .text.HAL_Delay
                0x0000000008009788       0x48 ./Drivers/STM32F4xx_HAL_Driver/Src/stm32f4xx_hal.o
                0x0000000008009788                HAL_Delay
 .text.HAL_DBGMCU_EnableDBGSleepMode
                0x00000000080097d0       0x20 ./Drivers/STM32F4xx_HAL_Driver/Src/stm32f4xx_hal.o
                0x00000000080097d0                HAL_DBGMCU_EnableDBGSleepMode
 .text.HAL_DBGMCU_EnableDBGStopMode
                0x00000000080097f0       0x20 ./Drivers/STM32F4xx_HAL_Driver/Src/stm32f4xx_hal.o
                0x00000000080097f0                HAL_DBGMCU_EnableDBGStopMode
 .text.HAL_DBGMCU_EnableDBGStandbyMode
                0x0000000008009810       0x20 ./Drivers/STM32F4xx_HAL_Driver/Src/stm32f4xx_hal.o
                0x0000000008009810                HAL_DBGMCU_EnableDBGStandbyMode
 .text.__NVIC_SetPriorityGrouping
                0x0000000008009830       0x48 ./Drivers/STM32F4xx_HAL_Driver/Src/stm32f4xx_hal_cortex.o
 .text.__NVIC_GetPriorityGrouping
                0x0000000008009878       0x1c ./Drivers/STM32F4xx_HAL_Driver/Src/stm32f4xx_hal_cortex.o
 .text.__NVIC_EnableIRQ
                0x0000000008009894       0x3c ./Drivers/STM32F4xx_HAL_Driver/Src/stm32f4xx_hal_cortex.o
 .text.__NVIC_DisableIRQ
                0x00000000080098d0       0x48 ./Drivers/STM32F4xx_HAL_Driver/Src/stm32f4xx_hal_cortex.o
 .text.__NVIC_SetPriority
                0x0000000008009918       0x54 ./Drivers/STM32F4xx_HAL_Driver/Src/stm32f4xx_hal_cortex.o
 .text.NVIC_EncodePriority
                0x000000000800996c       0x66 ./Drivers/STM32F4xx_HAL_Driver/Src/stm32f4xx_hal_cortex.o
 *fill*         0x00000000080099d2        0x2 
 .text.SysTick_Config
                0x00000000080099d4       0x44 ./Drivers/STM32F4xx_HAL_Driver/Src/stm32f4xx_hal_cortex.o
 .text.HAL_NVIC_SetPriorityGrouping
                0x0000000008009a18       0x16 ./Drivers/STM32F4xx_HAL_Driver/Src/stm32f4xx_hal_cortex.o
                0x0000000008009a18                HAL_NVIC_SetPriorityGrouping
 .text.HAL_NVIC_SetPriority
                0x0000000008009a2e       0x38 ./Drivers/STM32F4xx_HAL_Driver/Src/stm32f4xx_hal_cortex.o
                0x0000000008009a2e                HAL_NVIC_SetPriority
 .text.HAL_NVIC_EnableIRQ
                0x0000000008009a66       0x1c ./Drivers/STM32F4xx_HAL_Driver/Src/stm32f4xx_hal_cortex.o
                0x0000000008009a66                HAL_NVIC_EnableIRQ
 .text.HAL_NVIC_DisableIRQ
                0x0000000008009a82       0x1c ./Drivers/STM32F4xx_HAL_Driver/Src/stm32f4xx_hal_cortex.o
                0x0000000008009a82                HAL_NVIC_DisableIRQ
 .text.HAL_SYSTICK_Config
                0x0000000008009a9e       0x18 ./Drivers/STM32F4xx_HAL_Driver/Src/stm32f4xx_hal_cortex.o
                0x0000000008009a9e                HAL_SYSTICK_Config
 .text.HAL_DMA_Abort
                0x0000000008009ab6       0xe0 ./Drivers/STM32F4xx_HAL_Driver/Src/stm32f4xx_hal_dma.o
                0x0000000008009ab6                HAL_DMA_Abort
 .text.HAL_DMA_Abort_IT
                0x0000000008009b96       0x44 ./Drivers/STM32F4xx_HAL_Driver/Src/stm32f4xx_hal_dma.o
                0x0000000008009b96                HAL_DMA_Abort_IT
 *fill*         0x0000000008009bda        0x2 
 .text.HAL_FLASH_Program
                0x0000000008009bdc       0xa8 ./Drivers/STM32F4xx_HAL_Driver/Src/stm32f4xx_hal_flash.o
                0x0000000008009bdc                HAL_FLASH_Program
 .text.HAL_FLASH_IRQHandler
                0x0000000008009c84      0x140 ./Drivers/STM32F4xx_HAL_Driver/Src/stm32f4xx_hal_flash.o
                0x0000000008009c84                HAL_FLASH_IRQHandler
 .text.HAL_FLASH_EndOfOperationCallback
                0x0000000008009dc4       0x14 ./Drivers/STM32F4xx_HAL_Driver/Src/stm32f4xx_hal_flash.o
                0x0000000008009dc4                HAL_FLASH_EndOfOperationCallback
 .text.HAL_FLASH_OperationErrorCallback
                0x0000000008009dd8       0x14 ./Drivers/STM32F4xx_HAL_Driver/Src/stm32f4xx_hal_flash.o
                0x0000000008009dd8                HAL_FLASH_OperationErrorCallback
 .text.HAL_FLASH_Unlock
                0x0000000008009dec       0x44 ./Drivers/STM32F4xx_HAL_Driver/Src/stm32f4xx_hal_flash.o
                0x0000000008009dec                HAL_FLASH_Unlock
 .text.HAL_FLASH_Lock
                0x0000000008009e30       0x20 ./Drivers/STM32F4xx_HAL_Driver/Src/stm32f4xx_hal_flash.o
                0x0000000008009e30                HAL_FLASH_Lock
 .text.FLASH_WaitForLastOperation
                0x0000000008009e50       0x80 ./Drivers/STM32F4xx_HAL_Driver/Src/stm32f4xx_hal_flash.o
                0x0000000008009e50                FLASH_WaitForLastOperation
 .text.FLASH_Program_DoubleWord
                0x0000000008009ed0       0x64 ./Drivers/STM32F4xx_HAL_Driver/Src/stm32f4xx_hal_flash.o
 .text.FLASH_Program_Word
                0x0000000008009f34       0x44 ./Drivers/STM32F4xx_HAL_Driver/Src/stm32f4xx_hal_flash.o
 .text.FLASH_Program_HalfWord
                0x0000000008009f78       0x48 ./Drivers/STM32F4xx_HAL_Driver/Src/stm32f4xx_hal_flash.o
 .text.FLASH_Program_Byte
                0x0000000008009fc0       0x44 ./Drivers/STM32F4xx_HAL_Driver/Src/stm32f4xx_hal_flash.o
 .text.FLASH_SetErrorCode
                0x000000000800a004       0xac ./Drivers/STM32F4xx_HAL_Driver/Src/stm32f4xx_hal_flash.o
 .text.HAL_FLASHEx_Erase
                0x000000000800a0b0       0xe0 ./Drivers/STM32F4xx_HAL_Driver/Src/stm32f4xx_hal_flash_ex.o
                0x000000000800a0b0                HAL_FLASHEx_Erase
 .text.FLASH_MassErase
                0x000000000800a190       0x48 ./Drivers/STM32F4xx_HAL_Driver/Src/stm32f4xx_hal_flash_ex.o
 .text.FLASH_Erase_Sector
                0x000000000800a1d8       0x90 ./Drivers/STM32F4xx_HAL_Driver/Src/stm32f4xx_hal_flash_ex.o
                0x000000000800a1d8                FLASH_Erase_Sector
 .text.FLASH_FlushCaches
                0x000000000800a268       0x8c ./Drivers/STM32F4xx_HAL_Driver/Src/stm32f4xx_hal_flash_ex.o
                0x000000000800a268                FLASH_FlushCaches
 .text.HAL_GPIO_Init
                0x000000000800a2f4      0x338 ./Drivers/STM32F4xx_HAL_Driver/Src/stm32f4xx_hal_gpio.o
                0x000000000800a2f4                HAL_GPIO_Init
 .text.HAL_GPIO_DeInit
                0x000000000800a62c      0x1f8 ./Drivers/STM32F4xx_HAL_Driver/Src/stm32f4xx_hal_gpio.o
                0x000000000800a62c                HAL_GPIO_DeInit
 .text.HAL_GPIO_WritePin
                0x000000000800a824       0x32 ./Drivers/STM32F4xx_HAL_Driver/Src/stm32f4xx_hal_gpio.o
                0x000000000800a824                HAL_GPIO_WritePin
 .text.HAL_IWDG_Init
                0x000000000800a856       0x84 ./Drivers/STM32F4xx_HAL_Driver/Src/stm32f4xx_hal_iwdg.o
                0x000000000800a856                HAL_IWDG_Init
 .text.HAL_NAND_Init
                0x000000000800a8da       0x9c ./Drivers/STM32F4xx_HAL_Driver/Src/stm32f4xx_hal_nand.o
                0x000000000800a8da                HAL_NAND_Init
 .text.HAL_NAND_IRQHandler
                0x000000000800a976      0x1a8 ./Drivers/STM32F4xx_HAL_Driver/Src/stm32f4xx_hal_nand.o
                0x000000000800a976                HAL_NAND_IRQHandler
 .text.HAL_NAND_ITCallback
                0x000000000800ab1e       0x14 ./Drivers/STM32F4xx_HAL_Driver/Src/stm32f4xx_hal_nand.o
                0x000000000800ab1e                HAL_NAND_ITCallback
 .text.HAL_PCD_Init
                0x000000000800ab32      0x23a ./Drivers/STM32F4xx_HAL_Driver/Src/stm32f4xx_hal_pcd.o
                0x000000000800ab32                HAL_PCD_Init
 .text.HAL_PCD_Start
                0x000000000800ad6c       0x66 ./Drivers/STM32F4xx_HAL_Driver/Src/stm32f4xx_hal_pcd.o
                0x000000000800ad6c                HAL_PCD_Start
 .text.HAL_PCD_IRQHandler
                0x000000000800add2      0x93e ./Drivers/STM32F4xx_HAL_Driver/Src/stm32f4xx_hal_pcd.o
                0x000000000800add2                HAL_PCD_IRQHandler
 .text.HAL_PCD_SetAddress
                0x000000000800b710       0x4a ./Drivers/STM32F4xx_HAL_Driver/Src/stm32f4xx_hal_pcd.o
                0x000000000800b710                HAL_PCD_SetAddress
 .text.HAL_PCD_EP_Open
                0x000000000800b75a       0xd0 ./Drivers/STM32F4xx_HAL_Driver/Src/stm32f4xx_hal_pcd.o
                0x000000000800b75a                HAL_PCD_EP_Open
 .text.HAL_PCD_EP_Close
                0x000000000800b82a       0x94 ./Drivers/STM32F4xx_HAL_Driver/Src/stm32f4xx_hal_pcd.o
                0x000000000800b82a                HAL_PCD_EP_Close
 .text.HAL_PCD_EP_Receive
                0x000000000800b8be       0x96 ./Drivers/STM32F4xx_HAL_Driver/Src/stm32f4xx_hal_pcd.o
                0x000000000800b8be                HAL_PCD_EP_Receive
 .text.HAL_PCD_EP_GetRxCount
                0x000000000800b954       0x30 ./Drivers/STM32F4xx_HAL_Driver/Src/stm32f4xx_hal_pcd.o
                0x000000000800b954                HAL_PCD_EP_GetRxCount
 .text.HAL_PCD_EP_Transmit
                0x000000000800b984       0x94 ./Drivers/STM32F4xx_HAL_Driver/Src/stm32f4xx_hal_pcd.o
                0x000000000800b984                HAL_PCD_EP_Transmit
 .text.HAL_PCD_EP_SetStall
                0x000000000800ba18       0xc8 ./Drivers/STM32F4xx_HAL_Driver/Src/stm32f4xx_hal_pcd.o
                0x000000000800ba18                HAL_PCD_EP_SetStall
 .text.HAL_PCD_EP_ClrStall
                0x000000000800bae0       0xac ./Drivers/STM32F4xx_HAL_Driver/Src/stm32f4xx_hal_pcd.o
                0x000000000800bae0                HAL_PCD_EP_ClrStall
 .text.HAL_PCD_EP_Abort
                0x000000000800bb8c       0x62 ./Drivers/STM32F4xx_HAL_Driver/Src/stm32f4xx_hal_pcd.o
                0x000000000800bb8c                HAL_PCD_EP_Abort
 .text.PCD_WriteEmptyTxFifo
                0x000000000800bbee      0x11a ./Drivers/STM32F4xx_HAL_Driver/Src/stm32f4xx_hal_pcd.o
 .text.PCD_EP_OutXfrComplete_int
                0x000000000800bd08      0x1d0 ./Drivers/STM32F4xx_HAL_Driver/Src/stm32f4xx_hal_pcd.o
 .text.PCD_EP_OutSetupPacket_int
                0x000000000800bed8       0x8c ./Drivers/STM32F4xx_HAL_Driver/Src/stm32f4xx_hal_pcd.o
 .text.HAL_PCDEx_SetTxFiFo
                0x000000000800bf64       0x8e ./Drivers/STM32F4xx_HAL_Driver/Src/stm32f4xx_hal_pcd_ex.o
                0x000000000800bf64                HAL_PCDEx_SetTxFiFo
 .text.HAL_PCDEx_SetRxFiFo
                0x000000000800bff2       0x22 ./Drivers/STM32F4xx_HAL_Driver/Src/stm32f4xx_hal_pcd_ex.o
                0x000000000800bff2                HAL_PCDEx_SetRxFiFo
 .text.HAL_PCDEx_LPM_Callback
                0x000000000800c014       0x18 ./Drivers/STM32F4xx_HAL_Driver/Src/stm32f4xx_hal_pcd_ex.o
                0x000000000800c014                HAL_PCDEx_LPM_Callback
 .text.HAL_PWR_PVD_IRQHandler
                0x000000000800c02c       0x24 ./Drivers/STM32F4xx_HAL_Driver/Src/stm32f4xx_hal_pwr.o
                0x000000000800c02c                HAL_PWR_PVD_IRQHandler
 .text.HAL_PWR_PVDCallback
                0x000000000800c050        0xe ./Drivers/STM32F4xx_HAL_Driver/Src/stm32f4xx_hal_pwr.o
                0x000000000800c050                HAL_PWR_PVDCallback
 *fill*         0x000000000800c05e        0x2 
 .text.HAL_RCC_OscConfig
                0x000000000800c060      0x4f0 ./Drivers/STM32F4xx_HAL_Driver/Src/stm32f4xx_hal_rcc.o
                0x000000000800c060                HAL_RCC_OscConfig
 .text.HAL_RCC_ClockConfig
                0x000000000800c550      0x1cc ./Drivers/STM32F4xx_HAL_Driver/Src/stm32f4xx_hal_rcc.o
                0x000000000800c550                HAL_RCC_ClockConfig
 .text.HAL_RCC_GetSysClockFreq
                0x000000000800c71c      0x18c ./Drivers/STM32F4xx_HAL_Driver/Src/stm32f4xx_hal_rcc.o
                0x000000000800c71c                HAL_RCC_GetSysClockFreq
 .text.HAL_RCC_GetHCLKFreq
                0x000000000800c8a8       0x18 ./Drivers/STM32F4xx_HAL_Driver/Src/stm32f4xx_hal_rcc.o
                0x000000000800c8a8                HAL_RCC_GetHCLKFreq
 .text.HAL_RCC_GetPCLK1Freq
                0x000000000800c8c0       0x28 ./Drivers/STM32F4xx_HAL_Driver/Src/stm32f4xx_hal_rcc.o
                0x000000000800c8c0                HAL_RCC_GetPCLK1Freq
 .text.HAL_RCC_GetPCLK2Freq
                0x000000000800c8e8       0x28 ./Drivers/STM32F4xx_HAL_Driver/Src/stm32f4xx_hal_rcc.o
                0x000000000800c8e8                HAL_RCC_GetPCLK2Freq
 .text.HAL_RCCEx_PeriphCLKConfig
                0x000000000800c910      0x1c4 ./Drivers/STM32F4xx_HAL_Driver/Src/stm32f4xx_hal_rcc_ex.o
                0x000000000800c910                HAL_RCCEx_PeriphCLKConfig
 .text.HAL_RTC_Init
                0x000000000800cad4       0xec ./Drivers/STM32F4xx_HAL_Driver/Src/stm32f4xx_hal_rtc.o
                0x000000000800cad4                HAL_RTC_Init
 .text.HAL_RTC_SetTime
                0x000000000800cbc0      0x134 ./Drivers/STM32F4xx_HAL_Driver/Src/stm32f4xx_hal_rtc.o
                0x000000000800cbc0                HAL_RTC_SetTime
 .text.HAL_RTC_SetDate
                0x000000000800ccf4      0x108 ./Drivers/STM32F4xx_HAL_Driver/Src/stm32f4xx_hal_rtc.o
                0x000000000800ccf4                HAL_RTC_SetDate
 .text.HAL_RTC_WaitForSynchro
                0x000000000800cdfc       0x50 ./Drivers/STM32F4xx_HAL_Driver/Src/stm32f4xx_hal_rtc.o
                0x000000000800cdfc                HAL_RTC_WaitForSynchro
 .text.RTC_EnterInitMode
                0x000000000800ce4c       0x6e ./Drivers/STM32F4xx_HAL_Driver/Src/stm32f4xx_hal_rtc.o
                0x000000000800ce4c                RTC_EnterInitMode
 .text.RTC_ExitInitMode
                0x000000000800ceba       0x4a ./Drivers/STM32F4xx_HAL_Driver/Src/stm32f4xx_hal_rtc.o
                0x000000000800ceba                RTC_ExitInitMode
 .text.RTC_ByteToBcd2
                0x000000000800cf04       0x3a ./Drivers/STM32F4xx_HAL_Driver/Src/stm32f4xx_hal_rtc.o
                0x000000000800cf04                RTC_ByteToBcd2
 .text.HAL_SPI_Init
                0x000000000800cf3e      0x112 ./Drivers/STM32F4xx_HAL_Driver/Src/stm32f4xx_hal_spi.o
                0x000000000800cf3e                HAL_SPI_Init
 .text.HAL_SPI_DeInit
                0x000000000800d050       0x50 ./Drivers/STM32F4xx_HAL_Driver/Src/stm32f4xx_hal_spi.o
                0x000000000800d050                HAL_SPI_DeInit
 .text.HAL_SPI_Transmit
                0x000000000800d0a0      0x278 ./Drivers/STM32F4xx_HAL_Driver/Src/stm32f4xx_hal_spi.o
                0x000000000800d0a0                HAL_SPI_Transmit
 .text.HAL_SPI_Receive
                0x000000000800d318      0x222 ./Drivers/STM32F4xx_HAL_Driver/Src/stm32f4xx_hal_spi.o
                0x000000000800d318                HAL_SPI_Receive
 .text.HAL_SPI_TransmitReceive
                0x000000000800d53a      0x344 ./Drivers/STM32F4xx_HAL_Driver/Src/stm32f4xx_hal_spi.o
                0x000000000800d53a                HAL_SPI_TransmitReceive
 *fill*         0x000000000800d87e        0x2 
 .text.HAL_SPI_IRQHandler
                0x000000000800d880      0x1e8 ./Drivers/STM32F4xx_HAL_Driver/Src/stm32f4xx_hal_spi.o
                0x000000000800d880                HAL_SPI_IRQHandler
 .text.HAL_SPI_ErrorCallback
                0x000000000800da68       0x14 ./Drivers/STM32F4xx_HAL_Driver/Src/stm32f4xx_hal_spi.o
                0x000000000800da68                HAL_SPI_ErrorCallback
 .text.HAL_SPI_GetState
                0x000000000800da7c       0x1c ./Drivers/STM32F4xx_HAL_Driver/Src/stm32f4xx_hal_spi.o
                0x000000000800da7c                HAL_SPI_GetState
 .text.SPI_DMAAbortOnError
                0x000000000800da98       0x28 ./Drivers/STM32F4xx_HAL_Driver/Src/stm32f4xx_hal_spi.o
 .text.SPI_WaitFlagStateUntilTimeout
                0x000000000800dac0      0x110 ./Drivers/STM32F4xx_HAL_Driver/Src/stm32f4xx_hal_spi.o
 .text.SPI_EndRxTransaction
                0x000000000800dbd0       0xca ./Drivers/STM32F4xx_HAL_Driver/Src/stm32f4xx_hal_spi.o
 *fill*         0x000000000800dc9a        0x2 
 .text.SPI_EndRxTxTransaction
                0x000000000800dc9c       0x84 ./Drivers/STM32F4xx_HAL_Driver/Src/stm32f4xx_hal_spi.o
 .text.HAL_UART_Init
                0x000000000800dd20       0x9a ./Drivers/STM32F4xx_HAL_Driver/Src/stm32f4xx_hal_uart.o
                0x000000000800dd20                HAL_UART_Init
 .text.HAL_UART_Transmit
                0x000000000800ddba      0x124 ./Drivers/STM32F4xx_HAL_Driver/Src/stm32f4xx_hal_uart.o
                0x000000000800ddba                HAL_UART_Transmit
 *fill*         0x000000000800dede        0x2 
 .text.HAL_UART_IRQHandler
                0x000000000800dee0      0x51c ./Drivers/STM32F4xx_HAL_Driver/Src/stm32f4xx_hal_uart.o
                0x000000000800dee0                HAL_UART_IRQHandler
 .text.HAL_UART_TxCpltCallback
                0x000000000800e3fc       0x14 ./Drivers/STM32F4xx_HAL_Driver/Src/stm32f4xx_hal_uart.o
                0x000000000800e3fc                HAL_UART_TxCpltCallback
 .text.HAL_UART_RxCpltCallback
                0x000000000800e410       0x14 ./Drivers/STM32F4xx_HAL_Driver/Src/stm32f4xx_hal_uart.o
                0x000000000800e410                HAL_UART_RxCpltCallback
 .text.HAL_UART_ErrorCallback
                0x000000000800e424       0x14 ./Drivers/STM32F4xx_HAL_Driver/Src/stm32f4xx_hal_uart.o
                0x000000000800e424                HAL_UART_ErrorCallback
 .text.HAL_UARTEx_RxEventCallback
                0x000000000800e438       0x18 ./Drivers/STM32F4xx_HAL_Driver/Src/stm32f4xx_hal_uart.o
                0x000000000800e438                HAL_UARTEx_RxEventCallback
 .text.UART_WaitOnFlagUntilTimeout
                0x000000000800e450       0xdc ./Drivers/STM32F4xx_HAL_Driver/Src/stm32f4xx_hal_uart.o
 .text.UART_EndRxTransfer
                0x000000000800e52c       0xc6 ./Drivers/STM32F4xx_HAL_Driver/Src/stm32f4xx_hal_uart.o
 .text.UART_DMAAbortOnError
                0x000000000800e5f2       0x28 ./Drivers/STM32F4xx_HAL_Driver/Src/stm32f4xx_hal_uart.o
 .text.UART_Transmit_IT
                0x000000000800e61a       0xa0 ./Drivers/STM32F4xx_HAL_Driver/Src/stm32f4xx_hal_uart.o
 .text.UART_EndTransmit_IT
                0x000000000800e6ba       0x30 ./Drivers/STM32F4xx_HAL_Driver/Src/stm32f4xx_hal_uart.o
 .text.UART_Receive_IT
                0x000000000800e6ea      0x176 ./Drivers/STM32F4xx_HAL_Driver/Src/stm32f4xx_hal_uart.o
 .text.UART_SetConfig
                0x000000000800e860      0x4e8 ./Drivers/STM32F4xx_HAL_Driver/Src/stm32f4xx_hal_uart.o
 .text.FSMC_NAND_Init
                0x000000000800ed48       0x98 ./Drivers/STM32F4xx_HAL_Driver/Src/stm32f4xx_ll_fsmc.o
                0x000000000800ed48                FSMC_NAND_Init
 .text.FSMC_NAND_CommonSpace_Timing_Init
                0x000000000800ede0       0x6a ./Drivers/STM32F4xx_HAL_Driver/Src/stm32f4xx_ll_fsmc.o
                0x000000000800ede0                FSMC_NAND_CommonSpace_Timing_Init
 .text.FSMC_NAND_AttributeSpace_Timing_Init
                0x000000000800ee4a       0x6a ./Drivers/STM32F4xx_HAL_Driver/Src/stm32f4xx_ll_fsmc.o
                0x000000000800ee4a                FSMC_NAND_AttributeSpace_Timing_Init
 .text.USB_CoreInit
                0x000000000800eeb4       0xc2 ./Drivers/STM32F4xx_HAL_Driver/Src/stm32f4xx_ll_usb.o
                0x000000000800eeb4                USB_CoreInit
 *fill*         0x000000000800ef76        0x2 
 .text.USB_SetTurnaroundTime
                0x000000000800ef78      0x144 ./Drivers/STM32F4xx_HAL_Driver/Src/stm32f4xx_ll_usb.o
                0x000000000800ef78                USB_SetTurnaroundTime
 .text.USB_EnableGlobalInt
                0x000000000800f0bc       0x22 ./Drivers/STM32F4xx_HAL_Driver/Src/stm32f4xx_ll_usb.o
                0x000000000800f0bc                USB_EnableGlobalInt
 .text.USB_DisableGlobalInt
                0x000000000800f0de       0x22 ./Drivers/STM32F4xx_HAL_Driver/Src/stm32f4xx_ll_usb.o
                0x000000000800f0de                USB_DisableGlobalInt
 .text.USB_SetCurrentMode
                0x000000000800f100       0x98 ./Drivers/STM32F4xx_HAL_Driver/Src/stm32f4xx_ll_usb.o
                0x000000000800f100                USB_SetCurrentMode
 .text.USB_DevInit
                0x000000000800f198      0x2c8 ./Drivers/STM32F4xx_HAL_Driver/Src/stm32f4xx_ll_usb.o
                0x000000000800f198                USB_DevInit
 .text.USB_FlushTxFifo
                0x000000000800f460       0x68 ./Drivers/STM32F4xx_HAL_Driver/Src/stm32f4xx_ll_usb.o
                0x000000000800f460                USB_FlushTxFifo
 .text.USB_FlushRxFifo
                0x000000000800f4c8       0x60 ./Drivers/STM32F4xx_HAL_Driver/Src/stm32f4xx_ll_usb.o
                0x000000000800f4c8                USB_FlushRxFifo
 .text.USB_SetDevSpeed
                0x000000000800f528       0x32 ./Drivers/STM32F4xx_HAL_Driver/Src/stm32f4xx_ll_usb.o
                0x000000000800f528                USB_SetDevSpeed
 .text.USB_GetDevSpeed
                0x000000000800f55a       0x4a ./Drivers/STM32F4xx_HAL_Driver/Src/stm32f4xx_ll_usb.o
                0x000000000800f55a                USB_GetDevSpeed
 .text.USB_ActivateEndpoint
                0x000000000800f5a4      0x10e ./Drivers/STM32F4xx_HAL_Driver/Src/stm32f4xx_ll_usb.o
                0x000000000800f5a4                USB_ActivateEndpoint
 *fill*         0x000000000800f6b2        0x2 
 .text.USB_DeactivateEndpoint
                0x000000000800f6b4      0x1b8 ./Drivers/STM32F4xx_HAL_Driver/Src/stm32f4xx_ll_usb.o
                0x000000000800f6b4                USB_DeactivateEndpoint
 .text.USB_EPStartXfer
                0x000000000800f86c      0x490 ./Drivers/STM32F4xx_HAL_Driver/Src/stm32f4xx_ll_usb.o
                0x000000000800f86c                USB_EPStartXfer
 .text.USB_EP0StartXfer
                0x000000000800fcfc      0x2b0 ./Drivers/STM32F4xx_HAL_Driver/Src/stm32f4xx_ll_usb.o
                0x000000000800fcfc                USB_EP0StartXfer
 .text.USB_EPStopXfer
                0x000000000800ffac      0x154 ./Drivers/STM32F4xx_HAL_Driver/Src/stm32f4xx_ll_usb.o
                0x000000000800ffac                USB_EPStopXfer
 .text.USB_WritePacket
                0x0000000008010100       0x7c ./Drivers/STM32F4xx_HAL_Driver/Src/stm32f4xx_ll_usb.o
                0x0000000008010100                USB_WritePacket
 .text.USB_ReadPacket
                0x000000000801017c       0xb0 ./Drivers/STM32F4xx_HAL_Driver/Src/stm32f4xx_ll_usb.o
                0x000000000801017c                USB_ReadPacket
 .text.USB_EPSetStall
                0x000000000801022c       0xdc ./Drivers/STM32F4xx_HAL_Driver/Src/stm32f4xx_ll_usb.o
                0x000000000801022c                USB_EPSetStall
 .text.USB_EPClearStall
                0x0000000008010308       0xcc ./Drivers/STM32F4xx_HAL_Driver/Src/stm32f4xx_ll_usb.o
                0x0000000008010308                USB_EPClearStall
 .text.USB_SetDevAddress
                0x00000000080103d4       0x4c ./Drivers/STM32F4xx_HAL_Driver/Src/stm32f4xx_ll_usb.o
                0x00000000080103d4                USB_SetDevAddress
 .text.USB_DevConnect
                0x0000000008010420       0x42 ./Drivers/STM32F4xx_HAL_Driver/Src/stm32f4xx_ll_usb.o
                0x0000000008010420                USB_DevConnect
 .text.USB_DevDisconnect
                0x0000000008010462       0x42 ./Drivers/STM32F4xx_HAL_Driver/Src/stm32f4xx_ll_usb.o
                0x0000000008010462                USB_DevDisconnect
 .text.USB_ReadInterrupts
                0x00000000080104a4       0x26 ./Drivers/STM32F4xx_HAL_Driver/Src/stm32f4xx_ll_usb.o
                0x00000000080104a4                USB_ReadInterrupts
 .text.USB_ReadDevAllOutEpInterrupt
                0x00000000080104ca       0x34 ./Drivers/STM32F4xx_HAL_Driver/Src/stm32f4xx_ll_usb.o
                0x00000000080104ca                USB_ReadDevAllOutEpInterrupt
 .text.USB_ReadDevAllInEpInterrupt
                0x00000000080104fe       0x34 ./Drivers/STM32F4xx_HAL_Driver/Src/stm32f4xx_ll_usb.o
                0x00000000080104fe                USB_ReadDevAllInEpInterrupt
 .text.USB_ReadDevOutEPInterrupt
                0x0000000008010532       0x3c ./Drivers/STM32F4xx_HAL_Driver/Src/stm32f4xx_ll_usb.o
                0x0000000008010532                USB_ReadDevOutEPInterrupt
 .text.USB_ReadDevInEPInterrupt
                0x000000000801056e       0x5c ./Drivers/STM32F4xx_HAL_Driver/Src/stm32f4xx_ll_usb.o
                0x000000000801056e                USB_ReadDevInEPInterrupt
 .text.USB_GetMode
                0x00000000080105ca       0x1c ./Drivers/STM32F4xx_HAL_Driver/Src/stm32f4xx_ll_usb.o
                0x00000000080105ca                USB_GetMode
 .text.USB_ActivateSetup
                0x00000000080105e6       0x46 ./Drivers/STM32F4xx_HAL_Driver/Src/stm32f4xx_ll_usb.o
                0x00000000080105e6                USB_ActivateSetup
 .text.USB_EP0_OutStart
                0x000000000801062c       0xbc ./Drivers/STM32F4xx_HAL_Driver/Src/stm32f4xx_ll_usb.o
                0x000000000801062c                USB_EP0_OutStart
 .text.USB_CoreReset
                0x00000000080106e8       0x68 ./Drivers/STM32F4xx_HAL_Driver/Src/stm32f4xx_ll_usb.o
 .text.USBD_CDC_Init
                0x0000000008010750      0x1f0 ./Middlewares/ST/STM32_USB_Device_Library/Class/CDC/Src/usbd_cdc.o
 .text.USBD_CDC_DeInit
                0x0000000008010940      0x104 ./Middlewares/ST/STM32_USB_Device_Library/Class/CDC/Src/usbd_cdc.o
 .text.USBD_CDC_Setup
                0x0000000008010a44      0x1b8 ./Middlewares/ST/STM32_USB_Device_Library/Class/CDC/Src/usbd_cdc.o
 .text.USBD_CDC_DataIn
                0x0000000008010bfc       0xfe ./Middlewares/ST/STM32_USB_Device_Library/Class/CDC/Src/usbd_cdc.o
 .text.USBD_CDC_DataOut
                0x0000000008010cfa       0x70 ./Middlewares/ST/STM32_USB_Device_Library/Class/CDC/Src/usbd_cdc.o
 .text.USBD_CDC_EP0_RxReady
                0x0000000008010d6a       0x76 ./Middlewares/ST/STM32_USB_Device_Library/Class/CDC/Src/usbd_cdc.o
 .text.USBD_CDC_GetFSCfgDesc
                0x0000000008010de0       0x70 ./Middlewares/ST/STM32_USB_Device_Library/Class/CDC/Src/usbd_cdc.o
 .text.USBD_CDC_GetHSCfgDesc
                0x0000000008010e50       0x70 ./Middlewares/ST/STM32_USB_Device_Library/Class/CDC/Src/usbd_cdc.o
 .text.USBD_CDC_GetOtherSpeedCfgDesc
                0x0000000008010ec0       0x70 ./Middlewares/ST/STM32_USB_Device_Library/Class/CDC/Src/usbd_cdc.o
 .text.USBD_CDC_GetDeviceQualifierDescriptor
                0x0000000008010f30       0x20 ./Middlewares/ST/STM32_USB_Device_Library/Class/CDC/Src/usbd_cdc.o
                0x0000000008010f30                USBD_CDC_GetDeviceQualifierDescriptor
 .text.USBD_CDC_RegisterInterface
                0x0000000008010f50       0x34 ./Middlewares/ST/STM32_USB_Device_Library/Class/CDC/Src/usbd_cdc.o
                0x0000000008010f50                USBD_CDC_RegisterInterface
 .text.USBD_CDC_SetTxBuffer
                0x0000000008010f84       0x44 ./Middlewares/ST/STM32_USB_Device_Library/Class/CDC/Src/usbd_cdc.o
                0x0000000008010f84                USBD_CDC_SetTxBuffer
 .text.USBD_CDC_SetRxBuffer
                0x0000000008010fc8       0x3a ./Middlewares/ST/STM32_USB_Device_Library/Class/CDC/Src/usbd_cdc.o
                0x0000000008010fc8                USBD_CDC_SetRxBuffer
 *fill*         0x0000000008011002        0x2 
 .text.USBD_CDC_TransmitPacket
                0x0000000008011004       0x8c ./Middlewares/ST/STM32_USB_Device_Library/Class/CDC/Src/usbd_cdc.o
                0x0000000008011004                USBD_CDC_TransmitPacket
 .text.USBD_CDC_ReceivePacket
                0x0000000008011090       0x6c ./Middlewares/ST/STM32_USB_Device_Library/Class/CDC/Src/usbd_cdc.o
                0x0000000008011090                USBD_CDC_ReceivePacket
 .text.USBD_Init
                0x00000000080110fc       0x60 ./Middlewares/ST/STM32_USB_Device_Library/Core/Src/usbd_core.o
                0x00000000080110fc                USBD_Init
 .text.USBD_RegisterClass
                0x000000000801115c       0x6c ./Middlewares/ST/STM32_USB_Device_Library/Core/Src/usbd_core.o
                0x000000000801115c                USBD_RegisterClass
 .text.USBD_Start
                0x00000000080111c8       0x18 ./Middlewares/ST/STM32_USB_Device_Library/Core/Src/usbd_core.o
                0x00000000080111c8                USBD_Start
 .text.USBD_RunTestMode
                0x00000000080111e0       0x16 ./Middlewares/ST/STM32_USB_Device_Library/Core/Src/usbd_core.o
                0x00000000080111e0                USBD_RunTestMode
 .text.USBD_SetClassConfig
                0x00000000080111f6       0x38 ./Middlewares/ST/STM32_USB_Device_Library/Core/Src/usbd_core.o
                0x00000000080111f6                USBD_SetClassConfig
 .text.USBD_ClrClassConfig
                0x000000000801122e       0x34 ./Middlewares/ST/STM32_USB_Device_Library/Core/Src/usbd_core.o
                0x000000000801122e                USBD_ClrClassConfig
 .text.USBD_LL_SetupStage
                0x0000000008011262       0xaa ./Middlewares/ST/STM32_USB_Device_Library/Core/Src/usbd_core.o
                0x0000000008011262                USBD_LL_SetupStage
 .text.USBD_LL_DataOutStage
                0x000000000801130c      0x166 ./Middlewares/ST/STM32_USB_Device_Library/Core/Src/usbd_core.o
                0x000000000801130c                USBD_LL_DataOutStage
 .text.USBD_LL_DataInStage
                0x0000000008011472      0x164 ./Middlewares/ST/STM32_USB_Device_Library/Core/Src/usbd_core.o
                0x0000000008011472                USBD_LL_DataInStage
 .text.USBD_LL_Reset
                0x00000000080115d6       0xa4 ./Middlewares/ST/STM32_USB_Device_Library/Core/Src/usbd_core.o
                0x00000000080115d6                USBD_LL_Reset
 .text.USBD_LL_SetSpeed
                0x000000000801167a       0x20 ./Middlewares/ST/STM32_USB_Device_Library/Core/Src/usbd_core.o
                0x000000000801167a                USBD_LL_SetSpeed
 .text.USBD_LL_Suspend
                0x000000000801169a       0x2c ./Middlewares/ST/STM32_USB_Device_Library/Core/Src/usbd_core.o
                0x000000000801169a                USBD_LL_Suspend
 .text.USBD_LL_Resume
                0x00000000080116c6       0x30 ./Middlewares/ST/STM32_USB_Device_Library/Core/Src/usbd_core.o
                0x00000000080116c6                USBD_LL_Resume
 .text.USBD_LL_SOF
                0x00000000080116f6       0x40 ./Middlewares/ST/STM32_USB_Device_Library/Core/Src/usbd_core.o
                0x00000000080116f6                USBD_LL_SOF
 .text.USBD_LL_IsoINIncomplete
                0x0000000008011736       0x64 ./Middlewares/ST/STM32_USB_Device_Library/Core/Src/usbd_core.o
                0x0000000008011736                USBD_LL_IsoINIncomplete
 .text.USBD_LL_IsoOUTIncomplete
                0x000000000801179a       0x64 ./Middlewares/ST/STM32_USB_Device_Library/Core/Src/usbd_core.o
                0x000000000801179a                USBD_LL_IsoOUTIncomplete
 .text.USBD_LL_DevConnected
                0x00000000080117fe       0x16 ./Middlewares/ST/STM32_USB_Device_Library/Core/Src/usbd_core.o
                0x00000000080117fe                USBD_LL_DevConnected
 .text.USBD_LL_DevDisconnected
                0x0000000008011814       0x46 ./Middlewares/ST/STM32_USB_Device_Library/Core/Src/usbd_core.o
                0x0000000008011814                USBD_LL_DevDisconnected
 .text.USBD_CoreFindIF
                0x000000000801185a       0x1a ./Middlewares/ST/STM32_USB_Device_Library/Core/Src/usbd_core.o
                0x000000000801185a                USBD_CoreFindIF
 .text.USBD_CoreFindEP
                0x0000000008011874       0x1a ./Middlewares/ST/STM32_USB_Device_Library/Core/Src/usbd_core.o
                0x0000000008011874                USBD_CoreFindEP
 .text.USBD_GetEpDesc
                0x000000000801188e       0x74 ./Middlewares/ST/STM32_USB_Device_Library/Core/Src/usbd_core.o
                0x000000000801188e                USBD_GetEpDesc
 .text.USBD_GetNextDesc
                0x0000000008011902       0x3a ./Middlewares/ST/STM32_USB_Device_Library/Core/Src/usbd_core.o
                0x0000000008011902                USBD_GetNextDesc
 .text.SWAPBYTE
                0x000000000801193c       0x3c ./Middlewares/ST/STM32_USB_Device_Library/Core/Src/usbd_ctlreq.o
 .text.USBD_StdDevReq
                0x0000000008011978       0xe4 ./Middlewares/ST/STM32_USB_Device_Library/Core/Src/usbd_ctlreq.o
                0x0000000008011978                USBD_StdDevReq
 .text.USBD_StdItfReq
                0x0000000008011a5c       0xd8 ./Middlewares/ST/STM32_USB_Device_Library/Core/Src/usbd_ctlreq.o
                0x0000000008011a5c                USBD_StdItfReq
 .text.USBD_StdEPReq
                0x0000000008011b34      0x33a ./Middlewares/ST/STM32_USB_Device_Library/Core/Src/usbd_ctlreq.o
                0x0000000008011b34                USBD_StdEPReq
 *fill*         0x0000000008011e6e        0x2 
 .text.USBD_GetDescriptor
                0x0000000008011e70      0x2d4 ./Middlewares/ST/STM32_USB_Device_Library/Core/Src/usbd_ctlreq.o
 .text.USBD_SetAddress
                0x0000000008012144       0x88 ./Middlewares/ST/STM32_USB_Device_Library/Core/Src/usbd_ctlreq.o
 .text.USBD_SetConfig
                0x00000000080121cc      0x154 ./Middlewares/ST/STM32_USB_Device_Library/Core/Src/usbd_ctlreq.o
 .text.USBD_GetConfig
                0x0000000008012320       0x6c ./Middlewares/ST/STM32_USB_Device_Library/Core/Src/usbd_ctlreq.o
 .text.USBD_GetStatus
                0x000000000801238c       0x68 ./Middlewares/ST/STM32_USB_Device_Library/Core/Src/usbd_ctlreq.o
 .text.USBD_SetFeature
                0x00000000080123f4       0x52 ./Middlewares/ST/STM32_USB_Device_Library/Core/Src/usbd_ctlreq.o
 .text.USBD_ClrFeature
                0x0000000008012446       0x44 ./Middlewares/ST/STM32_USB_Device_Library/Core/Src/usbd_ctlreq.o
 .text.USBD_ParseSetupRequest
                0x000000000801248a       0x74 ./Middlewares/ST/STM32_USB_Device_Library/Core/Src/usbd_ctlreq.o
                0x000000000801248a                USBD_ParseSetupRequest
 .text.USBD_CtlError
                0x00000000080124fe       0x22 ./Middlewares/ST/STM32_USB_Device_Library/Core/Src/usbd_ctlreq.o
                0x00000000080124fe                USBD_CtlError
 .text.USBD_GetString
                0x0000000008012520       0x8c ./Middlewares/ST/STM32_USB_Device_Library/Core/Src/usbd_ctlreq.o
                0x0000000008012520                USBD_GetString
 .text.USBD_GetLen
                0x00000000080125ac       0x34 ./Middlewares/ST/STM32_USB_Device_Library/Core/Src/usbd_ctlreq.o
 .text.USBD_CtlSendData
                0x00000000080125e0       0x36 ./Middlewares/ST/STM32_USB_Device_Library/Core/Src/usbd_ioreq.o
                0x00000000080125e0                USBD_CtlSendData
 .text.USBD_CtlContinueSendData
                0x0000000008012616       0x22 ./Middlewares/ST/STM32_USB_Device_Library/Core/Src/usbd_ioreq.o
                0x0000000008012616                USBD_CtlContinueSendData
 .text.USBD_CtlPrepareRx
                0x0000000008012638       0x3a ./Middlewares/ST/STM32_USB_Device_Library/Core/Src/usbd_ioreq.o
                0x0000000008012638                USBD_CtlPrepareRx
 .text.USBD_CtlContinueRx
                0x0000000008012672       0x22 ./Middlewares/ST/STM32_USB_Device_Library/Core/Src/usbd_ioreq.o
                0x0000000008012672                USBD_CtlContinueRx
 .text.USBD_CtlSendStatus
                0x0000000008012694       0x26 ./Middlewares/ST/STM32_USB_Device_Library/Core/Src/usbd_ioreq.o
                0x0000000008012694                USBD_CtlSendStatus
 .text.USBD_CtlReceiveStatus
                0x00000000080126ba       0x26 ./Middlewares/ST/STM32_USB_Device_Library/Core/Src/usbd_ioreq.o
                0x00000000080126ba                USBD_CtlReceiveStatus
 .text.USBD_GetRxCount
                0x00000000080126e0       0x20 ./Middlewares/ST/STM32_USB_Device_Library/Core/Src/usbd_ioreq.o
                0x00000000080126e0                USBD_GetRxCount
 .text.MX_USB_DEVICE_Init
                0x0000000008012700       0xb4 ./USB_DEVICE/App/usb_device.o
                0x0000000008012700                MX_USB_DEVICE_Init
 .text.CDC_Init_FS
                0x00000000080127b4       0x28 ./USB_DEVICE/App/usbd_cdc_if.o
 .text.CDC_DeInit_FS
                0x00000000080127dc       0x10 ./USB_DEVICE/App/usbd_cdc_if.o
 .text.CDC_Control_FS
                0x00000000080127ec       0xbc ./USB_DEVICE/App/usbd_cdc_if.o
 .text.CDC_Receive_FS
                0x00000000080128a8       0x28 ./USB_DEVICE/App/usbd_cdc_if.o
 .text.CDC_TransmitCplt_FS
                0x00000000080128d0       0x22 ./USB_DEVICE/App/usbd_cdc_if.o
 *fill*         0x00000000080128f2        0x2 
 .text.CDC_Init_HS
                0x00000000080128f4       0x28 ./USB_DEVICE/App/usbd_cdc_if.o
 .text.CDC_DeInit_HS
                0x000000000801291c       0x10 ./USB_DEVICE/App/usbd_cdc_if.o
 .text.CDC_Control_HS
                0x000000000801292c       0xbc ./USB_DEVICE/App/usbd_cdc_if.o
 .text.CDC_Receive_HS
                0x00000000080129e8       0x30 ./USB_DEVICE/App/usbd_cdc_if.o
 .text.CDC_Transmit_HS
                0x0000000008012a18       0x54 ./USB_DEVICE/App/usbd_cdc_if.o
                0x0000000008012a18                CDC_Transmit_HS
 .text.CDC_TransmitCplt_HS
                0x0000000008012a6c       0x2c ./USB_DEVICE/App/usbd_cdc_if.o
 .text.USBD_HS_DeviceDescriptor
                0x0000000008012a98       0x24 ./USB_DEVICE/App/usbd_desc.o
                0x0000000008012a98                USBD_HS_DeviceDescriptor
 .text.USBD_HS_LangIDStrDescriptor
                0x0000000008012abc       0x24 ./USB_DEVICE/App/usbd_desc.o
                0x0000000008012abc                USBD_HS_LangIDStrDescriptor
 .text.USBD_HS_ProductStrDescriptor
                0x0000000008012ae0       0x3c ./USB_DEVICE/App/usbd_desc.o
                0x0000000008012ae0                USBD_HS_ProductStrDescriptor
 .text.USBD_HS_ManufacturerStrDescriptor
                0x0000000008012b1c       0x28 ./USB_DEVICE/App/usbd_desc.o
                0x0000000008012b1c                USBD_HS_ManufacturerStrDescriptor
 .text.USBD_HS_SerialStrDescriptor
                0x0000000008012b44       0x24 ./USB_DEVICE/App/usbd_desc.o
                0x0000000008012b44                USBD_HS_SerialStrDescriptor
 .text.USBD_HS_ConfigStrDescriptor
                0x0000000008012b68       0x3c ./USB_DEVICE/App/usbd_desc.o
                0x0000000008012b68                USBD_HS_ConfigStrDescriptor
 .text.USBD_HS_InterfaceStrDescriptor
                0x0000000008012ba4       0x3c ./USB_DEVICE/App/usbd_desc.o
                0x0000000008012ba4                USBD_HS_InterfaceStrDescriptor
 .text.USBD_FS_DeviceDescriptor
                0x0000000008012be0       0x24 ./USB_DEVICE/App/usbd_desc.o
                0x0000000008012be0                USBD_FS_DeviceDescriptor
 .text.USBD_FS_LangIDStrDescriptor
                0x0000000008012c04       0x24 ./USB_DEVICE/App/usbd_desc.o
                0x0000000008012c04                USBD_FS_LangIDStrDescriptor
 .text.USBD_FS_ProductStrDescriptor
                0x0000000008012c28       0x3c ./USB_DEVICE/App/usbd_desc.o
                0x0000000008012c28                USBD_FS_ProductStrDescriptor
 .text.USBD_FS_ManufacturerStrDescriptor
                0x0000000008012c64       0x28 ./USB_DEVICE/App/usbd_desc.o
                0x0000000008012c64                USBD_FS_ManufacturerStrDescriptor
 .text.USBD_FS_SerialStrDescriptor
                0x0000000008012c8c       0x24 ./USB_DEVICE/App/usbd_desc.o
                0x0000000008012c8c                USBD_FS_SerialStrDescriptor
 .text.USBD_FS_ConfigStrDescriptor
                0x0000000008012cb0       0x3c ./USB_DEVICE/App/usbd_desc.o
                0x0000000008012cb0                USBD_FS_ConfigStrDescriptor
 .text.USBD_FS_InterfaceStrDescriptor
                0x0000000008012cec       0x3c ./USB_DEVICE/App/usbd_desc.o
                0x0000000008012cec                USBD_FS_InterfaceStrDescriptor
 .text.Get_SerialNum
                0x0000000008012d28       0x38 ./USB_DEVICE/App/usbd_desc.o
 .text.IntToUnicode
                0x0000000008012d60       0x7e ./USB_DEVICE/App/usbd_desc.o
 *fill*         0x0000000008012dde        0x2 
 .text.HAL_PCD_MspInit
                0x0000000008012de0      0x1b0 ./USB_DEVICE/Target/usbd_conf.o
                0x0000000008012de0                HAL_PCD_MspInit
 .text.HAL_PCD_SetupStageCallback
                0x0000000008012f90       0x24 ./USB_DEVICE/Target/usbd_conf.o
                0x0000000008012f90                HAL_PCD_SetupStageCallback
 .text.HAL_PCD_DataOutStageCallback
                0x0000000008012fb4       0x36 ./USB_DEVICE/Target/usbd_conf.o
                0x0000000008012fb4                HAL_PCD_DataOutStageCallback
 .text.HAL_PCD_DataInStageCallback
                0x0000000008012fea       0x34 ./USB_DEVICE/Target/usbd_conf.o
                0x0000000008012fea                HAL_PCD_DataInStageCallback
 .text.HAL_PCD_SOFCallback
                0x000000000801301e       0x1c ./USB_DEVICE/Target/usbd_conf.o
                0x000000000801301e                HAL_PCD_SOFCallback
 .text.HAL_PCD_ResetCallback
                0x000000000801303a       0x50 ./USB_DEVICE/Target/usbd_conf.o
                0x000000000801303a                HAL_PCD_ResetCallback
 *fill*         0x000000000801308a        0x2 
 .text.HAL_PCD_SuspendCallback
                0x000000000801308c       0x4c ./USB_DEVICE/Target/usbd_conf.o
                0x000000000801308c                HAL_PCD_SuspendCallback
 .text.HAL_PCD_ResumeCallback
                0x00000000080130d8       0x1c ./USB_DEVICE/Target/usbd_conf.o
                0x00000000080130d8                HAL_PCD_ResumeCallback
 .text.HAL_PCD_ISOOUTIncompleteCallback
                0x00000000080130f4       0x24 ./USB_DEVICE/Target/usbd_conf.o
                0x00000000080130f4                HAL_PCD_ISOOUTIncompleteCallback
 .text.HAL_PCD_ISOINIncompleteCallback
                0x0000000008013118       0x24 ./USB_DEVICE/Target/usbd_conf.o
                0x0000000008013118                HAL_PCD_ISOINIncompleteCallback
 .text.HAL_PCD_ConnectCallback
                0x000000000801313c       0x1c ./USB_DEVICE/Target/usbd_conf.o
                0x000000000801313c                HAL_PCD_ConnectCallback
 .text.HAL_PCD_DisconnectCallback
                0x0000000008013158       0x1c ./USB_DEVICE/Target/usbd_conf.o
                0x0000000008013158                HAL_PCD_DisconnectCallback
 .text.USBD_LL_Init
                0x0000000008013174      0x12c ./USB_DEVICE/Target/usbd_conf.o
                0x0000000008013174                USBD_LL_Init
 .text.USBD_LL_Start
                0x00000000080132a0       0x36 ./USB_DEVICE/Target/usbd_conf.o
                0x00000000080132a0                USBD_LL_Start
 .text.USBD_LL_OpenEP
                0x00000000080132d6       0x4c ./USB_DEVICE/Target/usbd_conf.o
                0x00000000080132d6                USBD_LL_OpenEP
 .text.USBD_LL_CloseEP
                0x0000000008013322       0x3e ./USB_DEVICE/Target/usbd_conf.o
                0x0000000008013322                USBD_LL_CloseEP
 .text.USBD_LL_StallEP
                0x0000000008013360       0x3e ./USB_DEVICE/Target/usbd_conf.o
                0x0000000008013360                USBD_LL_StallEP
 .text.USBD_LL_ClearStallEP
                0x000000000801339e       0x3e ./USB_DEVICE/Target/usbd_conf.o
                0x000000000801339e                USBD_LL_ClearStallEP
 .text.USBD_LL_IsStallEP
                0x00000000080133dc       0x58 ./USB_DEVICE/Target/usbd_conf.o
                0x00000000080133dc                USBD_LL_IsStallEP
 .text.USBD_LL_SetUSBAddress
                0x0000000008013434       0x3e ./USB_DEVICE/Target/usbd_conf.o
                0x0000000008013434                USBD_LL_SetUSBAddress
 .text.USBD_LL_Transmit
                0x0000000008013472       0x42 ./USB_DEVICE/Target/usbd_conf.o
                0x0000000008013472                USBD_LL_Transmit
 .text.USBD_LL_PrepareReceive
                0x00000000080134b4       0x42 ./USB_DEVICE/Target/usbd_conf.o
                0x00000000080134b4                USBD_LL_PrepareReceive
 .text.USBD_LL_GetRxDataSize
                0x00000000080134f6       0x26 ./USB_DEVICE/Target/usbd_conf.o
                0x00000000080134f6                USBD_LL_GetRxDataSize
 .text.USBD_static_malloc
                0x000000000801351c       0x1c ./USB_DEVICE/Target/usbd_conf.o
                0x000000000801351c                USBD_static_malloc
 .text.USBD_static_free
                0x0000000008013538       0x14 ./USB_DEVICE/Target/usbd_conf.o
                0x0000000008013538                USBD_static_free
 .text.USBD_Get_USB_Status
                0x000000000801354c       0x58 ./USB_DEVICE/Target/usbd_conf.o
                0x000000000801354c                USBD_Get_USB_Status
 .text.std      0x00000000080135a4       0x6c C:/ST/STM32CubeIDE_1.13.2/STM32CubeIDE/plugins/com.st.stm32cube.ide.mcu.externaltools.gnu-tools-for-stm32.11.3.rel1.win32_1.1.1.202309131626/tools/bin/../lib/gcc/arm-none-eabi/11.3.1/../../../../arm-none-eabi/lib/thumb/v7e-m+fp/hard\libc_nano.a(libc_a-findfp.o)
 .text.stdio_exit_handler
                0x0000000008013610       0x18 C:/ST/STM32CubeIDE_1.13.2/STM32CubeIDE/plugins/com.st.stm32cube.ide.mcu.externaltools.gnu-tools-for-stm32.11.3.rel1.win32_1.1.1.202309131626/tools/bin/../lib/gcc/arm-none-eabi/11.3.1/../../../../arm-none-eabi/lib/thumb/v7e-m+fp/hard\libc_nano.a(libc_a-findfp.o)
 .text.cleanup_stdio
                0x0000000008013628       0x40 C:/ST/STM32CubeIDE_1.13.2/STM32CubeIDE/plugins/com.st.stm32cube.ide.mcu.externaltools.gnu-tools-for-stm32.11.3.rel1.win32_1.1.1.202309131626/tools/bin/../lib/gcc/arm-none-eabi/11.3.1/../../../../arm-none-eabi/lib/thumb/v7e-m+fp/hard\libc_nano.a(libc_a-findfp.o)
 .text.global_stdio_init.part.0
                0x0000000008013668       0x3c C:/ST/STM32CubeIDE_1.13.2/STM32CubeIDE/plugins/com.st.stm32cube.ide.mcu.externaltools.gnu-tools-for-stm32.11.3.rel1.win32_1.1.1.202309131626/tools/bin/../lib/gcc/arm-none-eabi/11.3.1/../../../../arm-none-eabi/lib/thumb/v7e-m+fp/hard\libc_nano.a(libc_a-findfp.o)
 .text.__sfp_lock_acquire
                0x00000000080136a4        0xc C:/ST/STM32CubeIDE_1.13.2/STM32CubeIDE/plugins/com.st.stm32cube.ide.mcu.externaltools.gnu-tools-for-stm32.11.3.rel1.win32_1.1.1.202309131626/tools/bin/../lib/gcc/arm-none-eabi/11.3.1/../../../../arm-none-eabi/lib/thumb/v7e-m+fp/hard\libc_nano.a(libc_a-findfp.o)
                0x00000000080136a4                __sfp_lock_acquire
 .text.__sfp_lock_release
                0x00000000080136b0        0xc C:/ST/STM32CubeIDE_1.13.2/STM32CubeIDE/plugins/com.st.stm32cube.ide.mcu.externaltools.gnu-tools-for-stm32.11.3.rel1.win32_1.1.1.202309131626/tools/bin/../lib/gcc/arm-none-eabi/11.3.1/../../../../arm-none-eabi/lib/thumb/v7e-m+fp/hard\libc_nano.a(libc_a-findfp.o)
                0x00000000080136b0                __sfp_lock_release
 .text.__sinit  0x00000000080136bc       0x30 C:/ST/STM32CubeIDE_1.13.2/STM32CubeIDE/plugins/com.st.stm32cube.ide.mcu.externaltools.gnu-tools-for-stm32.11.3.rel1.win32_1.1.1.202309131626/tools/bin/../lib/gcc/arm-none-eabi/11.3.1/../../../../arm-none-eabi/lib/thumb/v7e-m+fp/hard\libc_nano.a(libc_a-findfp.o)
                0x00000000080136bc                __sinit
 .text._fwalk_sglue
                0x00000000080136ec       0x3c C:/ST/STM32CubeIDE_1.13.2/STM32CubeIDE/plugins/com.st.stm32cube.ide.mcu.externaltools.gnu-tools-for-stm32.11.3.rel1.win32_1.1.1.202309131626/tools/bin/../lib/gcc/arm-none-eabi/11.3.1/../../../../arm-none-eabi/lib/thumb/v7e-m+fp/hard\libc_nano.a(libc_a-fwalk.o)
                0x00000000080136ec                _fwalk_sglue
 .text.printf   0x0000000008013728       0x24 C:/ST/STM32CubeIDE_1.13.2/STM32CubeIDE/plugins/com.st.stm32cube.ide.mcu.externaltools.gnu-tools-for-stm32.11.3.rel1.win32_1.1.1.202309131626/tools/bin/../lib/gcc/arm-none-eabi/11.3.1/../../../../arm-none-eabi/lib/thumb/v7e-m+fp/hard\libc_nano.a(libc_a-printf.o)
                0x0000000008013728                iprintf
                0x0000000008013728                printf
 .text._puts_r  0x000000000801374c       0xa8 C:/ST/STM32CubeIDE_1.13.2/STM32CubeIDE/plugins/com.st.stm32cube.ide.mcu.externaltools.gnu-tools-for-stm32.11.3.rel1.win32_1.1.1.202309131626/tools/bin/../lib/gcc/arm-none-eabi/11.3.1/../../../../arm-none-eabi/lib/thumb/v7e-m+fp/hard\libc_nano.a(libc_a-puts.o)
                0x000000000801374c                _puts_r
 .text.puts     0x00000000080137f4       0x10 C:/ST/STM32CubeIDE_1.13.2/STM32CubeIDE/plugins/com.st.stm32cube.ide.mcu.externaltools.gnu-tools-for-stm32.11.3.rel1.win32_1.1.1.202309131626/tools/bin/../lib/gcc/arm-none-eabi/11.3.1/../../../../arm-none-eabi/lib/thumb/v7e-m+fp/hard\libc_nano.a(libc_a-puts.o)
                0x00000000080137f4                puts
 .text.__sread  0x0000000008013804       0x22 C:/ST/STM32CubeIDE_1.13.2/STM32CubeIDE/plugins/com.st.stm32cube.ide.mcu.externaltools.gnu-tools-for-stm32.11.3.rel1.win32_1.1.1.202309131626/tools/bin/../lib/gcc/arm-none-eabi/11.3.1/../../../../arm-none-eabi/lib/thumb/v7e-m+fp/hard\libc_nano.a(libc_a-stdio.o)
                0x0000000008013804                __sread
 .text.__swrite
                0x0000000008013826       0x38 C:/ST/STM32CubeIDE_1.13.2/STM32CubeIDE/plugins/com.st.stm32cube.ide.mcu.externaltools.gnu-tools-for-stm32.11.3.rel1.win32_1.1.1.202309131626/tools/bin/../lib/gcc/arm-none-eabi/11.3.1/../../../../arm-none-eabi/lib/thumb/v7e-m+fp/hard\libc_nano.a(libc_a-stdio.o)
                0x0000000008013826                __swrite
 .text.__sseek  0x000000000801385e       0x24 C:/ST/STM32CubeIDE_1.13.2/STM32CubeIDE/plugins/com.st.stm32cube.ide.mcu.externaltools.gnu-tools-for-stm32.11.3.rel1.win32_1.1.1.202309131626/tools/bin/../lib/gcc/arm-none-eabi/11.3.1/../../../../arm-none-eabi/lib/thumb/v7e-m+fp/hard\libc_nano.a(libc_a-stdio.o)
                0x000000000801385e                __sseek
 .text.__sclose
                0x0000000008013882        0x8 C:/ST/STM32CubeIDE_1.13.2/STM32CubeIDE/plugins/com.st.stm32cube.ide.mcu.externaltools.gnu-tools-for-stm32.11.3.rel1.win32_1.1.1.202309131626/tools/bin/../lib/gcc/arm-none-eabi/11.3.1/../../../../arm-none-eabi/lib/thumb/v7e-m+fp/hard\libc_nano.a(libc_a-stdio.o)
                0x0000000008013882                __sclose
 .text.__swbuf_r
                0x000000000801388a       0x7a C:/ST/STM32CubeIDE_1.13.2/STM32CubeIDE/plugins/com.st.stm32cube.ide.mcu.externaltools.gnu-tools-for-stm32.11.3.rel1.win32_1.1.1.202309131626/tools/bin/../lib/gcc/arm-none-eabi/11.3.1/../../../../arm-none-eabi/lib/thumb/v7e-m+fp/hard\libc_nano.a(libc_a-wbuf.o)
                0x000000000801388a                __swbuf_r
 .text.__swsetup_r
                0x0000000008013904       0xb0 C:/ST/STM32CubeIDE_1.13.2/STM32CubeIDE/plugins/com.st.stm32cube.ide.mcu.externaltools.gnu-tools-for-stm32.11.3.rel1.win32_1.1.1.202309131626/tools/bin/../lib/gcc/arm-none-eabi/11.3.1/../../../../arm-none-eabi/lib/thumb/v7e-m+fp/hard\libc_nano.a(libc_a-wsetup.o)
                0x0000000008013904                __swsetup_r
 .text.memset   0x00000000080139b4       0x10 C:/ST/STM32CubeIDE_1.13.2/STM32CubeIDE/plugins/com.st.stm32cube.ide.mcu.externaltools.gnu-tools-for-stm32.11.3.rel1.win32_1.1.1.202309131626/tools/bin/../lib/gcc/arm-none-eabi/11.3.1/../../../../arm-none-eabi/lib/thumb/v7e-m+fp/hard\libc_nano.a(libc_a-memset.o)
                0x00000000080139b4                memset
 .text._close_r
                0x00000000080139c4       0x20 C:/ST/STM32CubeIDE_1.13.2/STM32CubeIDE/plugins/com.st.stm32cube.ide.mcu.externaltools.gnu-tools-for-stm32.11.3.rel1.win32_1.1.1.202309131626/tools/bin/../lib/gcc/arm-none-eabi/11.3.1/../../../../arm-none-eabi/lib/thumb/v7e-m+fp/hard\libc_nano.a(libc_a-closer.o)
                0x00000000080139c4                _close_r
 .text._lseek_r
                0x00000000080139e4       0x24 C:/ST/STM32CubeIDE_1.13.2/STM32CubeIDE/plugins/com.st.stm32cube.ide.mcu.externaltools.gnu-tools-for-stm32.11.3.rel1.win32_1.1.1.202309131626/tools/bin/../lib/gcc/arm-none-eabi/11.3.1/../../../../arm-none-eabi/lib/thumb/v7e-m+fp/hard\libc_nano.a(libc_a-lseekr.o)
                0x00000000080139e4                _lseek_r
 .text._read_r  0x0000000008013a08       0x24 C:/ST/STM32CubeIDE_1.13.2/STM32CubeIDE/plugins/com.st.stm32cube.ide.mcu.externaltools.gnu-tools-for-stm32.11.3.rel1.win32_1.1.1.202309131626/tools/bin/../lib/gcc/arm-none-eabi/11.3.1/../../../../arm-none-eabi/lib/thumb/v7e-m+fp/hard\libc_nano.a(libc_a-readr.o)
                0x0000000008013a08                _read_r
 .text._write_r
                0x0000000008013a2c       0x24 C:/ST/STM32CubeIDE_1.13.2/STM32CubeIDE/plugins/com.st.stm32cube.ide.mcu.externaltools.gnu-tools-for-stm32.11.3.rel1.win32_1.1.1.202309131626/tools/bin/../lib/gcc/arm-none-eabi/11.3.1/../../../../arm-none-eabi/lib/thumb/v7e-m+fp/hard\libc_nano.a(libc_a-writer.o)
                0x0000000008013a2c                _write_r
 .text.__errno  0x0000000008013a50        0xc C:/ST/STM32CubeIDE_1.13.2/STM32CubeIDE/plugins/com.st.stm32cube.ide.mcu.externaltools.gnu-tools-for-stm32.11.3.rel1.win32_1.1.1.202309131626/tools/bin/../lib/gcc/arm-none-eabi/11.3.1/../../../../arm-none-eabi/lib/thumb/v7e-m+fp/hard\libc_nano.a(libc_a-errno.o)
                0x0000000008013a50                __errno
 .text.__libc_init_array
                0x0000000008013a5c       0x48 C:/ST/STM32CubeIDE_1.13.2/STM32CubeIDE/plugins/com.st.stm32cube.ide.mcu.externaltools.gnu-tools-for-stm32.11.3.rel1.win32_1.1.1.202309131626/tools/bin/../lib/gcc/arm-none-eabi/11.3.1/../../../../arm-none-eabi/lib/thumb/v7e-m+fp/hard\libc_nano.a(libc_a-init.o)
                0x0000000008013a5c                __libc_init_array
 .text.__retarget_lock_init_recursive
                0x0000000008013aa4        0x2 C:/ST/STM32CubeIDE_1.13.2/STM32CubeIDE/plugins/com.st.stm32cube.ide.mcu.externaltools.gnu-tools-for-stm32.11.3.rel1.win32_1.1.1.202309131626/tools/bin/../lib/gcc/arm-none-eabi/11.3.1/../../../../arm-none-eabi/lib/thumb/v7e-m+fp/hard\libc_nano.a(libc_a-lock.o)
                0x0000000008013aa4                __retarget_lock_init_recursive
 .text.__retarget_lock_acquire_recursive
                0x0000000008013aa6        0x2 C:/ST/STM32CubeIDE_1.13.2/STM32CubeIDE/plugins/com.st.stm32cube.ide.mcu.externaltools.gnu-tools-for-stm32.11.3.rel1.win32_1.1.1.202309131626/tools/bin/../lib/gcc/arm-none-eabi/11.3.1/../../../../arm-none-eabi/lib/thumb/v7e-m+fp/hard\libc_nano.a(libc_a-lock.o)
                0x0000000008013aa6                __retarget_lock_acquire_recursive
 .text.__retarget_lock_release_recursive
                0x0000000008013aa8        0x2 C:/ST/STM32CubeIDE_1.13.2/STM32CubeIDE/plugins/com.st.stm32cube.ide.mcu.externaltools.gnu-tools-for-stm32.11.3.rel1.win32_1.1.1.202309131626/tools/bin/../lib/gcc/arm-none-eabi/11.3.1/../../../../arm-none-eabi/lib/thumb/v7e-m+fp/hard\libc_nano.a(libc_a-lock.o)
                0x0000000008013aa8                __retarget_lock_release_recursive
 .text.memcpy   0x0000000008013aaa       0x1c C:/ST/STM32CubeIDE_1.13.2/STM32CubeIDE/plugins/com.st.stm32cube.ide.mcu.externaltools.gnu-tools-for-stm32.11.3.rel1.win32_1.1.1.202309131626/tools/bin/../lib/gcc/arm-none-eabi/11.3.1/../../../../arm-none-eabi/lib/thumb/v7e-m+fp/hard\libc_nano.a(libc_a-memcpy-stub.o)
                0x0000000008013aaa                memcpy
 *fill*         0x0000000008013ac6        0x2 
 .text._free_r  0x0000000008013ac8       0x98 C:/ST/STM32CubeIDE_1.13.2/STM32CubeIDE/plugins/com.st.stm32cube.ide.mcu.externaltools.gnu-tools-for-stm32.11.3.rel1.win32_1.1.1.202309131626/tools/bin/../lib/gcc/arm-none-eabi/11.3.1/../../../../arm-none-eabi/lib/thumb/v7e-m+fp/hard\libc_nano.a(libc_a-freer.o)
                0x0000000008013ac8                _free_r
 .text.sbrk_aligned
                0x0000000008013b60       0x40 C:/ST/STM32CubeIDE_1.13.2/STM32CubeIDE/plugins/com.st.stm32cube.ide.mcu.externaltools.gnu-tools-for-stm32.11.3.rel1.win32_1.1.1.202309131626/tools/bin/../lib/gcc/arm-none-eabi/11.3.1/../../../../arm-none-eabi/lib/thumb/v7e-m+fp/hard\libc_nano.a(libc_a-mallocr.o)
 .text._malloc_r
                0x0000000008013ba0      0x100 C:/ST/STM32CubeIDE_1.13.2/STM32CubeIDE/plugins/com.st.stm32cube.ide.mcu.externaltools.gnu-tools-for-stm32.11.3.rel1.win32_1.1.1.202309131626/tools/bin/../lib/gcc/arm-none-eabi/11.3.1/../../../../arm-none-eabi/lib/thumb/v7e-m+fp/hard\libc_nano.a(libc_a-mallocr.o)
                0x0000000008013ba0                _malloc_r
 .text.__malloc_lock
                0x0000000008013ca0        0xc C:/ST/STM32CubeIDE_1.13.2/STM32CubeIDE/plugins/com.st.stm32cube.ide.mcu.externaltools.gnu-tools-for-stm32.11.3.rel1.win32_1.1.1.202309131626/tools/bin/../lib/gcc/arm-none-eabi/11.3.1/../../../../arm-none-eabi/lib/thumb/v7e-m+fp/hard\libc_nano.a(libc_a-mlock.o)
                0x0000000008013ca0                __malloc_lock
 .text.__malloc_unlock
                0x0000000008013cac        0xc C:/ST/STM32CubeIDE_1.13.2/STM32CubeIDE/plugins/com.st.stm32cube.ide.mcu.externaltools.gnu-tools-for-stm32.11.3.rel1.win32_1.1.1.202309131626/tools/bin/../lib/gcc/arm-none-eabi/11.3.1/../../../../arm-none-eabi/lib/thumb/v7e-m+fp/hard\libc_nano.a(libc_a-mlock.o)
                0x0000000008013cac                __malloc_unlock
 .text.__sfputc_r
                0x0000000008013cb8       0x2e C:/ST/STM32CubeIDE_1.13.2/STM32CubeIDE/plugins/com.st.stm32cube.ide.mcu.externaltools.gnu-tools-for-stm32.11.3.rel1.win32_1.1.1.202309131626/tools/bin/../lib/gcc/arm-none-eabi/11.3.1/../../../../arm-none-eabi/lib/thumb/v7e-m+fp/hard\libc_nano.a(libc_a-nano-vfprintf.o)
 .text.__sfputs_r
                0x0000000008013ce6       0x24 C:/ST/STM32CubeIDE_1.13.2/STM32CubeIDE/plugins/com.st.stm32cube.ide.mcu.externaltools.gnu-tools-for-stm32.11.3.rel1.win32_1.1.1.202309131626/tools/bin/../lib/gcc/arm-none-eabi/11.3.1/../../../../arm-none-eabi/lib/thumb/v7e-m+fp/hard\libc_nano.a(libc_a-nano-vfprintf.o)
                0x0000000008013ce6                __sfputs_r
 *fill*         0x0000000008013d0a        0x2 
 .text._vfprintf_r