09:14:15 **** Incremental Build of configuration Debug for project programmer ****
make -j8 all 
arm-none-eabi-gcc "../Core/Src/system_stm32f4xx.c" -mcpu=cortex-m4 -std=gnu11 -g3 -DDEBUG -DUSE_HAL_DRIVER -DSTM32F407xx -c -I../Core/Inc -I../USB_DEVICE/App -I../USB_DEVICE/Target -I../Drivers/STM32F4xx_HAL_Driver/Inc -I../Drivers/STM32F4xx_HAL_Driver/Inc/Legacy -I../Middlewares/ST/STM32_USB_Device_Library/Core/Inc -I../Middlewares/ST/STM32_USB_Device_Library/Class/CDC/Inc -I../Drivers/CMSIS/Device/ST/STM32F4xx/Include -I../Drivers/CMSIS/Include -O0 -ffunction-sections -fdata-sections -Wall -fstack-usage -fcyclomatic-complexity -MMD -MP -MF"Core/Src/system_stm32f4xx.d" -MT"Core/Src/system_stm32f4xx.o" --specs=nano.specs -mfpu=fpv4-sp-d16 -mfloat-abi=hard -mthumb -o "Core/Src/system_stm32f4xx.o"
arm-none-eabi-gcc -o "programmer.elf" @"objects.list"   -mcpu=cortex-m4 -T"D:\CUBE_NANDO_HAL\CUBE_NANDO_HAL\programmer\STM32F407VETX_FLASH.ld" --specs=nosys.specs -Wl,-Map="programmer.map" -Wl,--gc-sections -static --specs=nano.specs -mfpu=fpv4-sp-d16 -mfloat-abi=hard -mthumb -Wl,--start-group -lc -lm -Wl,--end-group
Finished building target: programmer.elf
 
arm-none-eabi-size   programmer.elf 
arm-none-eabi-objdump -h -S  programmer.elf  > "programmer.list"
   text	   data	    bss	    dec	    hex	filename
  70264	    728	  40064	 111056	  1b1d0	programmer.elf
Finished building: default.size.stdout
 
Finished building: programmer.list
 

09:14:23 Build Finished. 0 errors, 0 warnings. (took 7s.563ms)

