01:00:13 **** Incremental Build of configuration Debug for project programmer0 ****
make -j8 all 
arm-none-eabi-gcc "../USB_DEVICE/App/usbd_cdc_if.c" -mcpu=cortex-m4 -std=gnu11 -g3 -DDEBUG -DUSE_HAL_DRIVER -DSTM32F407xx -c -I../Core/Inc -I../USB_DEVICE/App -I../USB_DEVICE/Target -I../Drivers/STM32F4xx_HAL_Driver/Inc -I../Drivers/STM32F4xx_HAL_Driver/Inc/Legacy -I../Middlewares/ST/STM32_USB_Device_Library/Core/Inc -I../Middlewares/ST/STM32_USB_Device_Library/Class/CDC/Inc -I../Drivers/CMSIS/Device/ST/STM32F4xx/Include -I../Drivers/CMSIS/Include -O0 -ffunction-sections -fdata-sections -Wall -fstack-usage -fcyclomatic-complexity -MMD -MP -MF"USB_DEVICE/App/usbd_cdc_if.d" -MT"USB_DEVICE/App/usbd_cdc_if.o" --specs=nano.specs -mfpu=fpv4-sp-d16 -mfloat-abi=hard -mthumb -o "USB_DEVICE/App/usbd_cdc_if.o"
../USB_DEVICE/App/usbd_cdc_if.c: In function 'CDC_Receive_HS':
../USB_DEVICE/App/usbd_cdc_if.c:460:3: warning: implicit declaration of function 'CDC_Receive_handler'; did you mean 'CDC_Receive_HS'? [-Wimplicit-function-declaration]
  460 |   CDC_Receive_handler(Buf, Len);
      |   ^~~~~~~~~~~~~~~~~~~
      |   CDC_Receive_HS
arm-none-eabi-gcc -o "programmer0.elf" @"objects.list"   -mcpu=cortex-m4 -T"D:\CUBE_NANDO_HAL\CUBE_NANDO_HAL\programmer0\STM32F407VETX_FLASH.ld" --specs=nosys.specs -Wl,-Map="programmer0.map" -Wl,--gc-sections -static --specs=nano.specs -mfpu=fpv4-sp-d16 -mfloat-abi=hard -mthumb -Wl,--start-group -lc -lm -Wl,--end-group
Finished building target: programmer0.elf
 
arm-none-eabi-size   programmer0.elf 
arm-none-eabi-objdump -h -S  programmer0.elf  > "programmer0.list"
   text	   data	    bss	    dec	    hex	filename
  70608	    732	  40080	 111420	  1b33c	programmer0.elf
Finished building: default.size.stdout
 
Finished building: programmer0.list
 

01:00:15 Build Finished. 0 errors, 1 warnings. (took 1s.169ms)

